PyTorch: 2.9.1 CUDA: True GPU: NVIDIA L40S
Starting 02_lr_0p02 at Wed Oct  7 17:46:28 MDT 2026; output: /scratch/mmoslem3/MKDT/results_mina_sweep/02_lr_0p02/job_1364747
Command: python3 OT-SSL-DD/mina_IF.py --data_path /scratch/mmoslem3/data --save_path /scratch/mmoslem3/MKDT/results_mina_sweep/02_lr_0p02/job_1364747 --device cuda --lr_img 0.02 --batch_real 1024 --num_random_networks 20 --temperature 0.2 --distill_aug_strategy color_crop_cutout_flip_scale_rotate --ssl_aug_strategy color_crop_cutout_flip_scale_rotate 
Cleared all previous files from /scratch/mmoslem3/MKDT/results_mina_sweep/02_lr_0p02/job_1364747
Initializing 500 synthetic prototypes via DeepCluster K-Means on ConvNet...
Hyper-parameters: 
 {'dataset': 'CIFAR10', 'percentage': 1.0, 'data_path': '/scratch/mmoslem3/data', 'device': 'cuda', 'seed': 0, 'Iteration': 2000, 'lr_img': 0.02, 'batch_real': 1024, 'num_random_networks': 20, 'temperature': 0.2, 'random_models': 'ConvNet', 'tv_weight': 0.01, 'distill_aug_strategy': 'color_crop_cutout_flip_scale_rotate', 'distill_aug_mode': 'S', 'model': 'ConvNet', 'lr_net': 0.01, 'batch_train': 256, 'ssl_method': 'simclr', 'ssl_aug_strategy': 'color_crop_cutout_flip_scale_rotate', 'projection_dim': 128, 'barlow_lambda': 0.005, 'eval_mode': 'S', 'num_eval': 3, 'epoch_eval_train': 1200, 'label_percentage': 1.0, 'epoch_linear_train': 200, 'lr_linear': 0.1, 'batch_linear': 256, 'save_path': '/scratch/mmoslem3/MKDT/results_mina_sweep/02_lr_0p02/job_1364747', 'method': 'InformationTheoretic_IIC', 'dsa_param': <utils.ParamDiffAug object at 0x762a81084890>, 'dsa': False}
P_net support: ConvNet
Objective: Maximize IIC Mutual Information with TV Regularization and Asymmetric Augmentation.
-------------------------
Evaluation
model_train = ConvNet, model_eval = ConvNet, iteration = 0
[2026-10-07 17:48:51] Evaluate_SSL_00: method = simclr ssl epoch = 1200 linear epoch = 0200 labeled = 1.00% train time = 52 s ssl loss = 1.657395 train loss = 0.012907 train acc = 1.0000, test acc = 0.3880
[2026-10-07 17:49:45] Evaluate_SSL_01: method = simclr ssl epoch = 1200 linear epoch = 0200 labeled = 1.00% train time = 52 s ssl loss = 1.676046 train loss = 0.011806 train acc = 1.0000, test acc = 0.3953
[2026-10-07 17:50:38] Evaluate_SSL_02: method = simclr ssl epoch = 1200 linear epoch = 0200 labeled = 1.00% train time = 52 s ssl loss = 1.648159 train loss = 0.010374 train acc = 1.0000, test acc = 0.3722
Evaluate 3 random ConvNet, mean = 0.3852 std = 0.0096
-------------------------
[2026-10-07 17:50:38] distillation begins
[2026-10-07 17:51:30] iter = 00050, neg_MI = -0.011543, pixel drift RMS = 20.86231/255, PNG values changed = 97.21582%, lr = 0.0200
[2026-10-07 17:52:22] iter = 00100, neg_MI = -0.019076, pixel drift RMS = 38.16915/255, PNG values changed = 98.13008%, lr = 0.0199
[2026-10-07 17:53:14] iter = 00150, neg_MI = -0.022593, pixel drift RMS = 48.24368/255, PNG values changed = 98.50833%, lr = 0.0198
[2026-10-07 17:54:07] iter = 00200, neg_MI = -0.021495, pixel drift RMS = 53.79300/255, PNG values changed = 98.70247%, lr = 0.0196
[2026-10-07 17:54:59] iter = 00250, neg_MI = -0.024060, pixel drift RMS = 56.99328/255, PNG values changed = 98.81139%, lr = 0.0194
-------------------------
Evaluation
model_train = ConvNet, model_eval = ConvNet, iteration = 250
[2026-10-07 17:55:53] Evaluate_SSL_00: method = simclr ssl epoch = 1200 linear epoch = 0200 labeled = 1.00% train time = 52 s ssl loss = 2.150022 train loss = 0.013714 train acc = 1.0000, test acc = 0.4076
[2026-10-07 17:56:47] Evaluate_SSL_01: method = simclr ssl epoch = 1200 linear epoch = 0200 labeled = 1.00% train time = 52 s ssl loss = 2.074216 train loss = 0.010477 train acc = 1.0000, test acc = 0.4178
[2026-10-07 17:57:41] Evaluate_SSL_02: method = simclr ssl epoch = 1200 linear epoch = 0200 labeled = 1.00% train time = 53 s ssl loss = 2.157729 train loss = 0.014796 train acc = 1.0000, test acc = 0.3875
Evaluate 3 random ConvNet, mean = 0.4043 std = 0.0126
-------------------------
[2026-10-07 17:58:34] iter = 00300, neg_MI = -0.026077, pixel drift RMS = 59.10193/255, PNG values changed = 98.89922%, lr = 0.0192
[2026-10-07 17:59:27] iter = 00350, neg_MI = -0.023467, pixel drift RMS = 60.63659/255, PNG values changed = 98.95501%, lr = 0.0189
[2026-10-07 18:00:20] iter = 00400, neg_MI = -0.028233, pixel drift RMS = 61.76798/255, PNG values changed = 98.97422%, lr = 0.0186
[2026-10-07 18:01:12] iter = 00450, neg_MI = -0.024794, pixel drift RMS = 62.68996/255, PNG values changed = 98.98183%, lr = 0.0182
[2026-10-07 18:02:05] iter = 00500, neg_MI = -0.024857, pixel drift RMS = 63.36194/255, PNG values changed = 99.01257%, lr = 0.0178
-------------------------
Evaluation
model_train = ConvNet, model_eval = ConvNet, iteration = 500
[2026-10-07 18:02:59] Evaluate_SSL_00: method = simclr ssl epoch = 1200 linear epoch = 0200 labeled = 1.00% train time = 52 s ssl loss = 2.352611 train loss = 0.014995 train acc = 1.0000, test acc = 0.3973
[2026-10-07 18:03:53] Evaluate_SSL_01: method = simclr ssl epoch = 1200 linear epoch = 0200 labeled = 1.00% train time = 52 s ssl loss = 2.205799 train loss = 0.008904 train acc = 1.0000, test acc = 0.4127
[2026-10-07 18:04:47] Evaluate_SSL_02: method = simclr ssl epoch = 1200 linear epoch = 0200 labeled = 1.00% train time = 52 s ssl loss = 2.376781 train loss = 0.014037 train acc = 1.0000, test acc = 0.3823
Evaluate 3 random ConvNet, mean = 0.3974 std = 0.0124
-------------------------
[2026-10-07 18:05:39] iter = 00550, neg_MI = -0.024646, pixel drift RMS = 63.88552/255, PNG values changed = 99.04101%, lr = 0.0174
[2026-10-07 18:06:31] iter = 00600, neg_MI = -0.022726, pixel drift RMS = 64.36208/255, PNG values changed = 99.03711%, lr = 0.0169
[2026-10-07 18:07:24] iter = 00650, neg_MI = -0.025441, pixel drift RMS = 64.79331/255, PNG values changed = 99.05371%, lr = 0.0164
[2026-10-07 18:08:17] iter = 00700, neg_MI = -0.023010, pixel drift RMS = 65.14168/255, PNG values changed = 99.06152%, lr = 0.0159
[2026-10-07 18:09:10] iter = 00750, neg_MI = -0.027318, pixel drift RMS = 65.44709/255, PNG values changed = 99.06582%, lr = 0.0154
-------------------------
Evaluation
model_train = ConvNet, model_eval = ConvNet, iteration = 750
[2026-10-07 18:10:04] Evaluate_SSL_00: method = simclr ssl epoch = 1200 linear epoch = 0200 labeled = 1.00% train time = 52 s ssl loss = 2.417874 train loss = 0.017298 train acc = 1.0000, test acc = 0.3861
[2026-10-07 18:10:57] Evaluate_SSL_01: method = simclr ssl epoch = 1200 linear epoch = 0200 labeled = 1.00% train time = 52 s ssl loss = 2.563650 train loss = 0.015722 train acc = 1.0000, test acc = 0.3951
[2026-10-07 18:11:51] Evaluate_SSL_02: method = simclr ssl epoch = 1200 linear epoch = 0200 labeled = 1.00% train time = 52 s ssl loss = 2.325947 train loss = 0.011995 train acc = 1.0000, test acc = 0.3587
Evaluate 3 random ConvNet, mean = 0.3800 std = 0.0155
-------------------------
[2026-10-07 18:12:44] iter = 00800, neg_MI = -0.026301, pixel drift RMS = 65.72729/255, PNG values changed = 99.06406%, lr = 0.0148
[2026-10-07 18:13:37] iter = 00850, neg_MI = -0.026464, pixel drift RMS = 65.97581/255, PNG values changed = 99.08450%, lr = 0.0143
[2026-10-07 18:14:30] iter = 00900, neg_MI = -0.025776, pixel drift RMS = 66.21117/255, PNG values changed = 99.09251%, lr = 0.0137
[2026-10-07 18:15:23] iter = 00950, neg_MI = -0.021987, pixel drift RMS = 66.40677/255, PNG values changed = 99.10293%, lr = 0.0131
[2026-10-07 18:16:15] iter = 01000, neg_MI = -0.024133, pixel drift RMS = 66.59363/255, PNG values changed = 99.11120%, lr = 0.0125
-------------------------
Evaluation
model_train = ConvNet, model_eval = ConvNet, iteration = 1000
[2026-10-07 18:17:09] Evaluate_SSL_00: method = simclr ssl epoch = 1200 linear epoch = 0200 labeled = 1.00% train time = 52 s ssl loss = 2.669063 train loss = 0.018221 train acc = 1.0000, test acc = 0.3804
[2026-10-07 18:18:03] Evaluate_SSL_01: method = simclr ssl epoch = 1200 linear epoch = 0200 labeled = 1.00% train time = 52 s ssl loss = 2.555763 train loss = 0.013412 train acc = 1.0000, test acc = 0.3909
[2026-10-07 18:18:57] Evaluate_SSL_02: method = simclr ssl epoch = 1200 linear epoch = 0200 labeled = 1.00% train time = 52 s ssl loss = 2.509678 train loss = 0.016969 train acc = 1.0000, test acc = 0.3675
Evaluate 3 random ConvNet, mean = 0.3796 std = 0.0096
-------------------------
[2026-10-07 18:19:50] iter = 01050, neg_MI = -0.022654, pixel drift RMS = 66.77552/255, PNG values changed = 99.11947%, lr = 0.0119
[2026-10-07 18:20:42] iter = 01100, neg_MI = -0.025718, pixel drift RMS = 66.93388/255, PNG values changed = 99.13242%, lr = 0.0113
[2026-10-07 18:21:35] iter = 01150, neg_MI = -0.024815, pixel drift RMS = 67.08006/255, PNG values changed = 99.11699%, lr = 0.0107
[2026-10-07 18:22:28] iter = 01200, neg_MI = -0.028369, pixel drift RMS = 67.20695/255, PNG values changed = 99.13594%, lr = 0.0102
[2026-10-07 18:23:21] iter = 01250, neg_MI = -0.025085, pixel drift RMS = 67.34843/255, PNG values changed = 99.12682%, lr = 0.0096
-------------------------
Evaluation
model_train = ConvNet, model_eval = ConvNet, iteration = 1250
[2026-10-07 18:24:15] Evaluate_SSL_00: method = simclr ssl epoch = 1200 linear epoch = 0200 labeled = 1.00% train time = 52 s ssl loss = 2.585289 train loss = 0.018277 train acc = 1.0000, test acc = 0.3707
[2026-10-07 18:25:09] Evaluate_SSL_01: method = simclr ssl epoch = 1200 linear epoch = 0200 labeled = 1.00% train time = 52 s ssl loss = 3.027045 train loss = 0.016960 train acc = 1.0000, test acc = 0.3754
[2026-10-07 18:26:03] Evaluate_SSL_02: method = simclr ssl epoch = 1200 linear epoch = 0200 labeled = 1.00% train time = 53 s ssl loss = 3.167570 train loss = 0.017262 train acc = 1.0000, test acc = 0.3424
Evaluate 3 random ConvNet, mean = 0.3628 std = 0.0146
-------------------------
[2026-10-07 18:26:56] iter = 01300, neg_MI = -0.023070, pixel drift RMS = 67.45864/255, PNG values changed = 99.13874%, lr = 0.0091
[2026-10-07 18:27:49] iter = 01350, neg_MI = -0.025177, pixel drift RMS = 67.56204/255, PNG values changed = 99.14349%, lr = 0.0086
[2026-10-07 18:28:41] iter = 01400, neg_MI = -0.024138, pixel drift RMS = 67.65113/255, PNG values changed = 99.13580%, lr = 0.0081
[2026-10-07 18:29:33] iter = 01450, neg_MI = -0.030404, pixel drift RMS = 67.74561/255, PNG values changed = 99.13060%, lr = 0.0076
[2026-10-07 18:30:27] iter = 01500, neg_MI = -0.026863, pixel drift RMS = 67.82280/255, PNG values changed = 99.14954%, lr = 0.0072
-------------------------
Evaluation
model_train = ConvNet, model_eval = ConvNet, iteration = 1500
[2026-10-07 18:31:21] Evaluate_SSL_00: method = simclr ssl epoch = 1200 linear epoch = 0200 labeled = 1.00% train time = 52 s ssl loss = 2.737597 train loss = 0.016730 train acc = 1.0000, test acc = 0.3539
[2026-10-07 18:32:15] Evaluate_SSL_01: method = simclr ssl epoch = 1200 linear epoch = 0200 labeled = 1.00% train time = 52 s ssl loss = 2.430346 train loss = 0.013917 train acc = 1.0000, test acc = 0.3964
[2026-10-07 18:33:09] Evaluate_SSL_02: method = simclr ssl epoch = 1200 linear epoch = 0200 labeled = 1.00% train time = 53 s ssl loss = 3.383555 train loss = 0.015746 train acc = 1.0000, test acc = 0.3519
Evaluate 3 random ConvNet, mean = 0.3674 std = 0.0205
-------------------------
[2026-10-07 18:34:01] iter = 01550, neg_MI = -0.024500, pixel drift RMS = 67.89918/255, PNG values changed = 99.13477%, lr = 0.0068
[2026-10-07 18:34:54] iter = 01600, neg_MI = -0.023767, pixel drift RMS = 67.96338/255, PNG values changed = 99.13145%, lr = 0.0064
[2026-10-07 18:35:47] iter = 01650, neg_MI = -0.027318, pixel drift RMS = 68.03722/255, PNG values changed = 99.15143%, lr = 0.0061
[2026-10-07 18:36:40] iter = 01700, neg_MI = -0.026349, pixel drift RMS = 68.09038/255, PNG values changed = 99.14557%, lr = 0.0058
[2026-10-07 18:37:32] iter = 01750, neg_MI = -0.023307, pixel drift RMS = 68.15031/255, PNG values changed = 99.14778%, lr = 0.0056
-------------------------
Evaluation
model_train = ConvNet, model_eval = ConvNet, iteration = 1750
[2026-10-07 18:38:26] Evaluate_SSL_00: method = simclr ssl epoch = 1200 linear epoch = 0200 labeled = 1.00% train time = 53 s ssl loss = 2.496436 train loss = 0.017795 train acc = 1.0000, test acc = 0.3672
[2026-10-07 18:39:20] Evaluate_SSL_01: method = simclr ssl epoch = 1200 linear epoch = 0200 labeled = 1.00% train time = 52 s ssl loss = 3.366589 train loss = 0.020335 train acc = 1.0000, test acc = 0.3611
[2026-10-07 18:40:14] Evaluate_SSL_02: method = simclr ssl epoch = 1200 linear epoch = 0200 labeled = 1.00% train time = 53 s ssl loss = 3.114619 train loss = 0.012478 train acc = 1.0000, test acc = 0.3571
Evaluate 3 random ConvNet, mean = 0.3618 std = 0.0042
-------------------------
[2026-10-07 18:41:07] iter = 01800, neg_MI = -0.023763, pixel drift RMS = 68.20651/255, PNG values changed = 99.13854%, lr = 0.0054
[2026-10-07 18:41:59] iter = 01850, neg_MI = -0.028185, pixel drift RMS = 68.26384/255, PNG values changed = 99.14765%, lr = 0.0052
[2026-10-07 18:42:52] iter = 01900, neg_MI = -0.026531, pixel drift RMS = 68.30985/255, PNG values changed = 99.14349%, lr = 0.0051
[2026-10-07 18:43:45] iter = 01950, neg_MI = -0.027038, pixel drift RMS = 68.35389/255, PNG values changed = 99.15059%, lr = 0.0050
[2026-10-07 18:44:38] iter = 02000, neg_MI = -0.024024, pixel drift RMS = 68.40526/255, PNG values changed = 99.14446%, lr = 0.0050
-------------------------
Evaluation
model_train = ConvNet, model_eval = ConvNet, iteration = 2000
[2026-10-07 18:45:32] Evaluate_SSL_00: method = simclr ssl epoch = 1200 linear epoch = 0200 labeled = 1.00% train time = 52 s ssl loss = 2.945340 train loss = 0.018210 train acc = 1.0000, test acc = 0.3560
[2026-10-07 18:46:25] Evaluate_SSL_01: method = simclr ssl epoch = 1200 linear epoch = 0200 labeled = 1.00% train time = 52 s ssl loss = 3.367860 train loss = 0.018862 train acc = 1.0000, test acc = 0.3715
[2026-10-07 18:47:19] Evaluate_SSL_02: method = simclr ssl epoch = 1200 linear epoch = 0200 labeled = 1.00% train time = 52 s ssl loss = 3.743097 train loss = 0.016387 train acc = 1.0000, test acc = 0.3437
Evaluate 3 random ConvNet, mean = 0.3571 std = 0.0114
-------------------------
Saved synthetic data to /scratch/mmoslem3/MKDT/results_mina_sweep/02_lr_0p02/job_1364747/res_IIC_CIFAR10_ConvNet_1percent.pt
Finished 02_lr_0p02 at Wed Oct  7 18:47:20 MDT 2026
