RUN source=TinyImageNet target=CIFAR10 seed=0 labels=500 accuracy=33.7200% seconds=1.9
RUN source=TinyImageNet target=CIFAR10 seed=1 labels=500 accuracy=29.9700% seconds=0.8
RUN source=TinyImageNet target=CIFAR10 seed=2 labels=500 accuracy=31.2300% seconds=0.8
RUN source=TinyImageNet target=CIFAR10 seed=3 labels=500 accuracy=31.8500% seconds=0.8
RUN source=TinyImageNet target=CIFAR10 seed=4 labels=500 accuracy=31.2300% seconds=0.8
RUN source=TinyImageNet target=CIFAR10 seed=5 labels=500 accuracy=32.3900% seconds=0.8
RUN source=TinyImageNet target=CIFAR10 seed=6 labels=500 accuracy=31.0900% seconds=0.8
RUN source=TinyImageNet target=CIFAR10 seed=7 labels=500 accuracy=31.0500% seconds=0.8
RUN source=TinyImageNet target=CIFAR10 seed=8 labels=500 accuracy=31.4000% seconds=0.8
RUN source=TinyImageNet target=CIFAR10 seed=9 labels=500 accuracy=31.9700% seconds=0.8
COMPLETE source=TinyImageNet target=CIFAR10 n=10 mean=31.5900 std=0.9916425660517945
RUN source=TinyImageNet target=CIFAR10 seed=0 labels=2500 accuracy=37.6500% seconds=1.9
RUN source=TinyImageNet target=CIFAR10 seed=1 labels=2500 accuracy=36.3200% seconds=1.6
RUN source=TinyImageNet target=CIFAR10 seed=2 labels=2500 accuracy=37.5600% seconds=1.6
RUN source=TinyImageNet target=CIFAR10 seed=3 labels=2500 accuracy=37.5400% seconds=1.6
RUN source=TinyImageNet target=CIFAR10 seed=4 labels=2500 accuracy=37.1200% seconds=1.6
RUN source=TinyImageNet target=CIFAR10 seed=5 labels=2500 accuracy=38.2300% seconds=1.6
RUN source=TinyImageNet target=CIFAR10 seed=6 labels=2500 accuracy=37.9100% seconds=1.6
RUN source=TinyImageNet target=CIFAR10 seed=7 labels=2500 accuracy=36.1700% seconds=1.6
RUN source=TinyImageNet target=CIFAR10 seed=8 labels=2500 accuracy=37.3800% seconds=1.6
RUN source=TinyImageNet target=CIFAR10 seed=9 labels=2500 accuracy=36.6000% seconds=1.6
COMPLETE source=TinyImageNet target=CIFAR10 n=10 mean=37.2480 std=0.6850593958924867
RUN source=TinyImageNet target=CIFAR100 seed=0 labels=500 accuracy=5.6000% seconds=1.2
RUN source=TinyImageNet target=CIFAR100 seed=1 labels=500 accuracy=6.0600% seconds=0.8
RUN source=TinyImageNet target=CIFAR100 seed=2 labels=500 accuracy=6.1000% seconds=0.8
RUN source=TinyImageNet target=CIFAR100 seed=3 labels=500 accuracy=5.1800% seconds=0.8
RUN source=TinyImageNet target=CIFAR100 seed=4 labels=500 accuracy=5.7100% seconds=0.8
RUN source=TinyImageNet target=CIFAR100 seed=5 labels=500 accuracy=5.8500% seconds=0.8
RUN source=TinyImageNet target=CIFAR100 seed=6 labels=500 accuracy=6.2400% seconds=0.8
RUN source=TinyImageNet target=CIFAR100 seed=7 labels=500 accuracy=5.0800% seconds=0.8
RUN source=TinyImageNet target=CIFAR100 seed=8 labels=500 accuracy=5.7800% seconds=0.8
RUN source=TinyImageNet target=CIFAR100 seed=9 labels=500 accuracy=6.2800% seconds=0.8
COMPLETE source=TinyImageNet target=CIFAR100 n=10 mean=5.7880 std=0.4128437643578912
RUN source=TinyImageNet target=CIFAR100 seed=0 labels=2500 accuracy=9.8000% seconds=2.0
RUN source=TinyImageNet target=CIFAR100 seed=1 labels=2500 accuracy=10.0600% seconds=1.6
RUN source=TinyImageNet target=CIFAR100 seed=2 labels=2500 accuracy=10.3700% seconds=1.6
RUN source=TinyImageNet target=CIFAR100 seed=3 labels=2500 accuracy=10.2700% seconds=1.6
RUN source=TinyImageNet target=CIFAR100 seed=4 labels=2500 accuracy=10.3600% seconds=1.6
RUN source=TinyImageNet target=CIFAR100 seed=5 labels=2500 accuracy=9.5500% seconds=1.6
RUN source=TinyImageNet target=CIFAR100 seed=6 labels=2500 accuracy=10.2800% seconds=1.6
RUN source=TinyImageNet target=CIFAR100 seed=7 labels=2500 accuracy=9.7500% seconds=1.6
RUN source=TinyImageNet target=CIFAR100 seed=8 labels=2500 accuracy=9.3200% seconds=1.6
RUN source=TinyImageNet target=CIFAR100 seed=9 labels=2500 accuracy=9.5100% seconds=1.6
COMPLETE source=TinyImageNet target=CIFAR100 n=10 mean=9.9270 std=0.3909545400466978
RUN source=TinyImageNet target=Aircraft seed=0 labels=66 accuracy=2.1902% seconds=0.8
RUN source=TinyImageNet target=Aircraft seed=1 labels=66 accuracy=1.9502% seconds=0.4
RUN source=TinyImageNet target=Aircraft seed=2 labels=66 accuracy=2.1602% seconds=0.4
RUN source=TinyImageNet target=Aircraft seed=3 labels=66 accuracy=2.2202% seconds=0.4
RUN source=TinyImageNet target=Aircraft seed=4 labels=66 accuracy=2.4002% seconds=0.4
RUN source=TinyImageNet target=Aircraft seed=5 labels=66 accuracy=1.5302% seconds=0.4
RUN source=TinyImageNet target=Aircraft seed=6 labels=66 accuracy=2.4902% seconds=0.4
RUN source=TinyImageNet target=Aircraft seed=7 labels=66 accuracy=2.0402% seconds=0.4
RUN source=TinyImageNet target=Aircraft seed=8 labels=66 accuracy=1.9202% seconds=0.4
RUN source=TinyImageNet target=Aircraft seed=9 labels=66 accuracy=2.1302% seconds=0.4
COMPLETE source=TinyImageNet target=Aircraft n=10 mean=2.1032 std=0.2692665905420492
RUN source=TinyImageNet target=Aircraft seed=0 labels=333 accuracy=2.7003% seconds=0.8
RUN source=TinyImageNet target=Aircraft seed=1 labels=333 accuracy=2.0102% seconds=0.5
RUN source=TinyImageNet target=Aircraft seed=2 labels=333 accuracy=2.7903% seconds=0.4
RUN source=TinyImageNet target=Aircraft seed=3 labels=333 accuracy=3.2103% seconds=0.4
RUN source=TinyImageNet target=Aircraft seed=4 labels=333 accuracy=2.3702% seconds=0.4
RUN source=TinyImageNet target=Aircraft seed=5 labels=333 accuracy=2.7303% seconds=0.4
RUN source=TinyImageNet target=Aircraft seed=6 labels=333 accuracy=2.7003% seconds=0.4
RUN source=TinyImageNet target=Aircraft seed=7 labels=333 accuracy=2.6703% seconds=0.4
RUN source=TinyImageNet target=Aircraft seed=8 labels=333 accuracy=2.8503% seconds=0.4
RUN source=TinyImageNet target=Aircraft seed=9 labels=333 accuracy=2.3702% seconds=0.4
COMPLETE source=TinyImageNet target=Aircraft n=10 mean=2.6403 std=0.3249940533711165
RUN source=TinyImageNet target=CUB2011 seed=0 labels=59 accuracy=1.0010% seconds=0.8
RUN source=TinyImageNet target=CUB2011 seed=1 labels=59 accuracy=0.9147% seconds=0.5
RUN source=TinyImageNet target=CUB2011 seed=2 labels=59 accuracy=0.8630% seconds=0.5
RUN source=TinyImageNet target=CUB2011 seed=3 labels=59 accuracy=0.8630% seconds=0.5
RUN source=TinyImageNet target=CUB2011 seed=4 labels=59 accuracy=0.6904% seconds=0.5
RUN source=TinyImageNet target=CUB2011 seed=5 labels=59 accuracy=0.8802% seconds=0.5
RUN source=TinyImageNet target=CUB2011 seed=6 labels=59 accuracy=0.9320% seconds=0.5
RUN source=TinyImageNet target=CUB2011 seed=7 labels=59 accuracy=0.8112% seconds=0.5
RUN source=TinyImageNet target=CUB2011 seed=8 labels=59 accuracy=0.9665% seconds=0.5
RUN source=TinyImageNet target=CUB2011 seed=9 labels=59 accuracy=1.0701% seconds=0.5
COMPLETE source=TinyImageNet target=CUB2011 n=10 mean=0.8992 std=0.10528289372848508
RUN source=TinyImageNet target=CUB2011 seed=0 labels=299 accuracy=1.2081% seconds=0.9
RUN source=TinyImageNet target=CUB2011 seed=1 labels=299 accuracy=1.2772% seconds=0.5
RUN source=TinyImageNet target=CUB2011 seed=2 labels=299 accuracy=0.8457% seconds=0.5
RUN source=TinyImageNet target=CUB2011 seed=3 labels=299 accuracy=1.0183% seconds=0.5
RUN source=TinyImageNet target=CUB2011 seed=4 labels=299 accuracy=1.0183% seconds=0.5
RUN source=TinyImageNet target=CUB2011 seed=5 labels=299 accuracy=1.2427% seconds=0.5
RUN source=TinyImageNet target=CUB2011 seed=6 labels=299 accuracy=0.9493% seconds=0.5
RUN source=TinyImageNet target=CUB2011 seed=7 labels=299 accuracy=1.0183% seconds=0.5
RUN source=TinyImageNet target=CUB2011 seed=8 labels=299 accuracy=0.9147% seconds=0.5
RUN source=TinyImageNet target=CUB2011 seed=9 labels=299 accuracy=1.1219% seconds=0.5
COMPLETE source=TinyImageNet target=CUB2011 n=10 mean=1.0614 std=0.14559948026427244
RUN source=TinyImageNet target=Dogs seed=0 labels=120 accuracy=1.5501% seconds=0.9
RUN source=TinyImageNet target=Dogs seed=1 labels=120 accuracy=1.5268% seconds=0.6
RUN source=TinyImageNet target=Dogs seed=2 labels=120 accuracy=1.6200% seconds=0.5
RUN source=TinyImageNet target=Dogs seed=3 labels=120 accuracy=1.5385% seconds=0.5
RUN source=TinyImageNet target=Dogs seed=4 labels=120 accuracy=1.5734% seconds=0.5
RUN source=TinyImageNet target=Dogs seed=5 labels=120 accuracy=1.3170% seconds=0.5
RUN source=TinyImageNet target=Dogs seed=6 labels=120 accuracy=1.5734% seconds=0.5
RUN source=TinyImageNet target=Dogs seed=7 labels=120 accuracy=1.5967% seconds=0.5
RUN source=TinyImageNet target=Dogs seed=8 labels=120 accuracy=1.2704% seconds=0.5
RUN source=TinyImageNet target=Dogs seed=9 labels=120 accuracy=1.3636% seconds=0.5
COMPLETE source=TinyImageNet target=Dogs n=10 mean=1.4930 std=0.12630147630585822
RUN source=TinyImageNet target=Dogs seed=0 labels=600 accuracy=1.6667% seconds=1.1
RUN source=TinyImageNet target=Dogs seed=1 labels=600 accuracy=2.3660% seconds=0.7
RUN source=TinyImageNet target=Dogs seed=2 labels=600 accuracy=2.1212% seconds=0.7
RUN source=TinyImageNet target=Dogs seed=3 labels=600 accuracy=2.0047% seconds=0.7
RUN source=TinyImageNet target=Dogs seed=4 labels=600 accuracy=2.2145% seconds=0.7
RUN source=TinyImageNet target=Dogs seed=5 labels=600 accuracy=1.7366% seconds=0.7
RUN source=TinyImageNet target=Dogs seed=6 labels=600 accuracy=2.1212% seconds=0.7
RUN source=TinyImageNet target=Dogs seed=7 labels=600 accuracy=2.2261% seconds=0.7
RUN source=TinyImageNet target=Dogs seed=8 labels=600 accuracy=1.8765% seconds=0.7
RUN source=TinyImageNet target=Dogs seed=9 labels=600 accuracy=1.8648% seconds=0.7
COMPLETE source=TinyImageNet target=Dogs n=10 mean=2.0198 std=0.22865813434170726
RUN source=TinyImageNet target=Flowers seed=0 labels=10 accuracy=2.0003% seconds=1.2
RUN source=TinyImageNet target=Flowers seed=1 labels=10 accuracy=2.0491% seconds=0.5
RUN source=TinyImageNet target=Flowers seed=2 labels=10 accuracy=2.0329% seconds=0.5
RUN source=TinyImageNet target=Flowers seed=3 labels=10 accuracy=1.5775% seconds=0.5
RUN source=TinyImageNet target=Flowers seed=4 labels=10 accuracy=1.5938% seconds=0.5
RUN source=TinyImageNet target=Flowers seed=5 labels=10 accuracy=2.7159% seconds=0.5
RUN source=TinyImageNet target=Flowers seed=6 labels=10 accuracy=2.5207% seconds=0.5
RUN source=TinyImageNet target=Flowers seed=7 labels=10 accuracy=1.7401% seconds=0.5
RUN source=TinyImageNet target=Flowers seed=8 labels=10 accuracy=2.4394% seconds=0.5
RUN source=TinyImageNet target=Flowers seed=9 labels=10 accuracy=1.4149% seconds=0.5
COMPLETE source=TinyImageNet target=Flowers n=10 mean=2.0085 std=0.4388112733387272
RUN source=TinyImageNet target=Flowers seed=0 labels=51 accuracy=2.4232% seconds=0.8
RUN source=TinyImageNet target=Flowers seed=1 labels=51 accuracy=2.6508% seconds=0.4
RUN source=TinyImageNet target=Flowers seed=2 labels=51 accuracy=4.0820% seconds=0.4
RUN source=TinyImageNet target=Flowers seed=3 labels=51 accuracy=3.5290% seconds=0.4
RUN source=TinyImageNet target=Flowers seed=4 labels=51 accuracy=2.3256% seconds=0.4
RUN source=TinyImageNet target=Flowers seed=5 labels=51 accuracy=2.2768% seconds=0.4
RUN source=TinyImageNet target=Flowers seed=6 labels=51 accuracy=3.4152% seconds=0.4
RUN source=TinyImageNet target=Flowers seed=7 labels=51 accuracy=2.5207% seconds=0.4
RUN source=TinyImageNet target=Flowers seed=8 labels=51 accuracy=2.9110% seconds=0.4
RUN source=TinyImageNet target=Flowers seed=9 labels=51 accuracy=1.9841% seconds=0.4
COMPLETE source=TinyImageNet target=Flowers n=10 mean=2.8118 std=0.664256018094557
