RUN source=TinyImageNet target=CIFAR10 seed=0 labels=500 accuracy=32.5500% seconds=1.2
RUN source=TinyImageNet target=CIFAR10 seed=1 labels=500 accuracy=30.4500% seconds=0.8
RUN source=TinyImageNet target=CIFAR10 seed=2 labels=500 accuracy=29.9400% seconds=0.8
RUN source=TinyImageNet target=CIFAR10 seed=3 labels=500 accuracy=31.8900% seconds=1.7
RUN source=TinyImageNet target=CIFAR10 seed=4 labels=500 accuracy=31.1200% seconds=0.8
RUN source=TinyImageNet target=CIFAR10 seed=5 labels=500 accuracy=32.6700% seconds=0.8
RUN source=TinyImageNet target=CIFAR10 seed=6 labels=500 accuracy=31.4000% seconds=0.8
RUN source=TinyImageNet target=CIFAR10 seed=7 labels=500 accuracy=31.7300% seconds=0.8
RUN source=TinyImageNet target=CIFAR10 seed=8 labels=500 accuracy=33.2500% seconds=0.8
RUN source=TinyImageNet target=CIFAR10 seed=9 labels=500 accuracy=32.7800% seconds=0.8
COMPLETE source=TinyImageNet target=CIFAR10 n=10 mean=31.7780 std=1.0695252801222945
RUN source=TinyImageNet target=CIFAR10 seed=0 labels=2500 accuracy=37.4800% seconds=1.9
RUN source=TinyImageNet target=CIFAR10 seed=1 labels=2500 accuracy=37.4300% seconds=1.6
RUN source=TinyImageNet target=CIFAR10 seed=2 labels=2500 accuracy=35.8600% seconds=1.6
RUN source=TinyImageNet target=CIFAR10 seed=3 labels=2500 accuracy=36.6800% seconds=1.6
RUN source=TinyImageNet target=CIFAR10 seed=4 labels=2500 accuracy=37.4300% seconds=1.6
RUN source=TinyImageNet target=CIFAR10 seed=5 labels=2500 accuracy=38.6600% seconds=1.6
RUN source=TinyImageNet target=CIFAR10 seed=6 labels=2500 accuracy=37.8500% seconds=1.6
RUN source=TinyImageNet target=CIFAR10 seed=7 labels=2500 accuracy=37.7800% seconds=1.6
RUN source=TinyImageNet target=CIFAR10 seed=8 labels=2500 accuracy=38.3000% seconds=1.6
RUN source=TinyImageNet target=CIFAR10 seed=9 labels=2500 accuracy=36.4100% seconds=1.6
COMPLETE source=TinyImageNet target=CIFAR10 n=10 mean=37.3880 std=0.8577335574818825
RUN source=TinyImageNet target=CIFAR100 seed=0 labels=500 accuracy=5.1700% seconds=1.2
RUN source=TinyImageNet target=CIFAR100 seed=1 labels=500 accuracy=5.6900% seconds=0.8
RUN source=TinyImageNet target=CIFAR100 seed=2 labels=500 accuracy=5.9100% seconds=0.8
RUN source=TinyImageNet target=CIFAR100 seed=3 labels=500 accuracy=4.8200% seconds=0.8
RUN source=TinyImageNet target=CIFAR100 seed=4 labels=500 accuracy=5.3000% seconds=0.8
RUN source=TinyImageNet target=CIFAR100 seed=5 labels=500 accuracy=5.7200% seconds=0.8
RUN source=TinyImageNet target=CIFAR100 seed=6 labels=500 accuracy=5.1000% seconds=0.8
RUN source=TinyImageNet target=CIFAR100 seed=7 labels=500 accuracy=4.7400% seconds=0.8
RUN source=TinyImageNet target=CIFAR100 seed=8 labels=500 accuracy=5.9900% seconds=0.8
RUN source=TinyImageNet target=CIFAR100 seed=9 labels=500 accuracy=5.5800% seconds=0.8
COMPLETE source=TinyImageNet target=CIFAR100 n=10 mean=5.4020 std=0.4412053787254392
RUN source=TinyImageNet target=CIFAR100 seed=0 labels=2500 accuracy=9.2600% seconds=2.0
RUN source=TinyImageNet target=CIFAR100 seed=1 labels=2500 accuracy=9.5100% seconds=1.6
RUN source=TinyImageNet target=CIFAR100 seed=2 labels=2500 accuracy=9.1800% seconds=1.6
RUN source=TinyImageNet target=CIFAR100 seed=3 labels=2500 accuracy=9.3200% seconds=1.6
RUN source=TinyImageNet target=CIFAR100 seed=4 labels=2500 accuracy=9.5400% seconds=1.6
RUN source=TinyImageNet target=CIFAR100 seed=5 labels=2500 accuracy=9.2600% seconds=1.6
RUN source=TinyImageNet target=CIFAR100 seed=6 labels=2500 accuracy=8.6400% seconds=1.6
RUN source=TinyImageNet target=CIFAR100 seed=7 labels=2500 accuracy=9.5300% seconds=1.7
RUN source=TinyImageNet target=CIFAR100 seed=8 labels=2500 accuracy=9.3800% seconds=1.6
RUN source=TinyImageNet target=CIFAR100 seed=9 labels=2500 accuracy=9.2600% seconds=1.6
COMPLETE source=TinyImageNet target=CIFAR100 n=10 mean=9.2880 std=0.26135556456736975
RUN source=TinyImageNet target=Aircraft seed=0 labels=66 accuracy=2.0702% seconds=0.8
RUN source=TinyImageNet target=Aircraft seed=1 labels=66 accuracy=1.7102% seconds=0.4
RUN source=TinyImageNet target=Aircraft seed=2 labels=66 accuracy=1.7102% seconds=0.4
RUN source=TinyImageNet target=Aircraft seed=3 labels=66 accuracy=1.8602% seconds=0.4
RUN source=TinyImageNet target=Aircraft seed=4 labels=66 accuracy=1.7102% seconds=0.4
RUN source=TinyImageNet target=Aircraft seed=5 labels=66 accuracy=1.6202% seconds=0.4
RUN source=TinyImageNet target=Aircraft seed=6 labels=66 accuracy=2.4602% seconds=0.4
RUN source=TinyImageNet target=Aircraft seed=7 labels=66 accuracy=1.8002% seconds=0.4
RUN source=TinyImageNet target=Aircraft seed=8 labels=66 accuracy=2.0402% seconds=0.4
RUN source=TinyImageNet target=Aircraft seed=9 labels=66 accuracy=1.6502% seconds=0.4
COMPLETE source=TinyImageNet target=Aircraft n=10 mean=1.8632 std=0.26019906472673804
RUN source=TinyImageNet target=Aircraft seed=0 labels=333 accuracy=2.0402% seconds=0.8
RUN source=TinyImageNet target=Aircraft seed=1 labels=333 accuracy=2.1902% seconds=0.5
RUN source=TinyImageNet target=Aircraft seed=2 labels=333 accuracy=2.6103% seconds=0.4
RUN source=TinyImageNet target=Aircraft seed=3 labels=333 accuracy=2.4002% seconds=0.4
RUN source=TinyImageNet target=Aircraft seed=4 labels=333 accuracy=2.0402% seconds=0.4
RUN source=TinyImageNet target=Aircraft seed=5 labels=333 accuracy=2.3702% seconds=0.4
RUN source=TinyImageNet target=Aircraft seed=6 labels=333 accuracy=2.5503% seconds=0.4
RUN source=TinyImageNet target=Aircraft seed=7 labels=333 accuracy=2.3102% seconds=0.4
RUN source=TinyImageNet target=Aircraft seed=8 labels=333 accuracy=2.6403% seconds=0.4
RUN source=TinyImageNet target=Aircraft seed=9 labels=333 accuracy=1.8602% seconds=0.4
COMPLETE source=TinyImageNet target=Aircraft n=10 mean=2.3012 std=0.26462048536631316
RUN source=TinyImageNet target=CUB2011 seed=0 labels=59 accuracy=0.8802% seconds=0.9
RUN source=TinyImageNet target=CUB2011 seed=1 labels=59 accuracy=0.9320% seconds=0.5
RUN source=TinyImageNet target=CUB2011 seed=2 labels=59 accuracy=0.8112% seconds=0.5
RUN source=TinyImageNet target=CUB2011 seed=3 labels=59 accuracy=0.8284% seconds=0.5
RUN source=TinyImageNet target=CUB2011 seed=4 labels=59 accuracy=0.7249% seconds=0.5
RUN source=TinyImageNet target=CUB2011 seed=5 labels=59 accuracy=1.0873% seconds=0.5
RUN source=TinyImageNet target=CUB2011 seed=6 labels=59 accuracy=0.8112% seconds=0.5
RUN source=TinyImageNet target=CUB2011 seed=7 labels=59 accuracy=0.7767% seconds=0.5
RUN source=TinyImageNet target=CUB2011 seed=8 labels=59 accuracy=0.9838% seconds=0.5
RUN source=TinyImageNet target=CUB2011 seed=9 labels=59 accuracy=0.9320% seconds=0.5
COMPLETE source=TinyImageNet target=CUB2011 n=10 mean=0.8768 std=0.10848784937400462
RUN source=TinyImageNet target=CUB2011 seed=0 labels=299 accuracy=0.8630% seconds=0.9
RUN source=TinyImageNet target=CUB2011 seed=1 labels=299 accuracy=1.0528% seconds=0.5
RUN source=TinyImageNet target=CUB2011 seed=2 labels=299 accuracy=0.7767% seconds=0.5
RUN source=TinyImageNet target=CUB2011 seed=3 labels=299 accuracy=0.9493% seconds=0.5
RUN source=TinyImageNet target=CUB2011 seed=4 labels=299 accuracy=0.9665% seconds=0.5
RUN source=TinyImageNet target=CUB2011 seed=5 labels=299 accuracy=1.0183% seconds=0.5
RUN source=TinyImageNet target=CUB2011 seed=6 labels=299 accuracy=1.2081% seconds=0.5
RUN source=TinyImageNet target=CUB2011 seed=7 labels=299 accuracy=1.0183% seconds=0.5
RUN source=TinyImageNet target=CUB2011 seed=8 labels=299 accuracy=1.0183% seconds=0.5
RUN source=TinyImageNet target=CUB2011 seed=9 labels=299 accuracy=1.0010% seconds=0.5
COMPLETE source=TinyImageNet target=CUB2011 n=10 mean=0.9872 std=0.1144269768098488
RUN source=TinyImageNet target=Dogs seed=0 labels=120 accuracy=1.7716% seconds=0.9
RUN source=TinyImageNet target=Dogs seed=1 labels=120 accuracy=1.6434% seconds=0.6
RUN source=TinyImageNet target=Dogs seed=2 labels=120 accuracy=1.4569% seconds=0.5
RUN source=TinyImageNet target=Dogs seed=3 labels=120 accuracy=1.5734% seconds=0.6
RUN source=TinyImageNet target=Dogs seed=4 labels=120 accuracy=1.7483% seconds=0.6
RUN source=TinyImageNet target=Dogs seed=5 labels=120 accuracy=1.3170% seconds=0.5
RUN source=TinyImageNet target=Dogs seed=6 labels=120 accuracy=1.3520% seconds=0.5
RUN source=TinyImageNet target=Dogs seed=7 labels=120 accuracy=1.8415% seconds=0.5
RUN source=TinyImageNet target=Dogs seed=8 labels=120 accuracy=1.3287% seconds=0.5
RUN source=TinyImageNet target=Dogs seed=9 labels=120 accuracy=1.2704% seconds=0.5
COMPLETE source=TinyImageNet target=Dogs n=10 mean=1.5303 std=0.21293578805234809
RUN source=TinyImageNet target=Dogs seed=0 labels=600 accuracy=1.4802% seconds=1.1
RUN source=TinyImageNet target=Dogs seed=1 labels=600 accuracy=2.2145% seconds=0.7
RUN source=TinyImageNet target=Dogs seed=2 labels=600 accuracy=1.7832% seconds=0.7
RUN source=TinyImageNet target=Dogs seed=3 labels=600 accuracy=1.7599% seconds=0.7
RUN source=TinyImageNet target=Dogs seed=4 labels=600 accuracy=2.0862% seconds=0.7
RUN source=TinyImageNet target=Dogs seed=5 labels=600 accuracy=1.7249% seconds=0.7
RUN source=TinyImageNet target=Dogs seed=6 labels=600 accuracy=1.8998% seconds=0.7
RUN source=TinyImageNet target=Dogs seed=7 labels=600 accuracy=2.2727% seconds=0.7
RUN source=TinyImageNet target=Dogs seed=8 labels=600 accuracy=1.9464% seconds=0.7
RUN source=TinyImageNet target=Dogs seed=9 labels=600 accuracy=2.0746% seconds=0.7
COMPLETE source=TinyImageNet target=Dogs n=10 mean=1.9242 std=0.24481385530414387
RUN source=TinyImageNet target=Flowers seed=0 labels=10 accuracy=2.2280% seconds=0.9
RUN source=TinyImageNet target=Flowers seed=1 labels=10 accuracy=2.3418% seconds=0.5
RUN source=TinyImageNet target=Flowers seed=2 labels=10 accuracy=1.4311% seconds=0.5
RUN source=TinyImageNet target=Flowers seed=3 labels=10 accuracy=1.4637% seconds=0.5
RUN source=TinyImageNet target=Flowers seed=4 labels=10 accuracy=1.3498% seconds=0.5
RUN source=TinyImageNet target=Flowers seed=5 labels=10 accuracy=3.2200% seconds=0.5
RUN source=TinyImageNet target=Flowers seed=6 labels=10 accuracy=2.7484% seconds=0.5
RUN source=TinyImageNet target=Flowers seed=7 labels=10 accuracy=1.9353% seconds=0.5
RUN source=TinyImageNet target=Flowers seed=8 labels=10 accuracy=2.9273% seconds=0.5
RUN source=TinyImageNet target=Flowers seed=9 labels=10 accuracy=1.3498% seconds=0.5
COMPLETE source=TinyImageNet target=Flowers n=10 mean=2.0995 std=0.7023177516544348
RUN source=TinyImageNet target=Flowers seed=0 labels=51 accuracy=2.4232% seconds=0.8
RUN source=TinyImageNet target=Flowers seed=1 labels=51 accuracy=2.4557% seconds=0.4
RUN source=TinyImageNet target=Flowers seed=2 labels=51 accuracy=3.2363% seconds=0.4
RUN source=TinyImageNet target=Flowers seed=3 labels=51 accuracy=2.7972% seconds=0.4
RUN source=TinyImageNet target=Flowers seed=4 labels=51 accuracy=2.2117% seconds=0.4
RUN source=TinyImageNet target=Flowers seed=5 labels=51 accuracy=2.3256% seconds=0.4
RUN source=TinyImageNet target=Flowers seed=6 labels=51 accuracy=3.1062% seconds=0.4
RUN source=TinyImageNet target=Flowers seed=7 labels=51 accuracy=2.8948% seconds=0.4
RUN source=TinyImageNet target=Flowers seed=8 labels=51 accuracy=2.7647% seconds=0.4
RUN source=TinyImageNet target=Flowers seed=9 labels=51 accuracy=2.3256% seconds=0.4
COMPLETE source=TinyImageNet target=Flowers n=10 mean=2.6541 std=0.355623324601808
