RUN source=TinyImageNet target=CIFAR10 seed=0 labels=500 accuracy=33.6000% seconds=1.2
RUN source=TinyImageNet target=CIFAR10 seed=1 labels=500 accuracy=29.9300% seconds=0.8
RUN source=TinyImageNet target=CIFAR10 seed=2 labels=500 accuracy=33.6900% seconds=0.8
RUN source=TinyImageNet target=CIFAR10 seed=3 labels=500 accuracy=31.5900% seconds=0.8
RUN source=TinyImageNet target=CIFAR10 seed=4 labels=500 accuracy=33.5400% seconds=1.1
RUN source=TinyImageNet target=CIFAR10 seed=5 labels=500 accuracy=31.7600% seconds=0.8
RUN source=TinyImageNet target=CIFAR10 seed=6 labels=500 accuracy=29.9700% seconds=0.8
RUN source=TinyImageNet target=CIFAR10 seed=7 labels=500 accuracy=31.8300% seconds=0.8
RUN source=TinyImageNet target=CIFAR10 seed=8 labels=500 accuracy=32.0200% seconds=0.8
RUN source=TinyImageNet target=CIFAR10 seed=9 labels=500 accuracy=32.1400% seconds=0.8
COMPLETE source=TinyImageNet target=CIFAR10 n=10 mean=32.0070 std=1.3526769149343438
RUN source=TinyImageNet target=CIFAR10 seed=0 labels=2500 accuracy=36.7400% seconds=1.9
RUN source=TinyImageNet target=CIFAR10 seed=1 labels=2500 accuracy=36.2500% seconds=1.6
RUN source=TinyImageNet target=CIFAR10 seed=2 labels=2500 accuracy=37.8600% seconds=1.6
RUN source=TinyImageNet target=CIFAR10 seed=3 labels=2500 accuracy=37.0600% seconds=1.6
RUN source=TinyImageNet target=CIFAR10 seed=4 labels=2500 accuracy=38.6400% seconds=1.6
RUN source=TinyImageNet target=CIFAR10 seed=5 labels=2500 accuracy=36.5200% seconds=1.6
RUN source=TinyImageNet target=CIFAR10 seed=6 labels=2500 accuracy=36.8100% seconds=1.6
RUN source=TinyImageNet target=CIFAR10 seed=7 labels=2500 accuracy=36.2300% seconds=1.6
RUN source=TinyImageNet target=CIFAR10 seed=8 labels=2500 accuracy=37.4000% seconds=1.6
RUN source=TinyImageNet target=CIFAR10 seed=9 labels=2500 accuracy=37.1300% seconds=1.6
COMPLETE source=TinyImageNet target=CIFAR10 n=10 mean=37.0640 std=0.7496846345749848
RUN source=TinyImageNet target=CIFAR100 seed=0 labels=500 accuracy=3.7600% seconds=1.2
RUN source=TinyImageNet target=CIFAR100 seed=1 labels=500 accuracy=4.6000% seconds=0.8
RUN source=TinyImageNet target=CIFAR100 seed=2 labels=500 accuracy=4.2900% seconds=0.8
RUN source=TinyImageNet target=CIFAR100 seed=3 labels=500 accuracy=3.7700% seconds=0.8
RUN source=TinyImageNet target=CIFAR100 seed=4 labels=500 accuracy=4.6200% seconds=0.8
RUN source=TinyImageNet target=CIFAR100 seed=5 labels=500 accuracy=4.5800% seconds=0.8
RUN source=TinyImageNet target=CIFAR100 seed=6 labels=500 accuracy=3.2900% seconds=0.8
RUN source=TinyImageNet target=CIFAR100 seed=7 labels=500 accuracy=2.6500% seconds=0.8
RUN source=TinyImageNet target=CIFAR100 seed=8 labels=500 accuracy=4.7200% seconds=0.8
RUN source=TinyImageNet target=CIFAR100 seed=9 labels=500 accuracy=4.4700% seconds=0.8
COMPLETE source=TinyImageNet target=CIFAR100 n=10 mean=4.0750 std=0.6900121071930777
RUN source=TinyImageNet target=CIFAR100 seed=0 labels=2500 accuracy=6.2800% seconds=2.0
RUN source=TinyImageNet target=CIFAR100 seed=1 labels=2500 accuracy=7.9800% seconds=1.6
RUN source=TinyImageNet target=CIFAR100 seed=2 labels=2500 accuracy=8.4900% seconds=1.6
RUN source=TinyImageNet target=CIFAR100 seed=3 labels=2500 accuracy=6.9200% seconds=1.6
RUN source=TinyImageNet target=CIFAR100 seed=4 labels=2500 accuracy=9.0500% seconds=1.6
RUN source=TinyImageNet target=CIFAR100 seed=5 labels=2500 accuracy=6.3600% seconds=1.6
RUN source=TinyImageNet target=CIFAR100 seed=6 labels=2500 accuracy=7.5900% seconds=1.6
RUN source=TinyImageNet target=CIFAR100 seed=7 labels=2500 accuracy=7.3800% seconds=1.6
RUN source=TinyImageNet target=CIFAR100 seed=8 labels=2500 accuracy=7.1900% seconds=1.6
RUN source=TinyImageNet target=CIFAR100 seed=9 labels=2500 accuracy=8.3700% seconds=1.6
COMPLETE source=TinyImageNet target=CIFAR100 n=10 mean=7.5610 std=0.9174657412826666
RUN source=TinyImageNet target=Aircraft seed=0 labels=66 accuracy=1.5002% seconds=0.8
RUN source=TinyImageNet target=Aircraft seed=1 labels=66 accuracy=1.3801% seconds=0.4
RUN source=TinyImageNet target=Aircraft seed=2 labels=66 accuracy=1.6502% seconds=0.4
RUN source=TinyImageNet target=Aircraft seed=3 labels=66 accuracy=1.7102% seconds=0.4
RUN source=TinyImageNet target=Aircraft seed=4 labels=66 accuracy=1.4701% seconds=0.4
RUN source=TinyImageNet target=Aircraft seed=5 labels=66 accuracy=1.4401% seconds=0.4
RUN source=TinyImageNet target=Aircraft seed=6 labels=66 accuracy=1.3501% seconds=0.4
RUN source=TinyImageNet target=Aircraft seed=7 labels=66 accuracy=1.9202% seconds=0.4
RUN source=TinyImageNet target=Aircraft seed=8 labels=66 accuracy=1.9502% seconds=0.4
RUN source=TinyImageNet target=Aircraft seed=9 labels=66 accuracy=1.8602% seconds=0.4
COMPLETE source=TinyImageNet target=Aircraft n=10 mean=1.6232 std=0.22737705702079583
RUN source=TinyImageNet target=Aircraft seed=0 labels=333 accuracy=1.2301% seconds=0.8
RUN source=TinyImageNet target=Aircraft seed=1 labels=333 accuracy=2.1002% seconds=0.5
RUN source=TinyImageNet target=Aircraft seed=2 labels=333 accuracy=2.0402% seconds=0.5
RUN source=TinyImageNet target=Aircraft seed=3 labels=333 accuracy=1.6802% seconds=0.4
RUN source=TinyImageNet target=Aircraft seed=4 labels=333 accuracy=1.8302% seconds=0.5
RUN source=TinyImageNet target=Aircraft seed=5 labels=333 accuracy=1.9802% seconds=0.4
RUN source=TinyImageNet target=Aircraft seed=6 labels=333 accuracy=2.1002% seconds=0.4
RUN source=TinyImageNet target=Aircraft seed=7 labels=333 accuracy=1.8602% seconds=0.4
RUN source=TinyImageNet target=Aircraft seed=8 labels=333 accuracy=1.9202% seconds=0.4
RUN source=TinyImageNet target=Aircraft seed=9 labels=333 accuracy=1.5002% seconds=0.4
COMPLETE source=TinyImageNet target=Aircraft n=10 mean=1.8242 std=0.281381985472625
RUN source=TinyImageNet target=CUB2011 seed=0 labels=59 accuracy=0.7767% seconds=0.8
RUN source=TinyImageNet target=CUB2011 seed=1 labels=59 accuracy=0.8802% seconds=0.5
RUN source=TinyImageNet target=CUB2011 seed=2 labels=59 accuracy=0.6731% seconds=0.5
RUN source=TinyImageNet target=CUB2011 seed=3 labels=59 accuracy=0.7421% seconds=0.5
RUN source=TinyImageNet target=CUB2011 seed=4 labels=59 accuracy=0.7767% seconds=0.5
RUN source=TinyImageNet target=CUB2011 seed=5 labels=59 accuracy=0.7421% seconds=0.5
RUN source=TinyImageNet target=CUB2011 seed=6 labels=59 accuracy=0.8802% seconds=0.5
RUN source=TinyImageNet target=CUB2011 seed=7 labels=59 accuracy=0.6386% seconds=0.5
RUN source=TinyImageNet target=CUB2011 seed=8 labels=59 accuracy=0.9320% seconds=0.5
RUN source=TinyImageNet target=CUB2011 seed=9 labels=59 accuracy=0.8457% seconds=0.5
COMPLETE source=TinyImageNet target=CUB2011 n=10 mean=0.7887 std=0.09489963114446608
RUN source=TinyImageNet target=CUB2011 seed=0 labels=299 accuracy=0.6731% seconds=0.9
RUN source=TinyImageNet target=CUB2011 seed=1 labels=299 accuracy=0.8457% seconds=0.5
RUN source=TinyImageNet target=CUB2011 seed=2 labels=299 accuracy=0.5178% seconds=0.5
RUN source=TinyImageNet target=CUB2011 seed=3 labels=299 accuracy=0.8975% seconds=0.5
RUN source=TinyImageNet target=CUB2011 seed=4 labels=299 accuracy=1.1219% seconds=0.5
RUN source=TinyImageNet target=CUB2011 seed=5 labels=299 accuracy=0.7939% seconds=0.5
RUN source=TinyImageNet target=CUB2011 seed=6 labels=299 accuracy=0.6559% seconds=0.5
RUN source=TinyImageNet target=CUB2011 seed=7 labels=299 accuracy=0.6904% seconds=0.5
RUN source=TinyImageNet target=CUB2011 seed=8 labels=299 accuracy=0.8457% seconds=0.5
RUN source=TinyImageNet target=CUB2011 seed=9 labels=299 accuracy=0.8457% seconds=0.5
COMPLETE source=TinyImageNet target=CUB2011 n=10 mean=0.7887 std=0.1655547561160757
RUN source=TinyImageNet target=Dogs seed=0 labels=120 accuracy=1.6317% seconds=0.9
RUN source=TinyImageNet target=Dogs seed=1 labels=120 accuracy=1.5152% seconds=0.6
RUN source=TinyImageNet target=Dogs seed=2 labels=120 accuracy=1.6434% seconds=0.5
RUN source=TinyImageNet target=Dogs seed=3 labels=120 accuracy=1.0723% seconds=0.6
RUN source=TinyImageNet target=Dogs seed=4 labels=120 accuracy=1.6434% seconds=0.6
RUN source=TinyImageNet target=Dogs seed=5 labels=120 accuracy=1.1305% seconds=0.5
RUN source=TinyImageNet target=Dogs seed=6 labels=120 accuracy=1.7016% seconds=0.5
RUN source=TinyImageNet target=Dogs seed=7 labels=120 accuracy=0.9790% seconds=0.5
RUN source=TinyImageNet target=Dogs seed=8 labels=120 accuracy=0.8741% seconds=0.5
RUN source=TinyImageNet target=Dogs seed=9 labels=120 accuracy=1.2238% seconds=0.5
COMPLETE source=TinyImageNet target=Dogs n=10 mean=1.3415 std=0.3174526061685469
RUN source=TinyImageNet target=Dogs seed=0 labels=600 accuracy=1.1888% seconds=1.1
RUN source=TinyImageNet target=Dogs seed=1 labels=600 accuracy=1.8065% seconds=0.7
RUN source=TinyImageNet target=Dogs seed=2 labels=600 accuracy=1.4219% seconds=0.7
RUN source=TinyImageNet target=Dogs seed=3 labels=600 accuracy=1.6317% seconds=0.7
RUN source=TinyImageNet target=Dogs seed=4 labels=600 accuracy=1.7949% seconds=0.7
RUN source=TinyImageNet target=Dogs seed=5 labels=600 accuracy=1.1655% seconds=0.7
RUN source=TinyImageNet target=Dogs seed=6 labels=600 accuracy=1.8998% seconds=0.7
RUN source=TinyImageNet target=Dogs seed=7 labels=600 accuracy=1.2471% seconds=0.7
RUN source=TinyImageNet target=Dogs seed=8 labels=600 accuracy=1.8998% seconds=0.7
RUN source=TinyImageNet target=Dogs seed=9 labels=600 accuracy=1.5385% seconds=0.7
COMPLETE source=TinyImageNet target=Dogs n=10 mean=1.5594 std=0.29113174086741456
RUN source=TinyImageNet target=Flowers seed=0 labels=10 accuracy=2.1304% seconds=0.9
RUN source=TinyImageNet target=Flowers seed=1 labels=10 accuracy=1.9841% seconds=0.5
RUN source=TinyImageNet target=Flowers seed=2 labels=10 accuracy=2.0329% seconds=0.5
RUN source=TinyImageNet target=Flowers seed=3 labels=10 accuracy=1.1059% seconds=0.5
RUN source=TinyImageNet target=Flowers seed=4 labels=10 accuracy=1.7889% seconds=0.5
RUN source=TinyImageNet target=Flowers seed=5 labels=10 accuracy=2.9436% seconds=0.5
RUN source=TinyImageNet target=Flowers seed=6 labels=10 accuracy=2.6671% seconds=0.5
RUN source=TinyImageNet target=Flowers seed=7 labels=10 accuracy=2.4557% seconds=0.5
RUN source=TinyImageNet target=Flowers seed=8 labels=10 accuracy=2.5045% seconds=0.5
RUN source=TinyImageNet target=Flowers seed=9 labels=10 accuracy=1.2522% seconds=0.5
COMPLETE source=TinyImageNet target=Flowers n=10 mean=2.0865 std=0.5910585209245746
RUN source=TinyImageNet target=Flowers seed=0 labels=51 accuracy=1.5612% seconds=0.8
RUN source=TinyImageNet target=Flowers seed=1 labels=51 accuracy=1.7726% seconds=0.4
RUN source=TinyImageNet target=Flowers seed=2 labels=51 accuracy=3.0411% seconds=0.4
RUN source=TinyImageNet target=Flowers seed=3 labels=51 accuracy=2.7972% seconds=0.4
RUN source=TinyImageNet target=Flowers seed=4 labels=51 accuracy=2.2443% seconds=0.4
RUN source=TinyImageNet target=Flowers seed=5 labels=51 accuracy=2.0979% seconds=0.4
RUN source=TinyImageNet target=Flowers seed=6 labels=51 accuracy=2.7647% seconds=0.4
RUN source=TinyImageNet target=Flowers seed=7 labels=51 accuracy=2.0329% seconds=0.4
RUN source=TinyImageNet target=Flowers seed=8 labels=51 accuracy=3.5616% seconds=0.4
RUN source=TinyImageNet target=Flowers seed=9 labels=51 accuracy=1.9515% seconds=0.4
COMPLETE source=TinyImageNet target=Flowers n=10 mean=2.3825 std=0.6321494599324404
