RUN source=CIFAR100 target=TinyImageNet seed=0 labels=1000 accuracy=1.3500% seconds=1.6
RUN source=CIFAR100 target=TinyImageNet seed=1 labels=1000 accuracy=1.9400% seconds=1.2
RUN source=CIFAR100 target=TinyImageNet seed=2 labels=1000 accuracy=1.7800% seconds=1.2
RUN source=CIFAR100 target=TinyImageNet seed=3 labels=1000 accuracy=1.1500% seconds=1.2
RUN source=CIFAR100 target=TinyImageNet seed=4 labels=1000 accuracy=1.7700% seconds=1.2
RUN source=CIFAR100 target=TinyImageNet seed=5 labels=1000 accuracy=1.5500% seconds=1.2
RUN source=CIFAR100 target=TinyImageNet seed=6 labels=1000 accuracy=1.8200% seconds=1.2
RUN source=CIFAR100 target=TinyImageNet seed=7 labels=1000 accuracy=0.9400% seconds=1.2
RUN source=CIFAR100 target=TinyImageNet seed=8 labels=1000 accuracy=1.4700% seconds=1.2
RUN source=CIFAR100 target=TinyImageNet seed=9 labels=1000 accuracy=1.5800% seconds=1.2
COMPLETE source=CIFAR100 target=TinyImageNet n=10 mean=1.5350 std=0.31683326079026325
RUN source=CIFAR100 target=TinyImageNet seed=0 labels=5000 accuracy=2.3500% seconds=3.1
RUN source=CIFAR100 target=TinyImageNet seed=1 labels=5000 accuracy=2.4900% seconds=2.8
RUN source=CIFAR100 target=TinyImageNet seed=2 labels=5000 accuracy=2.6000% seconds=2.7
RUN source=CIFAR100 target=TinyImageNet seed=3 labels=5000 accuracy=2.2500% seconds=2.7
RUN source=CIFAR100 target=TinyImageNet seed=4 labels=5000 accuracy=2.3700% seconds=2.7
RUN source=CIFAR100 target=TinyImageNet seed=5 labels=5000 accuracy=2.3300% seconds=2.7
RUN source=CIFAR100 target=TinyImageNet seed=6 labels=5000 accuracy=2.2200% seconds=2.7
RUN source=CIFAR100 target=TinyImageNet seed=7 labels=5000 accuracy=1.7800% seconds=2.7
RUN source=CIFAR100 target=TinyImageNet seed=8 labels=5000 accuracy=2.3600% seconds=2.7
RUN source=CIFAR100 target=TinyImageNet seed=9 labels=5000 accuracy=2.2000% seconds=2.7
COMPLETE source=CIFAR100 target=TinyImageNet n=10 mean=2.2950 std=0.21783018063379234
RUN source=CIFAR100 target=CIFAR10 seed=0 labels=500 accuracy=28.8400% seconds=1.1
RUN source=CIFAR100 target=CIFAR10 seed=1 labels=500 accuracy=29.0800% seconds=0.8
RUN source=CIFAR100 target=CIFAR10 seed=2 labels=500 accuracy=30.6800% seconds=0.8
RUN source=CIFAR100 target=CIFAR10 seed=3 labels=500 accuracy=31.1600% seconds=0.8
RUN source=CIFAR100 target=CIFAR10 seed=4 labels=500 accuracy=30.0600% seconds=0.8
RUN source=CIFAR100 target=CIFAR10 seed=5 labels=500 accuracy=28.5700% seconds=0.8
RUN source=CIFAR100 target=CIFAR10 seed=6 labels=500 accuracy=26.7000% seconds=0.8
RUN source=CIFAR100 target=CIFAR10 seed=7 labels=500 accuracy=27.9200% seconds=0.8
RUN source=CIFAR100 target=CIFAR10 seed=8 labels=500 accuracy=29.1700% seconds=0.8
RUN source=CIFAR100 target=CIFAR10 seed=9 labels=500 accuracy=30.1500% seconds=0.8
COMPLETE source=CIFAR100 target=CIFAR10 n=10 mean=29.2330 std=1.3372197694274224
RUN source=CIFAR100 target=CIFAR10 seed=0 labels=2500 accuracy=31.8600% seconds=1.9
RUN source=CIFAR100 target=CIFAR10 seed=1 labels=2500 accuracy=34.8900% seconds=1.6
RUN source=CIFAR100 target=CIFAR10 seed=2 labels=2500 accuracy=34.5500% seconds=1.6
RUN source=CIFAR100 target=CIFAR10 seed=3 labels=2500 accuracy=35.1000% seconds=1.6
RUN source=CIFAR100 target=CIFAR10 seed=4 labels=2500 accuracy=33.7500% seconds=1.6
RUN source=CIFAR100 target=CIFAR10 seed=5 labels=2500 accuracy=32.2700% seconds=1.6
RUN source=CIFAR100 target=CIFAR10 seed=6 labels=2500 accuracy=33.4000% seconds=1.6
RUN source=CIFAR100 target=CIFAR10 seed=7 labels=2500 accuracy=32.0400% seconds=1.6
RUN source=CIFAR100 target=CIFAR10 seed=8 labels=2500 accuracy=34.8100% seconds=1.6
RUN source=CIFAR100 target=CIFAR10 seed=9 labels=2500 accuracy=33.2300% seconds=1.6
COMPLETE source=CIFAR100 target=CIFAR10 n=10 mean=33.5900 std=1.2341973956628898
RUN source=CIFAR100 target=Aircraft seed=0 labels=66 accuracy=1.5002% seconds=0.8
RUN source=CIFAR100 target=Aircraft seed=1 labels=66 accuracy=1.5002% seconds=0.4
RUN source=CIFAR100 target=Aircraft seed=2 labels=66 accuracy=1.7102% seconds=0.4
RUN source=CIFAR100 target=Aircraft seed=3 labels=66 accuracy=1.5302% seconds=0.4
RUN source=CIFAR100 target=Aircraft seed=4 labels=66 accuracy=1.3201% seconds=0.4
RUN source=CIFAR100 target=Aircraft seed=5 labels=66 accuracy=1.1401% seconds=0.4
RUN source=CIFAR100 target=Aircraft seed=6 labels=66 accuracy=1.5902% seconds=0.4
RUN source=CIFAR100 target=Aircraft seed=7 labels=66 accuracy=1.7702% seconds=0.4
RUN source=CIFAR100 target=Aircraft seed=8 labels=66 accuracy=1.9802% seconds=0.4
RUN source=CIFAR100 target=Aircraft seed=9 labels=66 accuracy=1.8602% seconds=0.4
COMPLETE source=CIFAR100 target=Aircraft n=10 mean=1.5902 std=0.25102310348596607
RUN source=CIFAR100 target=Aircraft seed=0 labels=333 accuracy=1.6202% seconds=0.8
RUN source=CIFAR100 target=Aircraft seed=1 labels=333 accuracy=1.8302% seconds=0.5
RUN source=CIFAR100 target=Aircraft seed=2 labels=333 accuracy=2.1602% seconds=0.4
RUN source=CIFAR100 target=Aircraft seed=3 labels=333 accuracy=2.0702% seconds=0.4
RUN source=CIFAR100 target=Aircraft seed=4 labels=333 accuracy=1.5602% seconds=0.4
RUN source=CIFAR100 target=Aircraft seed=5 labels=333 accuracy=1.9202% seconds=0.4
RUN source=CIFAR100 target=Aircraft seed=6 labels=333 accuracy=2.2802% seconds=0.4
RUN source=CIFAR100 target=Aircraft seed=7 labels=333 accuracy=1.9802% seconds=0.4
RUN source=CIFAR100 target=Aircraft seed=8 labels=333 accuracy=1.9502% seconds=0.4
RUN source=CIFAR100 target=Aircraft seed=9 labels=333 accuracy=1.5902% seconds=0.4
COMPLETE source=CIFAR100 target=Aircraft n=10 mean=1.8962 std=0.24611400400011044
RUN source=CIFAR100 target=CUB2011 seed=0 labels=59 accuracy=0.8112% seconds=0.9
RUN source=CIFAR100 target=CUB2011 seed=1 labels=59 accuracy=0.8802% seconds=0.5
RUN source=CIFAR100 target=CUB2011 seed=2 labels=59 accuracy=0.9493% seconds=0.5
RUN source=CIFAR100 target=CUB2011 seed=3 labels=59 accuracy=0.8112% seconds=0.5
RUN source=CIFAR100 target=CUB2011 seed=4 labels=59 accuracy=0.8112% seconds=0.5
RUN source=CIFAR100 target=CUB2011 seed=5 labels=59 accuracy=1.0010% seconds=0.5
RUN source=CIFAR100 target=CUB2011 seed=6 labels=59 accuracy=0.8802% seconds=0.5
RUN source=CIFAR100 target=CUB2011 seed=7 labels=59 accuracy=0.5696% seconds=0.5
RUN source=CIFAR100 target=CUB2011 seed=8 labels=59 accuracy=0.8457% seconds=0.5
RUN source=CIFAR100 target=CUB2011 seed=9 labels=59 accuracy=0.7249% seconds=0.5
COMPLETE source=CIFAR100 target=CUB2011 n=10 mean=0.8284 std=0.1195754789126507
RUN source=CIFAR100 target=CUB2011 seed=0 labels=299 accuracy=0.7767% seconds=0.9
RUN source=CIFAR100 target=CUB2011 seed=1 labels=299 accuracy=0.9147% seconds=0.5
RUN source=CIFAR100 target=CUB2011 seed=2 labels=299 accuracy=0.9665% seconds=0.5
RUN source=CIFAR100 target=CUB2011 seed=3 labels=299 accuracy=0.7421% seconds=0.5
RUN source=CIFAR100 target=CUB2011 seed=4 labels=299 accuracy=0.8112% seconds=0.5
RUN source=CIFAR100 target=CUB2011 seed=5 labels=299 accuracy=0.8457% seconds=0.5
RUN source=CIFAR100 target=CUB2011 seed=6 labels=299 accuracy=0.9665% seconds=0.5
RUN source=CIFAR100 target=CUB2011 seed=7 labels=299 accuracy=0.8284% seconds=0.5
RUN source=CIFAR100 target=CUB2011 seed=8 labels=299 accuracy=0.8630% seconds=0.5
RUN source=CIFAR100 target=CUB2011 seed=9 labels=299 accuracy=0.8630% seconds=0.5
COMPLETE source=CIFAR100 target=CUB2011 n=10 mean=0.8578 std=0.0745905953523231
RUN source=CIFAR100 target=Dogs seed=0 labels=120 accuracy=1.5967% seconds=0.9
RUN source=CIFAR100 target=Dogs seed=1 labels=120 accuracy=1.1772% seconds=0.6
RUN source=CIFAR100 target=Dogs seed=2 labels=120 accuracy=1.4569% seconds=0.5
RUN source=CIFAR100 target=Dogs seed=3 labels=120 accuracy=1.3869% seconds=0.6
RUN source=CIFAR100 target=Dogs seed=4 labels=120 accuracy=1.5268% seconds=0.6
RUN source=CIFAR100 target=Dogs seed=5 labels=120 accuracy=1.2587% seconds=0.5
RUN source=CIFAR100 target=Dogs seed=6 labels=120 accuracy=1.6434% seconds=0.5
RUN source=CIFAR100 target=Dogs seed=7 labels=120 accuracy=1.1305% seconds=0.5
RUN source=CIFAR100 target=Dogs seed=8 labels=120 accuracy=0.9790% seconds=0.5
RUN source=CIFAR100 target=Dogs seed=9 labels=120 accuracy=1.2821% seconds=0.5
COMPLETE source=CIFAR100 target=Dogs n=10 mean=1.3438 std=0.21582236464451537
RUN source=CIFAR100 target=Dogs seed=0 labels=600 accuracy=1.0373% seconds=1.1
RUN source=CIFAR100 target=Dogs seed=1 labels=600 accuracy=1.8765% seconds=0.7
RUN source=CIFAR100 target=Dogs seed=2 labels=600 accuracy=1.1772% seconds=0.7
RUN source=CIFAR100 target=Dogs seed=3 labels=600 accuracy=1.4336% seconds=0.7
RUN source=CIFAR100 target=Dogs seed=4 labels=600 accuracy=1.4802% seconds=0.7
RUN source=CIFAR100 target=Dogs seed=5 labels=600 accuracy=1.4103% seconds=0.7
RUN source=CIFAR100 target=Dogs seed=6 labels=600 accuracy=1.6783% seconds=0.7
RUN source=CIFAR100 target=Dogs seed=7 labels=600 accuracy=1.5385% seconds=0.7
RUN source=CIFAR100 target=Dogs seed=8 labels=600 accuracy=1.2937% seconds=0.7
RUN source=CIFAR100 target=Dogs seed=9 labels=600 accuracy=1.1305% seconds=0.7
COMPLETE source=CIFAR100 target=Dogs n=10 mean=1.4056 std=0.25736208570716346
RUN source=CIFAR100 target=Flowers seed=0 labels=10 accuracy=2.0816% seconds=0.9
RUN source=CIFAR100 target=Flowers seed=1 labels=10 accuracy=2.1630% seconds=0.5
RUN source=CIFAR100 target=Flowers seed=2 labels=10 accuracy=2.6020% seconds=0.5
RUN source=CIFAR100 target=Flowers seed=3 labels=10 accuracy=1.2034% seconds=0.5
RUN source=CIFAR100 target=Flowers seed=4 labels=10 accuracy=1.4799% seconds=0.5
RUN source=CIFAR100 target=Flowers seed=5 labels=10 accuracy=2.7647% seconds=0.5
RUN source=CIFAR100 target=Flowers seed=6 labels=10 accuracy=2.1142% seconds=0.5
RUN source=CIFAR100 target=Flowers seed=7 labels=10 accuracy=1.2034% seconds=0.5
RUN source=CIFAR100 target=Flowers seed=8 labels=10 accuracy=2.4719% seconds=0.5
RUN source=CIFAR100 target=Flowers seed=9 labels=10 accuracy=1.3661% seconds=0.5
COMPLETE source=CIFAR100 target=Flowers n=10 mean=1.9450 std=0.589472863995219
RUN source=CIFAR100 target=Flowers seed=0 labels=51 accuracy=1.4799% seconds=0.8
RUN source=CIFAR100 target=Flowers seed=1 labels=51 accuracy=2.0979% seconds=0.4
RUN source=CIFAR100 target=Flowers seed=2 labels=51 accuracy=2.2117% seconds=0.4
RUN source=CIFAR100 target=Flowers seed=3 labels=51 accuracy=2.6020% seconds=0.4
RUN source=CIFAR100 target=Flowers seed=4 labels=51 accuracy=2.1792% seconds=0.4
RUN source=CIFAR100 target=Flowers seed=5 labels=51 accuracy=2.5370% seconds=0.4
RUN source=CIFAR100 target=Flowers seed=6 labels=51 accuracy=2.2117% seconds=0.4
RUN source=CIFAR100 target=Flowers seed=7 labels=51 accuracy=2.5695% seconds=0.4
RUN source=CIFAR100 target=Flowers seed=8 labels=51 accuracy=4.4723% seconds=0.4
RUN source=CIFAR100 target=Flowers seed=9 labels=51 accuracy=1.7401% seconds=0.4
COMPLETE source=CIFAR100 target=Flowers n=10 mean=2.4101 std=0.8079122658046299
