RUN source=TinyImageNet target=CIFAR10 seed=0 labels=500 accuracy=33.8600% seconds=1.2
RUN source=TinyImageNet target=CIFAR10 seed=1 labels=500 accuracy=31.1400% seconds=0.9
RUN source=TinyImageNet target=CIFAR10 seed=2 labels=500 accuracy=32.5900% seconds=0.8
RUN source=TinyImageNet target=CIFAR10 seed=3 labels=500 accuracy=32.9800% seconds=0.8
RUN source=TinyImageNet target=CIFAR10 seed=4 labels=500 accuracy=31.8200% seconds=0.8
RUN source=TinyImageNet target=CIFAR10 seed=5 labels=500 accuracy=30.8900% seconds=0.8
RUN source=TinyImageNet target=CIFAR10 seed=6 labels=500 accuracy=31.4100% seconds=0.8
RUN source=TinyImageNet target=CIFAR10 seed=7 labels=500 accuracy=32.4700% seconds=0.8
RUN source=TinyImageNet target=CIFAR10 seed=8 labels=500 accuracy=33.1000% seconds=0.8
RUN source=TinyImageNet target=CIFAR10 seed=9 labels=500 accuracy=33.4200% seconds=0.8
COMPLETE source=TinyImageNet target=CIFAR10 n=10 mean=32.3680 std=1.0117834972815984
RUN source=TinyImageNet target=CIFAR10 seed=0 labels=2500 accuracy=38.5700% seconds=1.9
RUN source=TinyImageNet target=CIFAR10 seed=1 labels=2500 accuracy=37.4900% seconds=1.6
RUN source=TinyImageNet target=CIFAR10 seed=2 labels=2500 accuracy=37.4100% seconds=1.6
RUN source=TinyImageNet target=CIFAR10 seed=3 labels=2500 accuracy=38.3400% seconds=1.6
RUN source=TinyImageNet target=CIFAR10 seed=4 labels=2500 accuracy=37.8800% seconds=1.6
RUN source=TinyImageNet target=CIFAR10 seed=5 labels=2500 accuracy=37.5300% seconds=1.6
RUN source=TinyImageNet target=CIFAR10 seed=6 labels=2500 accuracy=37.6500% seconds=1.6
RUN source=TinyImageNet target=CIFAR10 seed=7 labels=2500 accuracy=37.3700% seconds=1.6
RUN source=TinyImageNet target=CIFAR10 seed=8 labels=2500 accuracy=39.2000% seconds=1.6
RUN source=TinyImageNet target=CIFAR10 seed=9 labels=2500 accuracy=37.3100% seconds=1.6
COMPLETE source=TinyImageNet target=CIFAR10 n=10 mean=37.8750 std=0.6292191305038415
RUN source=TinyImageNet target=CIFAR100 seed=0 labels=500 accuracy=5.0400% seconds=1.2
RUN source=TinyImageNet target=CIFAR100 seed=1 labels=500 accuracy=5.4800% seconds=0.8
RUN source=TinyImageNet target=CIFAR100 seed=2 labels=500 accuracy=5.5500% seconds=0.8
RUN source=TinyImageNet target=CIFAR100 seed=3 labels=500 accuracy=5.1900% seconds=0.8
RUN source=TinyImageNet target=CIFAR100 seed=4 labels=500 accuracy=5.7000% seconds=0.8
RUN source=TinyImageNet target=CIFAR100 seed=5 labels=500 accuracy=5.0200% seconds=0.8
RUN source=TinyImageNet target=CIFAR100 seed=6 labels=500 accuracy=5.7200% seconds=0.8
RUN source=TinyImageNet target=CIFAR100 seed=7 labels=500 accuracy=4.9600% seconds=0.8
RUN source=TinyImageNet target=CIFAR100 seed=8 labels=500 accuracy=5.9400% seconds=0.8
RUN source=TinyImageNet target=CIFAR100 seed=9 labels=500 accuracy=5.7900% seconds=0.8
COMPLETE source=TinyImageNet target=CIFAR100 n=10 mean=5.4390 std=0.35924150388366544
RUN source=TinyImageNet target=CIFAR100 seed=0 labels=2500 accuracy=9.4600% seconds=2.0
RUN source=TinyImageNet target=CIFAR100 seed=1 labels=2500 accuracy=9.5100% seconds=1.6
RUN source=TinyImageNet target=CIFAR100 seed=2 labels=2500 accuracy=9.6800% seconds=1.6
RUN source=TinyImageNet target=CIFAR100 seed=3 labels=2500 accuracy=9.7500% seconds=1.6
RUN source=TinyImageNet target=CIFAR100 seed=4 labels=2500 accuracy=10.1100% seconds=1.6
RUN source=TinyImageNet target=CIFAR100 seed=5 labels=2500 accuracy=7.9100% seconds=1.6
RUN source=TinyImageNet target=CIFAR100 seed=6 labels=2500 accuracy=9.7300% seconds=1.6
RUN source=TinyImageNet target=CIFAR100 seed=7 labels=2500 accuracy=9.8400% seconds=1.6
RUN source=TinyImageNet target=CIFAR100 seed=8 labels=2500 accuracy=9.4000% seconds=1.7
RUN source=TinyImageNet target=CIFAR100 seed=9 labels=2500 accuracy=9.4100% seconds=1.6
COMPLETE source=TinyImageNet target=CIFAR100 n=10 mean=9.4800 std=0.5943624070936618
RUN source=TinyImageNet target=Aircraft seed=0 labels=66 accuracy=1.8302% seconds=0.8
RUN source=TinyImageNet target=Aircraft seed=1 labels=66 accuracy=2.1902% seconds=0.4
RUN source=TinyImageNet target=Aircraft seed=2 labels=66 accuracy=1.8302% seconds=0.4
RUN source=TinyImageNet target=Aircraft seed=3 labels=66 accuracy=1.8302% seconds=0.4
RUN source=TinyImageNet target=Aircraft seed=4 labels=66 accuracy=2.0702% seconds=0.4
RUN source=TinyImageNet target=Aircraft seed=5 labels=66 accuracy=1.4401% seconds=0.4
RUN source=TinyImageNet target=Aircraft seed=6 labels=66 accuracy=2.7003% seconds=0.4
RUN source=TinyImageNet target=Aircraft seed=7 labels=66 accuracy=1.8002% seconds=0.4
RUN source=TinyImageNet target=Aircraft seed=8 labels=66 accuracy=1.6202% seconds=0.4
RUN source=TinyImageNet target=Aircraft seed=9 labels=66 accuracy=1.9202% seconds=0.4
COMPLETE source=TinyImageNet target=Aircraft n=10 mean=1.9232 std=0.34367662292194895
RUN source=TinyImageNet target=Aircraft seed=0 labels=333 accuracy=2.4002% seconds=0.8
RUN source=TinyImageNet target=Aircraft seed=1 labels=333 accuracy=2.3102% seconds=0.5
RUN source=TinyImageNet target=Aircraft seed=2 labels=333 accuracy=2.7303% seconds=0.4
RUN source=TinyImageNet target=Aircraft seed=3 labels=333 accuracy=2.4602% seconds=0.4
RUN source=TinyImageNet target=Aircraft seed=4 labels=333 accuracy=2.1002% seconds=0.5
RUN source=TinyImageNet target=Aircraft seed=5 labels=333 accuracy=2.4902% seconds=0.4
RUN source=TinyImageNet target=Aircraft seed=6 labels=333 accuracy=2.4302% seconds=0.4
RUN source=TinyImageNet target=Aircraft seed=7 labels=333 accuracy=2.4302% seconds=0.4
RUN source=TinyImageNet target=Aircraft seed=8 labels=333 accuracy=2.4602% seconds=0.4
RUN source=TinyImageNet target=Aircraft seed=9 labels=333 accuracy=2.3102% seconds=0.4
COMPLETE source=TinyImageNet target=Aircraft n=10 mean=2.4122 std=0.1601409607501013
RUN source=TinyImageNet target=CUB2011 seed=0 labels=59 accuracy=0.9493% seconds=0.9
RUN source=TinyImageNet target=CUB2011 seed=1 labels=59 accuracy=0.8802% seconds=0.5
RUN source=TinyImageNet target=CUB2011 seed=2 labels=59 accuracy=0.9147% seconds=0.5
RUN source=TinyImageNet target=CUB2011 seed=3 labels=59 accuracy=1.0183% seconds=0.5
RUN source=TinyImageNet target=CUB2011 seed=4 labels=59 accuracy=0.6904% seconds=0.5
RUN source=TinyImageNet target=CUB2011 seed=5 labels=59 accuracy=0.9147% seconds=0.5
RUN source=TinyImageNet target=CUB2011 seed=6 labels=59 accuracy=0.8975% seconds=0.5
RUN source=TinyImageNet target=CUB2011 seed=7 labels=59 accuracy=0.7421% seconds=0.5
RUN source=TinyImageNet target=CUB2011 seed=8 labels=59 accuracy=1.0010% seconds=0.5
RUN source=TinyImageNet target=CUB2011 seed=9 labels=59 accuracy=0.9320% seconds=0.5
COMPLETE source=TinyImageNet target=CUB2011 n=10 mean=0.8940 std=0.10381077835698127
RUN source=TinyImageNet target=CUB2011 seed=0 labels=299 accuracy=1.0873% seconds=0.9
RUN source=TinyImageNet target=CUB2011 seed=1 labels=299 accuracy=0.8975% seconds=0.5
RUN source=TinyImageNet target=CUB2011 seed=2 labels=299 accuracy=0.7594% seconds=0.5
RUN source=TinyImageNet target=CUB2011 seed=3 labels=299 accuracy=1.0356% seconds=0.5
RUN source=TinyImageNet target=CUB2011 seed=4 labels=299 accuracy=0.9147% seconds=0.5
RUN source=TinyImageNet target=CUB2011 seed=5 labels=299 accuracy=1.0528% seconds=0.5
RUN source=TinyImageNet target=CUB2011 seed=6 labels=299 accuracy=1.0873% seconds=0.5
RUN source=TinyImageNet target=CUB2011 seed=7 labels=299 accuracy=0.9493% seconds=0.5
RUN source=TinyImageNet target=CUB2011 seed=8 labels=299 accuracy=0.9838% seconds=0.5
RUN source=TinyImageNet target=CUB2011 seed=9 labels=299 accuracy=0.8802% seconds=0.5
COMPLETE source=TinyImageNet target=CUB2011 n=10 mean=0.9648 std=0.10528288482252848
RUN source=TinyImageNet target=Dogs seed=0 labels=120 accuracy=1.8065% seconds=0.9
RUN source=TinyImageNet target=Dogs seed=1 labels=120 accuracy=1.4918% seconds=0.6
RUN source=TinyImageNet target=Dogs seed=2 labels=120 accuracy=1.2821% seconds=0.5
RUN source=TinyImageNet target=Dogs seed=3 labels=120 accuracy=1.4569% seconds=0.6
RUN source=TinyImageNet target=Dogs seed=4 labels=120 accuracy=1.8415% seconds=0.6
RUN source=TinyImageNet target=Dogs seed=5 labels=120 accuracy=1.3636% seconds=0.5
RUN source=TinyImageNet target=Dogs seed=6 labels=120 accuracy=1.6084% seconds=0.5
RUN source=TinyImageNet target=Dogs seed=7 labels=120 accuracy=1.8065% seconds=0.5
RUN source=TinyImageNet target=Dogs seed=8 labels=120 accuracy=1.2587% seconds=0.5
RUN source=TinyImageNet target=Dogs seed=9 labels=120 accuracy=1.1189% seconds=0.5
COMPLETE source=TinyImageNet target=Dogs n=10 mean=1.5035 std=0.2555257894313859
RUN source=TinyImageNet target=Dogs seed=0 labels=600 accuracy=2.0513% seconds=1.1
RUN source=TinyImageNet target=Dogs seed=1 labels=600 accuracy=2.0396% seconds=0.7
RUN source=TinyImageNet target=Dogs seed=2 labels=600 accuracy=2.0047% seconds=0.7
RUN source=TinyImageNet target=Dogs seed=3 labels=600 accuracy=2.0746% seconds=0.7
RUN source=TinyImageNet target=Dogs seed=4 labels=600 accuracy=2.3077% seconds=0.7
RUN source=TinyImageNet target=Dogs seed=5 labels=600 accuracy=1.7832% seconds=0.7
RUN source=TinyImageNet target=Dogs seed=6 labels=600 accuracy=2.3077% seconds=0.7
RUN source=TinyImageNet target=Dogs seed=7 labels=600 accuracy=2.4126% seconds=0.7
RUN source=TinyImageNet target=Dogs seed=8 labels=600 accuracy=1.8998% seconds=0.7
RUN source=TinyImageNet target=Dogs seed=9 labels=600 accuracy=1.7716% seconds=0.7
COMPLETE source=TinyImageNet target=Dogs n=10 mean=2.0653 std=0.22009842463580415
RUN source=TinyImageNet target=Flowers seed=0 labels=10 accuracy=1.8214% seconds=0.9
RUN source=TinyImageNet target=Flowers seed=1 labels=10 accuracy=2.1142% seconds=0.5
RUN source=TinyImageNet target=Flowers seed=2 labels=10 accuracy=1.9515% seconds=0.5
RUN source=TinyImageNet target=Flowers seed=3 labels=10 accuracy=1.6425% seconds=0.5
RUN source=TinyImageNet target=Flowers seed=4 labels=10 accuracy=1.7564% seconds=0.5
RUN source=TinyImageNet target=Flowers seed=5 labels=10 accuracy=2.9598% seconds=0.5
RUN source=TinyImageNet target=Flowers seed=6 labels=10 accuracy=2.8297% seconds=0.5
RUN source=TinyImageNet target=Flowers seed=7 labels=10 accuracy=1.5450% seconds=0.5
RUN source=TinyImageNet target=Flowers seed=8 labels=10 accuracy=2.2117% seconds=0.5
RUN source=TinyImageNet target=Flowers seed=9 labels=10 accuracy=1.2197% seconds=0.5
COMPLETE source=TinyImageNet target=Flowers n=10 mean=2.0052 std=0.5481876929622425
RUN source=TinyImageNet target=Flowers seed=0 labels=51 accuracy=2.5695% seconds=0.8
RUN source=TinyImageNet target=Flowers seed=1 labels=51 accuracy=2.3093% seconds=0.4
RUN source=TinyImageNet target=Flowers seed=2 labels=51 accuracy=3.4802% seconds=0.4
RUN source=TinyImageNet target=Flowers seed=3 labels=51 accuracy=3.1225% seconds=0.4
RUN source=TinyImageNet target=Flowers seed=4 labels=51 accuracy=2.2443% seconds=0.4
RUN source=TinyImageNet target=Flowers seed=5 labels=51 accuracy=2.1467% seconds=0.4
RUN source=TinyImageNet target=Flowers seed=6 labels=51 accuracy=3.8543% seconds=0.4
RUN source=TinyImageNet target=Flowers seed=7 labels=51 accuracy=2.8297% seconds=0.4
RUN source=TinyImageNet target=Flowers seed=8 labels=51 accuracy=2.6183% seconds=0.4
RUN source=TinyImageNet target=Flowers seed=9 labels=51 accuracy=1.8865% seconds=0.4
COMPLETE source=TinyImageNet target=Flowers n=10 mean=2.7061 std=0.6225443368259137
