RUN source=CIFAR100 target=TinyImageNet seed=0 labels=1000 accuracy=1.1100% seconds=1.6
RUN source=CIFAR100 target=TinyImageNet seed=1 labels=1000 accuracy=0.8300% seconds=1.2
RUN source=CIFAR100 target=TinyImageNet seed=2 labels=1000 accuracy=0.7700% seconds=1.2
RUN source=CIFAR100 target=TinyImageNet seed=3 labels=1000 accuracy=0.5100% seconds=1.2
RUN source=CIFAR100 target=TinyImageNet seed=4 labels=1000 accuracy=0.9400% seconds=1.2
RUN source=CIFAR100 target=TinyImageNet seed=5 labels=1000 accuracy=0.6600% seconds=1.2
RUN source=CIFAR100 target=TinyImageNet seed=6 labels=1000 accuracy=0.7800% seconds=1.2
RUN source=CIFAR100 target=TinyImageNet seed=7 labels=1000 accuracy=0.8700% seconds=1.2
RUN source=CIFAR100 target=TinyImageNet seed=8 labels=1000 accuracy=1.1100% seconds=1.2
RUN source=CIFAR100 target=TinyImageNet seed=9 labels=1000 accuracy=0.6600% seconds=1.2
COMPLETE source=CIFAR100 target=TinyImageNet n=10 mean=0.8240 std=0.19334482549624454
RUN source=CIFAR100 target=TinyImageNet seed=0 labels=5000 accuracy=1.4800% seconds=3.1
RUN source=CIFAR100 target=TinyImageNet seed=1 labels=5000 accuracy=1.5000% seconds=2.8
RUN source=CIFAR100 target=TinyImageNet seed=2 labels=5000 accuracy=1.4900% seconds=2.8
RUN source=CIFAR100 target=TinyImageNet seed=3 labels=5000 accuracy=1.2900% seconds=2.8
RUN source=CIFAR100 target=TinyImageNet seed=4 labels=5000 accuracy=0.9500% seconds=2.8
RUN source=CIFAR100 target=TinyImageNet seed=5 labels=5000 accuracy=1.7400% seconds=2.8
RUN source=CIFAR100 target=TinyImageNet seed=6 labels=5000 accuracy=1.1000% seconds=2.8
RUN source=CIFAR100 target=TinyImageNet seed=7 labels=5000 accuracy=0.9000% seconds=2.8
RUN source=CIFAR100 target=TinyImageNet seed=8 labels=5000 accuracy=2.0000% seconds=2.8
RUN source=CIFAR100 target=TinyImageNet seed=9 labels=5000 accuracy=1.8500% seconds=2.8
COMPLETE source=CIFAR100 target=TinyImageNet n=10 mean=1.4300 std=0.3724095812289486
RUN source=CIFAR100 target=CIFAR10 seed=0 labels=500 accuracy=29.3100% seconds=1.1
RUN source=CIFAR100 target=CIFAR10 seed=1 labels=500 accuracy=24.8200% seconds=0.8
RUN source=CIFAR100 target=CIFAR10 seed=2 labels=500 accuracy=22.1200% seconds=0.8
RUN source=CIFAR100 target=CIFAR10 seed=3 labels=500 accuracy=27.4300% seconds=0.8
RUN source=CIFAR100 target=CIFAR10 seed=4 labels=500 accuracy=27.6900% seconds=0.8
RUN source=CIFAR100 target=CIFAR10 seed=5 labels=500 accuracy=27.4600% seconds=0.8
RUN source=CIFAR100 target=CIFAR10 seed=6 labels=500 accuracy=23.5600% seconds=0.8
RUN source=CIFAR100 target=CIFAR10 seed=7 labels=500 accuracy=27.7700% seconds=0.8
RUN source=CIFAR100 target=CIFAR10 seed=8 labels=500 accuracy=28.8000% seconds=0.8
RUN source=CIFAR100 target=CIFAR10 seed=9 labels=500 accuracy=29.4500% seconds=0.8
COMPLETE source=CIFAR100 target=CIFAR10 n=10 mean=26.8410 std=2.4987039498910826
RUN source=CIFAR100 target=CIFAR10 seed=0 labels=2500 accuracy=32.1900% seconds=1.9
RUN source=CIFAR100 target=CIFAR10 seed=1 labels=2500 accuracy=32.6200% seconds=1.6
RUN source=CIFAR100 target=CIFAR10 seed=2 labels=2500 accuracy=31.5500% seconds=1.6
RUN source=CIFAR100 target=CIFAR10 seed=3 labels=2500 accuracy=33.5900% seconds=1.6
RUN source=CIFAR100 target=CIFAR10 seed=4 labels=2500 accuracy=31.4300% seconds=1.6
RUN source=CIFAR100 target=CIFAR10 seed=5 labels=2500 accuracy=32.3100% seconds=1.6
RUN source=CIFAR100 target=CIFAR10 seed=6 labels=2500 accuracy=30.0700% seconds=1.6
RUN source=CIFAR100 target=CIFAR10 seed=7 labels=2500 accuracy=33.0100% seconds=1.6
RUN source=CIFAR100 target=CIFAR10 seed=8 labels=2500 accuracy=33.5400% seconds=1.6
RUN source=CIFAR100 target=CIFAR10 seed=9 labels=2500 accuracy=31.6000% seconds=1.6
COMPLETE source=CIFAR100 target=CIFAR10 n=10 mean=32.1910 std=1.0792945229763053
RUN source=CIFAR100 target=Aircraft seed=0 labels=66 accuracy=1.3501% seconds=0.8
RUN source=CIFAR100 target=Aircraft seed=1 labels=66 accuracy=1.2001% seconds=0.4
RUN source=CIFAR100 target=Aircraft seed=2 labels=66 accuracy=1.6802% seconds=0.4
RUN source=CIFAR100 target=Aircraft seed=3 labels=66 accuracy=1.6502% seconds=0.4
RUN source=CIFAR100 target=Aircraft seed=4 labels=66 accuracy=1.0501% seconds=0.4
RUN source=CIFAR100 target=Aircraft seed=5 labels=66 accuracy=1.1701% seconds=0.4
RUN source=CIFAR100 target=Aircraft seed=6 labels=66 accuracy=1.1101% seconds=0.4
RUN source=CIFAR100 target=Aircraft seed=7 labels=66 accuracy=1.2301% seconds=0.4
RUN source=CIFAR100 target=Aircraft seed=8 labels=66 accuracy=1.4401% seconds=0.4
RUN source=CIFAR100 target=Aircraft seed=9 labels=66 accuracy=2.2802% seconds=0.4
COMPLETE source=CIFAR100 target=Aircraft n=10 mean=1.4161 std=0.37200490761475036
RUN source=CIFAR100 target=Aircraft seed=0 labels=333 accuracy=1.2301% seconds=0.8
RUN source=CIFAR100 target=Aircraft seed=1 labels=333 accuracy=0.9901% seconds=0.5
RUN source=CIFAR100 target=Aircraft seed=2 labels=333 accuracy=1.5902% seconds=0.4
RUN source=CIFAR100 target=Aircraft seed=3 labels=333 accuracy=1.2001% seconds=0.4
RUN source=CIFAR100 target=Aircraft seed=4 labels=333 accuracy=1.4401% seconds=0.4
RUN source=CIFAR100 target=Aircraft seed=5 labels=333 accuracy=1.0501% seconds=0.4
RUN source=CIFAR100 target=Aircraft seed=6 labels=333 accuracy=1.1401% seconds=0.4
RUN source=CIFAR100 target=Aircraft seed=7 labels=333 accuracy=1.5302% seconds=0.4
RUN source=CIFAR100 target=Aircraft seed=8 labels=333 accuracy=1.4701% seconds=0.4
RUN source=CIFAR100 target=Aircraft seed=9 labels=333 accuracy=1.2001% seconds=0.4
COMPLETE source=CIFAR100 target=Aircraft n=10 mean=1.2841 std=0.2087311956837351
RUN source=CIFAR100 target=CUB2011 seed=0 labels=59 accuracy=0.8112% seconds=0.8
RUN source=CIFAR100 target=CUB2011 seed=1 labels=59 accuracy=1.0183% seconds=0.5
RUN source=CIFAR100 target=CUB2011 seed=2 labels=59 accuracy=0.5350% seconds=0.5
RUN source=CIFAR100 target=CUB2011 seed=3 labels=59 accuracy=0.8630% seconds=0.5
RUN source=CIFAR100 target=CUB2011 seed=4 labels=59 accuracy=0.6386% seconds=0.5
RUN source=CIFAR100 target=CUB2011 seed=5 labels=59 accuracy=1.1391% seconds=0.5
RUN source=CIFAR100 target=CUB2011 seed=6 labels=59 accuracy=0.8284% seconds=0.5
RUN source=CIFAR100 target=CUB2011 seed=7 labels=59 accuracy=0.6213% seconds=0.5
RUN source=CIFAR100 target=CUB2011 seed=8 labels=59 accuracy=0.8630% seconds=0.5
RUN source=CIFAR100 target=CUB2011 seed=9 labels=59 accuracy=0.5178% seconds=0.5
COMPLETE source=CIFAR100 target=CUB2011 n=10 mean=0.7836 std=0.20457024732551582
RUN source=CIFAR100 target=CUB2011 seed=0 labels=299 accuracy=0.3624% seconds=0.9
RUN source=CIFAR100 target=CUB2011 seed=1 labels=299 accuracy=0.5178% seconds=0.5
RUN source=CIFAR100 target=CUB2011 seed=2 labels=299 accuracy=0.5350% seconds=0.5
RUN source=CIFAR100 target=CUB2011 seed=3 labels=299 accuracy=0.6904% seconds=0.5
RUN source=CIFAR100 target=CUB2011 seed=4 labels=299 accuracy=0.7594% seconds=0.5
RUN source=CIFAR100 target=CUB2011 seed=5 labels=299 accuracy=0.7421% seconds=0.5
RUN source=CIFAR100 target=CUB2011 seed=6 labels=299 accuracy=0.5350% seconds=0.5
RUN source=CIFAR100 target=CUB2011 seed=7 labels=299 accuracy=0.5005% seconds=0.5
RUN source=CIFAR100 target=CUB2011 seed=8 labels=299 accuracy=0.7421% seconds=0.5
RUN source=CIFAR100 target=CUB2011 seed=9 labels=299 accuracy=0.8457% seconds=0.5
COMPLETE source=CIFAR100 target=CUB2011 n=10 mean=0.6231 std=0.15296048212634886
RUN source=CIFAR100 target=Dogs seed=0 labels=120 accuracy=1.0723% seconds=0.9
RUN source=CIFAR100 target=Dogs seed=1 labels=120 accuracy=1.2937% seconds=0.6
RUN source=CIFAR100 target=Dogs seed=2 labels=120 accuracy=0.7809% seconds=0.5
RUN source=CIFAR100 target=Dogs seed=3 labels=120 accuracy=0.8042% seconds=0.6
RUN source=CIFAR100 target=Dogs seed=4 labels=120 accuracy=0.8392% seconds=0.6
RUN source=CIFAR100 target=Dogs seed=5 labels=120 accuracy=1.0956% seconds=0.5
RUN source=CIFAR100 target=Dogs seed=6 labels=120 accuracy=1.1305% seconds=0.5
RUN source=CIFAR100 target=Dogs seed=7 labels=120 accuracy=1.2354% seconds=0.5
RUN source=CIFAR100 target=Dogs seed=8 labels=120 accuracy=0.9207% seconds=0.5
RUN source=CIFAR100 target=Dogs seed=9 labels=120 accuracy=0.5828% seconds=0.5
COMPLETE source=CIFAR100 target=Dogs n=10 mean=0.9755 std=0.2260024109598145
RUN source=CIFAR100 target=Dogs seed=0 labels=600 accuracy=0.9441% seconds=1.1
RUN source=CIFAR100 target=Dogs seed=1 labels=600 accuracy=1.2821% seconds=0.7
RUN source=CIFAR100 target=Dogs seed=2 labels=600 accuracy=0.8508% seconds=0.7
RUN source=CIFAR100 target=Dogs seed=3 labels=600 accuracy=1.1422% seconds=0.7
RUN source=CIFAR100 target=Dogs seed=4 labels=600 accuracy=1.1189% seconds=0.7
RUN source=CIFAR100 target=Dogs seed=5 labels=600 accuracy=0.8508% seconds=0.7
RUN source=CIFAR100 target=Dogs seed=6 labels=600 accuracy=1.0140% seconds=0.7
RUN source=CIFAR100 target=Dogs seed=7 labels=600 accuracy=0.8159% seconds=0.7
RUN source=CIFAR100 target=Dogs seed=8 labels=600 accuracy=1.1189% seconds=0.7
RUN source=CIFAR100 target=Dogs seed=9 labels=600 accuracy=0.8741% seconds=0.7
COMPLETE source=CIFAR100 target=Dogs n=10 mean=1.0012 std=0.1583299916531886
RUN source=CIFAR100 target=Flowers seed=0 labels=10 accuracy=1.9027% seconds=0.9
RUN source=CIFAR100 target=Flowers seed=1 labels=10 accuracy=2.7647% seconds=0.5
RUN source=CIFAR100 target=Flowers seed=2 labels=10 accuracy=2.6346% seconds=0.5
RUN source=CIFAR100 target=Flowers seed=3 labels=10 accuracy=1.2360% seconds=0.5
RUN source=CIFAR100 target=Flowers seed=4 labels=10 accuracy=1.9353% seconds=0.5
RUN source=CIFAR100 target=Flowers seed=5 labels=10 accuracy=2.8948% seconds=0.5
RUN source=CIFAR100 target=Flowers seed=6 labels=10 accuracy=2.4394% seconds=0.5
RUN source=CIFAR100 target=Flowers seed=7 labels=10 accuracy=2.8135% seconds=0.5
RUN source=CIFAR100 target=Flowers seed=8 labels=10 accuracy=2.3093% seconds=0.5
RUN source=CIFAR100 target=Flowers seed=9 labels=10 accuracy=1.5124% seconds=0.5
COMPLETE source=CIFAR100 target=Flowers n=10 mean=2.2443 std=0.5751303865573273
RUN source=CIFAR100 target=Flowers seed=0 labels=51 accuracy=1.3498% seconds=0.8
RUN source=CIFAR100 target=Flowers seed=1 labels=51 accuracy=1.0246% seconds=0.4
RUN source=CIFAR100 target=Flowers seed=2 labels=51 accuracy=1.5450% seconds=0.4
RUN source=CIFAR100 target=Flowers seed=3 labels=51 accuracy=2.5370% seconds=0.4
RUN source=CIFAR100 target=Flowers seed=4 labels=51 accuracy=0.8945% seconds=0.4
RUN source=CIFAR100 target=Flowers seed=5 labels=51 accuracy=1.3986% seconds=0.4
RUN source=CIFAR100 target=Flowers seed=6 labels=51 accuracy=0.7481% seconds=0.4
RUN source=CIFAR100 target=Flowers seed=7 labels=51 accuracy=1.9353% seconds=0.4
RUN source=CIFAR100 target=Flowers seed=8 labels=51 accuracy=4.3584% seconds=0.4
RUN source=CIFAR100 target=Flowers seed=9 labels=51 accuracy=1.0571% seconds=0.4
COMPLETE source=CIFAR100 target=Flowers n=10 mean=1.6848 std=1.0792482968391095
