RUN source=CIFAR100 target=TinyImageNet seed=0 labels=1000 accuracy=1.6500% seconds=1.6
RUN source=CIFAR100 target=TinyImageNet seed=1 labels=1000 accuracy=2.4800% seconds=1.2
RUN source=CIFAR100 target=TinyImageNet seed=2 labels=1000 accuracy=2.3500% seconds=1.2
RUN source=CIFAR100 target=TinyImageNet seed=3 labels=1000 accuracy=1.4300% seconds=1.2
RUN source=CIFAR100 target=TinyImageNet seed=4 labels=1000 accuracy=2.2400% seconds=1.2
RUN source=CIFAR100 target=TinyImageNet seed=5 labels=1000 accuracy=2.1100% seconds=1.2
RUN source=CIFAR100 target=TinyImageNet seed=6 labels=1000 accuracy=2.2200% seconds=1.2
RUN source=CIFAR100 target=TinyImageNet seed=7 labels=1000 accuracy=1.5700% seconds=1.2
RUN source=CIFAR100 target=TinyImageNet seed=8 labels=1000 accuracy=1.9600% seconds=1.2
RUN source=CIFAR100 target=TinyImageNet seed=9 labels=1000 accuracy=2.2200% seconds=1.2
COMPLETE source=CIFAR100 target=TinyImageNet n=10 mean=2.0230 std=0.35715073540176745
RUN source=CIFAR100 target=TinyImageNet seed=0 labels=5000 accuracy=3.3000% seconds=3.1
RUN source=CIFAR100 target=TinyImageNet seed=1 labels=5000 accuracy=3.5600% seconds=2.8
RUN source=CIFAR100 target=TinyImageNet seed=2 labels=5000 accuracy=3.6100% seconds=2.8
RUN source=CIFAR100 target=TinyImageNet seed=3 labels=5000 accuracy=3.3300% seconds=2.8
RUN source=CIFAR100 target=TinyImageNet seed=4 labels=5000 accuracy=3.4800% seconds=2.8
RUN source=CIFAR100 target=TinyImageNet seed=5 labels=5000 accuracy=3.5500% seconds=2.8
RUN source=CIFAR100 target=TinyImageNet seed=6 labels=5000 accuracy=3.3300% seconds=2.8
RUN source=CIFAR100 target=TinyImageNet seed=7 labels=5000 accuracy=3.4200% seconds=2.8
RUN source=CIFAR100 target=TinyImageNet seed=8 labels=5000 accuracy=3.4300% seconds=2.8
RUN source=CIFAR100 target=TinyImageNet seed=9 labels=5000 accuracy=3.5300% seconds=2.8
COMPLETE source=CIFAR100 target=TinyImageNet n=10 mean=3.4540 std=0.10926016616278278
RUN source=CIFAR100 target=CIFAR10 seed=0 labels=500 accuracy=34.1100% seconds=1.2
RUN source=CIFAR100 target=CIFAR10 seed=1 labels=500 accuracy=33.2200% seconds=0.8
RUN source=CIFAR100 target=CIFAR10 seed=2 labels=500 accuracy=33.9400% seconds=0.8
RUN source=CIFAR100 target=CIFAR10 seed=3 labels=500 accuracy=32.5800% seconds=0.8
RUN source=CIFAR100 target=CIFAR10 seed=4 labels=500 accuracy=32.0100% seconds=0.8
RUN source=CIFAR100 target=CIFAR10 seed=5 labels=500 accuracy=34.4900% seconds=0.8
RUN source=CIFAR100 target=CIFAR10 seed=6 labels=500 accuracy=30.6300% seconds=0.8
RUN source=CIFAR100 target=CIFAR10 seed=7 labels=500 accuracy=33.8300% seconds=0.8
RUN source=CIFAR100 target=CIFAR10 seed=8 labels=500 accuracy=33.4200% seconds=0.8
RUN source=CIFAR100 target=CIFAR10 seed=9 labels=500 accuracy=35.7800% seconds=0.8
COMPLETE source=CIFAR100 target=CIFAR10 n=10 mean=33.4010 std=1.419831161993302
RUN source=CIFAR100 target=CIFAR10 seed=0 labels=2500 accuracy=39.5500% seconds=1.9
RUN source=CIFAR100 target=CIFAR10 seed=1 labels=2500 accuracy=39.7000% seconds=1.6
RUN source=CIFAR100 target=CIFAR10 seed=2 labels=2500 accuracy=38.7400% seconds=1.6
RUN source=CIFAR100 target=CIFAR10 seed=3 labels=2500 accuracy=38.7300% seconds=1.6
RUN source=CIFAR100 target=CIFAR10 seed=4 labels=2500 accuracy=39.3900% seconds=1.6
RUN source=CIFAR100 target=CIFAR10 seed=5 labels=2500 accuracy=39.6900% seconds=1.6
RUN source=CIFAR100 target=CIFAR10 seed=6 labels=2500 accuracy=37.0800% seconds=1.6
RUN source=CIFAR100 target=CIFAR10 seed=7 labels=2500 accuracy=38.9600% seconds=1.6
RUN source=CIFAR100 target=CIFAR10 seed=8 labels=2500 accuracy=38.8500% seconds=1.6
RUN source=CIFAR100 target=CIFAR10 seed=9 labels=2500 accuracy=40.6400% seconds=1.6
COMPLETE source=CIFAR100 target=CIFAR10 n=10 mean=39.1330 std=0.9300186436475291
RUN source=CIFAR100 target=Aircraft seed=0 labels=66 accuracy=2.0102% seconds=0.8
RUN source=CIFAR100 target=Aircraft seed=1 labels=66 accuracy=1.8602% seconds=0.4
RUN source=CIFAR100 target=Aircraft seed=2 labels=66 accuracy=2.2202% seconds=0.4
RUN source=CIFAR100 target=Aircraft seed=3 labels=66 accuracy=2.1902% seconds=0.4
RUN source=CIFAR100 target=Aircraft seed=4 labels=66 accuracy=2.3402% seconds=0.4
RUN source=CIFAR100 target=Aircraft seed=5 labels=66 accuracy=1.9202% seconds=0.4
RUN source=CIFAR100 target=Aircraft seed=6 labels=66 accuracy=2.1602% seconds=0.4
RUN source=CIFAR100 target=Aircraft seed=7 labels=66 accuracy=2.0402% seconds=0.4
RUN source=CIFAR100 target=Aircraft seed=8 labels=66 accuracy=2.2202% seconds=0.4
RUN source=CIFAR100 target=Aircraft seed=9 labels=66 accuracy=1.9502% seconds=0.4
COMPLETE source=CIFAR100 target=Aircraft n=10 mean=2.0912 std=0.15689143794543295
RUN source=CIFAR100 target=Aircraft seed=0 labels=333 accuracy=1.7702% seconds=0.8
RUN source=CIFAR100 target=Aircraft seed=1 labels=333 accuracy=2.4002% seconds=0.5
RUN source=CIFAR100 target=Aircraft seed=2 labels=333 accuracy=2.4602% seconds=0.4
RUN source=CIFAR100 target=Aircraft seed=3 labels=333 accuracy=2.6403% seconds=0.4
RUN source=CIFAR100 target=Aircraft seed=4 labels=333 accuracy=2.8803% seconds=0.5
RUN source=CIFAR100 target=Aircraft seed=5 labels=333 accuracy=2.7303% seconds=0.4
RUN source=CIFAR100 target=Aircraft seed=6 labels=333 accuracy=2.7603% seconds=0.4
RUN source=CIFAR100 target=Aircraft seed=7 labels=333 accuracy=2.7303% seconds=0.4
RUN source=CIFAR100 target=Aircraft seed=8 labels=333 accuracy=2.5803% seconds=0.4
RUN source=CIFAR100 target=Aircraft seed=9 labels=333 accuracy=2.4302% seconds=0.4
COMPLETE source=CIFAR100 target=Aircraft n=10 mean=2.5383 std=0.312505233669455
RUN source=CIFAR100 target=CUB2011 seed=0 labels=59 accuracy=1.0873% seconds=0.8
RUN source=CIFAR100 target=CUB2011 seed=1 labels=59 accuracy=1.1391% seconds=0.5
RUN source=CIFAR100 target=CUB2011 seed=2 labels=59 accuracy=0.8457% seconds=0.5
RUN source=CIFAR100 target=CUB2011 seed=3 labels=59 accuracy=0.9838% seconds=0.5
RUN source=CIFAR100 target=CUB2011 seed=4 labels=59 accuracy=0.6904% seconds=0.5
RUN source=CIFAR100 target=CUB2011 seed=5 labels=59 accuracy=1.0701% seconds=0.5
RUN source=CIFAR100 target=CUB2011 seed=6 labels=59 accuracy=1.0701% seconds=0.5
RUN source=CIFAR100 target=CUB2011 seed=7 labels=59 accuracy=0.7421% seconds=0.5
RUN source=CIFAR100 target=CUB2011 seed=8 labels=59 accuracy=1.1046% seconds=0.5
RUN source=CIFAR100 target=CUB2011 seed=9 labels=59 accuracy=0.8975% seconds=0.5
COMPLETE source=CIFAR100 target=CUB2011 n=10 mean=0.9631 std=0.1602208904284803
RUN source=CIFAR100 target=CUB2011 seed=0 labels=299 accuracy=1.1736% seconds=0.9
RUN source=CIFAR100 target=CUB2011 seed=1 labels=299 accuracy=1.1909% seconds=0.5
RUN source=CIFAR100 target=CUB2011 seed=2 labels=299 accuracy=0.9665% seconds=0.5
RUN source=CIFAR100 target=CUB2011 seed=3 labels=299 accuracy=0.9665% seconds=0.5
RUN source=CIFAR100 target=CUB2011 seed=4 labels=299 accuracy=1.2081% seconds=0.5
RUN source=CIFAR100 target=CUB2011 seed=5 labels=299 accuracy=1.0183% seconds=0.5
RUN source=CIFAR100 target=CUB2011 seed=6 labels=299 accuracy=1.2599% seconds=0.5
RUN source=CIFAR100 target=CUB2011 seed=7 labels=299 accuracy=1.2081% seconds=0.5
RUN source=CIFAR100 target=CUB2011 seed=8 labels=299 accuracy=1.0701% seconds=0.5
RUN source=CIFAR100 target=CUB2011 seed=9 labels=299 accuracy=1.0356% seconds=0.5
COMPLETE source=CIFAR100 target=CUB2011 n=10 mean=1.1098 std=0.11007789059994603
RUN source=CIFAR100 target=Dogs seed=0 labels=120 accuracy=1.7016% seconds=0.9
RUN source=CIFAR100 target=Dogs seed=1 labels=120 accuracy=1.4103% seconds=0.6
RUN source=CIFAR100 target=Dogs seed=2 labels=120 accuracy=1.5851% seconds=0.5
RUN source=CIFAR100 target=Dogs seed=3 labels=120 accuracy=1.7133% seconds=0.6
RUN source=CIFAR100 target=Dogs seed=4 labels=120 accuracy=1.9814% seconds=0.6
RUN source=CIFAR100 target=Dogs seed=5 labels=120 accuracy=1.0723% seconds=0.6
RUN source=CIFAR100 target=Dogs seed=6 labels=120 accuracy=1.7249% seconds=0.5
RUN source=CIFAR100 target=Dogs seed=7 labels=120 accuracy=1.6317% seconds=0.5
RUN source=CIFAR100 target=Dogs seed=8 labels=120 accuracy=1.3520% seconds=0.5
RUN source=CIFAR100 target=Dogs seed=9 labels=120 accuracy=1.5618% seconds=0.5
COMPLETE source=CIFAR100 target=Dogs n=10 mean=1.5734 std=0.24851878760994364
RUN source=CIFAR100 target=Dogs seed=0 labels=600 accuracy=1.7599% seconds=1.1
RUN source=CIFAR100 target=Dogs seed=1 labels=600 accuracy=2.1445% seconds=0.7
RUN source=CIFAR100 target=Dogs seed=2 labels=600 accuracy=2.1562% seconds=0.7
RUN source=CIFAR100 target=Dogs seed=3 labels=600 accuracy=1.9930% seconds=0.7
RUN source=CIFAR100 target=Dogs seed=4 labels=600 accuracy=2.3427% seconds=0.7
RUN source=CIFAR100 target=Dogs seed=5 labels=600 accuracy=1.7949% seconds=0.7
RUN source=CIFAR100 target=Dogs seed=6 labels=600 accuracy=2.2611% seconds=0.7
RUN source=CIFAR100 target=Dogs seed=7 labels=600 accuracy=2.2028% seconds=0.7
RUN source=CIFAR100 target=Dogs seed=8 labels=600 accuracy=2.3776% seconds=0.7
RUN source=CIFAR100 target=Dogs seed=9 labels=600 accuracy=2.1329% seconds=0.7
COMPLETE source=CIFAR100 target=Dogs n=10 mean=2.1166 std=0.20980459752623473
RUN source=CIFAR100 target=Flowers seed=0 labels=10 accuracy=2.0166% seconds=0.9
RUN source=CIFAR100 target=Flowers seed=1 labels=10 accuracy=2.2768% seconds=0.5
RUN source=CIFAR100 target=Flowers seed=2 labels=10 accuracy=2.1304% seconds=0.5
RUN source=CIFAR100 target=Flowers seed=3 labels=10 accuracy=1.4149% seconds=0.5
RUN source=CIFAR100 target=Flowers seed=4 labels=10 accuracy=1.5450% seconds=0.5
RUN source=CIFAR100 target=Flowers seed=5 labels=10 accuracy=2.8297% seconds=0.5
RUN source=CIFAR100 target=Flowers seed=6 labels=10 accuracy=2.6834% seconds=0.5
RUN source=CIFAR100 target=Flowers seed=7 labels=10 accuracy=1.5775% seconds=0.5
RUN source=CIFAR100 target=Flowers seed=8 labels=10 accuracy=2.2443% seconds=0.5
RUN source=CIFAR100 target=Flowers seed=9 labels=10 accuracy=1.7726% seconds=0.5
COMPLETE source=CIFAR100 target=Flowers n=10 mean=2.0491 std=0.4789481796450367
RUN source=CIFAR100 target=Flowers seed=0 labels=51 accuracy=2.5370% seconds=0.8
RUN source=CIFAR100 target=Flowers seed=1 labels=51 accuracy=2.4882% seconds=0.4
RUN source=CIFAR100 target=Flowers seed=2 labels=51 accuracy=4.2283% seconds=0.4
RUN source=CIFAR100 target=Flowers seed=3 labels=51 accuracy=3.0249% seconds=0.4
RUN source=CIFAR100 target=Flowers seed=4 labels=51 accuracy=2.2280% seconds=0.4
RUN source=CIFAR100 target=Flowers seed=5 labels=51 accuracy=2.3581% seconds=0.4
RUN source=CIFAR100 target=Flowers seed=6 labels=51 accuracy=3.3014% seconds=0.4
RUN source=CIFAR100 target=Flowers seed=7 labels=51 accuracy=2.8948% seconds=0.4
RUN source=CIFAR100 target=Flowers seed=8 labels=51 accuracy=3.3339% seconds=0.4
RUN source=CIFAR100 target=Flowers seed=9 labels=51 accuracy=2.6508% seconds=0.4
COMPLETE source=CIFAR100 target=Flowers n=10 mean=2.9045 std=0.5998015294060322
