RUN source=CIFAR100 target=TinyImageNet seed=0 labels=1000 accuracy=1.5700% seconds=1.6
RUN source=CIFAR100 target=TinyImageNet seed=1 labels=1000 accuracy=1.7600% seconds=1.2
RUN source=CIFAR100 target=TinyImageNet seed=2 labels=1000 accuracy=1.5100% seconds=1.2
RUN source=CIFAR100 target=TinyImageNet seed=3 labels=1000 accuracy=1.2800% seconds=1.2
RUN source=CIFAR100 target=TinyImageNet seed=4 labels=1000 accuracy=1.3700% seconds=1.2
RUN source=CIFAR100 target=TinyImageNet seed=5 labels=1000 accuracy=1.7500% seconds=1.2
RUN source=CIFAR100 target=TinyImageNet seed=6 labels=1000 accuracy=1.7100% seconds=1.2
RUN source=CIFAR100 target=TinyImageNet seed=7 labels=1000 accuracy=1.0100% seconds=1.2
RUN source=CIFAR100 target=TinyImageNet seed=8 labels=1000 accuracy=1.3700% seconds=1.2
RUN source=CIFAR100 target=TinyImageNet seed=9 labels=1000 accuracy=1.4300% seconds=1.2
COMPLETE source=CIFAR100 target=TinyImageNet n=10 mean=1.4760 std=0.2358530573157991
RUN source=CIFAR100 target=TinyImageNet seed=0 labels=5000 accuracy=2.4100% seconds=3.1
RUN source=CIFAR100 target=TinyImageNet seed=1 labels=5000 accuracy=1.8300% seconds=2.8
RUN source=CIFAR100 target=TinyImageNet seed=2 labels=5000 accuracy=2.2800% seconds=2.8
RUN source=CIFAR100 target=TinyImageNet seed=3 labels=5000 accuracy=2.8700% seconds=2.8
RUN source=CIFAR100 target=TinyImageNet seed=4 labels=5000 accuracy=1.9600% seconds=2.8
RUN source=CIFAR100 target=TinyImageNet seed=5 labels=5000 accuracy=2.6800% seconds=2.8
RUN source=CIFAR100 target=TinyImageNet seed=6 labels=5000 accuracy=2.5300% seconds=2.8
RUN source=CIFAR100 target=TinyImageNet seed=7 labels=5000 accuracy=2.0600% seconds=2.8
RUN source=CIFAR100 target=TinyImageNet seed=8 labels=5000 accuracy=2.4700% seconds=2.8
RUN source=CIFAR100 target=TinyImageNet seed=9 labels=5000 accuracy=2.1900% seconds=2.8
COMPLETE source=CIFAR100 target=TinyImageNet n=10 mean=2.3280 std=0.32693186114790485
RUN source=CIFAR100 target=CIFAR10 seed=0 labels=500 accuracy=30.6500% seconds=1.1
RUN source=CIFAR100 target=CIFAR10 seed=1 labels=500 accuracy=26.6700% seconds=0.8
RUN source=CIFAR100 target=CIFAR10 seed=2 labels=500 accuracy=28.3600% seconds=0.8
RUN source=CIFAR100 target=CIFAR10 seed=3 labels=500 accuracy=31.7500% seconds=0.8
RUN source=CIFAR100 target=CIFAR10 seed=4 labels=500 accuracy=27.3900% seconds=0.8
RUN source=CIFAR100 target=CIFAR10 seed=5 labels=500 accuracy=29.5800% seconds=0.8
RUN source=CIFAR100 target=CIFAR10 seed=6 labels=500 accuracy=28.5200% seconds=0.8
RUN source=CIFAR100 target=CIFAR10 seed=7 labels=500 accuracy=29.2500% seconds=0.8
RUN source=CIFAR100 target=CIFAR10 seed=8 labels=500 accuracy=28.9000% seconds=0.8
RUN source=CIFAR100 target=CIFAR10 seed=9 labels=500 accuracy=28.8800% seconds=0.8
COMPLETE source=CIFAR100 target=CIFAR10 n=10 mean=28.9950 std=1.4670091234984328
RUN source=CIFAR100 target=CIFAR10 seed=0 labels=2500 accuracy=34.7100% seconds=1.9
RUN source=CIFAR100 target=CIFAR10 seed=1 labels=2500 accuracy=33.3000% seconds=1.6
RUN source=CIFAR100 target=CIFAR10 seed=2 labels=2500 accuracy=33.8000% seconds=1.6
RUN source=CIFAR100 target=CIFAR10 seed=3 labels=2500 accuracy=35.9000% seconds=1.6
RUN source=CIFAR100 target=CIFAR10 seed=4 labels=2500 accuracy=30.5600% seconds=1.6
RUN source=CIFAR100 target=CIFAR10 seed=5 labels=2500 accuracy=34.4100% seconds=1.6
RUN source=CIFAR100 target=CIFAR10 seed=6 labels=2500 accuracy=35.4600% seconds=1.6
RUN source=CIFAR100 target=CIFAR10 seed=7 labels=2500 accuracy=33.2800% seconds=1.6
RUN source=CIFAR100 target=CIFAR10 seed=8 labels=2500 accuracy=33.0300% seconds=1.6
RUN source=CIFAR100 target=CIFAR10 seed=9 labels=2500 accuracy=33.4100% seconds=1.6
COMPLETE source=CIFAR100 target=CIFAR10 n=10 mean=33.7860 std=1.495431547570692
RUN source=CIFAR100 target=Aircraft seed=0 labels=66 accuracy=1.6802% seconds=0.8
RUN source=CIFAR100 target=Aircraft seed=1 labels=66 accuracy=1.5602% seconds=0.4
RUN source=CIFAR100 target=Aircraft seed=2 labels=66 accuracy=1.4101% seconds=0.4
RUN source=CIFAR100 target=Aircraft seed=3 labels=66 accuracy=2.1602% seconds=0.4
RUN source=CIFAR100 target=Aircraft seed=4 labels=66 accuracy=1.2601% seconds=0.4
RUN source=CIFAR100 target=Aircraft seed=5 labels=66 accuracy=1.2301% seconds=0.4
RUN source=CIFAR100 target=Aircraft seed=6 labels=66 accuracy=1.9802% seconds=0.4
RUN source=CIFAR100 target=Aircraft seed=7 labels=66 accuracy=1.6502% seconds=0.4
RUN source=CIFAR100 target=Aircraft seed=8 labels=66 accuracy=1.7402% seconds=0.4
RUN source=CIFAR100 target=Aircraft seed=9 labels=66 accuracy=1.6502% seconds=0.4
COMPLETE source=CIFAR100 target=Aircraft n=10 mean=1.6322 std=0.2923304368947956
RUN source=CIFAR100 target=Aircraft seed=0 labels=333 accuracy=1.5002% seconds=0.8
RUN source=CIFAR100 target=Aircraft seed=1 labels=333 accuracy=1.7702% seconds=0.5
RUN source=CIFAR100 target=Aircraft seed=2 labels=333 accuracy=1.9502% seconds=0.4
RUN source=CIFAR100 target=Aircraft seed=3 labels=333 accuracy=2.0102% seconds=0.4
RUN source=CIFAR100 target=Aircraft seed=4 labels=333 accuracy=1.5602% seconds=0.5
RUN source=CIFAR100 target=Aircraft seed=5 labels=333 accuracy=1.9202% seconds=0.4
RUN source=CIFAR100 target=Aircraft seed=6 labels=333 accuracy=2.3102% seconds=0.4
RUN source=CIFAR100 target=Aircraft seed=7 labels=333 accuracy=1.5302% seconds=0.4
RUN source=CIFAR100 target=Aircraft seed=8 labels=333 accuracy=1.8902% seconds=0.4
RUN source=CIFAR100 target=Aircraft seed=9 labels=333 accuracy=1.4101% seconds=0.4
COMPLETE source=CIFAR100 target=Aircraft n=10 mean=1.7852 std=0.2829593736032084
RUN source=CIFAR100 target=CUB2011 seed=0 labels=59 accuracy=0.8112% seconds=0.9
RUN source=CIFAR100 target=CUB2011 seed=1 labels=59 accuracy=0.8630% seconds=0.5
RUN source=CIFAR100 target=CUB2011 seed=2 labels=59 accuracy=0.6904% seconds=0.5
RUN source=CIFAR100 target=CUB2011 seed=3 labels=59 accuracy=0.8802% seconds=0.5
RUN source=CIFAR100 target=CUB2011 seed=4 labels=59 accuracy=0.7421% seconds=0.5
RUN source=CIFAR100 target=CUB2011 seed=5 labels=59 accuracy=0.8802% seconds=0.5
RUN source=CIFAR100 target=CUB2011 seed=6 labels=59 accuracy=1.0873% seconds=0.5
RUN source=CIFAR100 target=CUB2011 seed=7 labels=59 accuracy=0.7767% seconds=0.5
RUN source=CIFAR100 target=CUB2011 seed=8 labels=59 accuracy=0.8284% seconds=0.5
RUN source=CIFAR100 target=CUB2011 seed=9 labels=59 accuracy=0.8284% seconds=0.5
COMPLETE source=CIFAR100 target=CUB2011 n=10 mean=0.8388 std=0.10645524910491941
RUN source=CIFAR100 target=CUB2011 seed=0 labels=299 accuracy=0.8630% seconds=0.9
RUN source=CIFAR100 target=CUB2011 seed=1 labels=299 accuracy=0.6731% seconds=0.5
RUN source=CIFAR100 target=CUB2011 seed=2 labels=299 accuracy=0.7767% seconds=0.5
RUN source=CIFAR100 target=CUB2011 seed=3 labels=299 accuracy=0.8457% seconds=0.5
RUN source=CIFAR100 target=CUB2011 seed=4 labels=299 accuracy=0.7421% seconds=0.5
RUN source=CIFAR100 target=CUB2011 seed=5 labels=299 accuracy=0.8112% seconds=0.5
RUN source=CIFAR100 target=CUB2011 seed=6 labels=299 accuracy=0.8284% seconds=0.5
RUN source=CIFAR100 target=CUB2011 seed=7 labels=299 accuracy=0.7249% seconds=0.5
RUN source=CIFAR100 target=CUB2011 seed=8 labels=299 accuracy=0.6386% seconds=0.5
RUN source=CIFAR100 target=CUB2011 seed=9 labels=299 accuracy=0.9147% seconds=0.5
COMPLETE source=CIFAR100 target=CUB2011 n=10 mean=0.7818 std=0.0872687019663233
RUN source=CIFAR100 target=Dogs seed=0 labels=120 accuracy=1.6317% seconds=0.9
RUN source=CIFAR100 target=Dogs seed=1 labels=120 accuracy=1.1772% seconds=0.6
RUN source=CIFAR100 target=Dogs seed=2 labels=120 accuracy=1.4918% seconds=0.5
RUN source=CIFAR100 target=Dogs seed=3 labels=120 accuracy=1.4569% seconds=0.6
RUN source=CIFAR100 target=Dogs seed=4 labels=120 accuracy=1.5385% seconds=0.6
RUN source=CIFAR100 target=Dogs seed=5 labels=120 accuracy=1.2005% seconds=0.5
RUN source=CIFAR100 target=Dogs seed=6 labels=120 accuracy=1.5734% seconds=0.5
RUN source=CIFAR100 target=Dogs seed=7 labels=120 accuracy=1.2821% seconds=0.5
RUN source=CIFAR100 target=Dogs seed=8 labels=120 accuracy=1.0140% seconds=0.5
RUN source=CIFAR100 target=Dogs seed=9 labels=120 accuracy=1.3054% seconds=0.5
COMPLETE source=CIFAR100 target=Dogs n=10 mean=1.3671 std=0.2014253644049408
RUN source=CIFAR100 target=Dogs seed=0 labels=600 accuracy=1.1072% seconds=1.1
RUN source=CIFAR100 target=Dogs seed=1 labels=600 accuracy=1.7366% seconds=0.7
RUN source=CIFAR100 target=Dogs seed=2 labels=600 accuracy=1.4685% seconds=0.7
RUN source=CIFAR100 target=Dogs seed=3 labels=600 accuracy=1.6200% seconds=0.7
RUN source=CIFAR100 target=Dogs seed=4 labels=600 accuracy=1.7249% seconds=0.7
RUN source=CIFAR100 target=Dogs seed=5 labels=600 accuracy=1.3287% seconds=0.7
RUN source=CIFAR100 target=Dogs seed=6 labels=600 accuracy=1.5851% seconds=0.7
RUN source=CIFAR100 target=Dogs seed=7 labels=600 accuracy=1.5851% seconds=0.7
RUN source=CIFAR100 target=Dogs seed=8 labels=600 accuracy=1.6783% seconds=0.7
RUN source=CIFAR100 target=Dogs seed=9 labels=600 accuracy=1.2587% seconds=0.7
COMPLETE source=CIFAR100 target=Dogs n=10 mean=1.5093 std=0.2132332759013112
RUN source=CIFAR100 target=Flowers seed=0 labels=10 accuracy=1.4799% seconds=0.9
RUN source=CIFAR100 target=Flowers seed=1 labels=10 accuracy=1.9353% seconds=0.5
RUN source=CIFAR100 target=Flowers seed=2 labels=10 accuracy=1.9678% seconds=0.5
RUN source=CIFAR100 target=Flowers seed=3 labels=10 accuracy=1.6913% seconds=0.5
RUN source=CIFAR100 target=Flowers seed=4 labels=10 accuracy=2.1955% seconds=0.5
RUN source=CIFAR100 target=Flowers seed=5 labels=10 accuracy=2.8297% seconds=0.5
RUN source=CIFAR100 target=Flowers seed=6 labels=10 accuracy=2.6671% seconds=0.5
RUN source=CIFAR100 target=Flowers seed=7 labels=10 accuracy=1.6588% seconds=0.5
RUN source=CIFAR100 target=Flowers seed=8 labels=10 accuracy=3.2688% seconds=0.5
RUN source=CIFAR100 target=Flowers seed=9 labels=10 accuracy=1.3661% seconds=0.5
COMPLETE source=CIFAR100 target=Flowers n=10 mean=2.1060 std=0.6287934798556847
RUN source=CIFAR100 target=Flowers seed=0 labels=51 accuracy=1.4637% seconds=0.8
RUN source=CIFAR100 target=Flowers seed=1 labels=51 accuracy=1.8865% seconds=0.4
RUN source=CIFAR100 target=Flowers seed=2 labels=51 accuracy=2.5695% seconds=0.4
RUN source=CIFAR100 target=Flowers seed=3 labels=51 accuracy=3.2688% seconds=0.4
RUN source=CIFAR100 target=Flowers seed=4 labels=51 accuracy=2.1467% seconds=0.4
RUN source=CIFAR100 target=Flowers seed=5 labels=51 accuracy=2.0979% seconds=0.4
RUN source=CIFAR100 target=Flowers seed=6 labels=51 accuracy=2.7647% seconds=0.4
RUN source=CIFAR100 target=Flowers seed=7 labels=51 accuracy=1.9027% seconds=0.4
RUN source=CIFAR100 target=Flowers seed=8 labels=51 accuracy=4.6512% seconds=0.4
RUN source=CIFAR100 target=Flowers seed=9 labels=51 accuracy=1.8865% seconds=0.4
COMPLETE source=CIFAR100 target=Flowers n=10 mean=2.4638 std=0.9279859399686392
