RUN source=CIFAR100 target=TinyImageNet seed=0 labels=1000 accuracy=1.5600% seconds=1.9
RUN source=CIFAR100 target=TinyImageNet seed=1 labels=1000 accuracy=1.8700% seconds=1.2
RUN source=CIFAR100 target=TinyImageNet seed=2 labels=1000 accuracy=1.4000% seconds=1.2
RUN source=CIFAR100 target=TinyImageNet seed=3 labels=1000 accuracy=1.7700% seconds=1.2
RUN source=CIFAR100 target=TinyImageNet seed=4 labels=1000 accuracy=1.7000% seconds=1.2
RUN source=CIFAR100 target=TinyImageNet seed=5 labels=1000 accuracy=1.4600% seconds=1.2
RUN source=CIFAR100 target=TinyImageNet seed=6 labels=1000 accuracy=2.0200% seconds=1.2
RUN source=CIFAR100 target=TinyImageNet seed=7 labels=1000 accuracy=1.1000% seconds=1.2
RUN source=CIFAR100 target=TinyImageNet seed=8 labels=1000 accuracy=1.9000% seconds=1.2
RUN source=CIFAR100 target=TinyImageNet seed=9 labels=1000 accuracy=1.4600% seconds=1.2
COMPLETE source=CIFAR100 target=TinyImageNet n=10 mean=1.6240 std=0.2795313438008824
RUN source=CIFAR100 target=TinyImageNet seed=0 labels=5000 accuracy=3.0500% seconds=3.1
RUN source=CIFAR100 target=TinyImageNet seed=1 labels=5000 accuracy=2.5900% seconds=2.8
RUN source=CIFAR100 target=TinyImageNet seed=2 labels=5000 accuracy=2.4400% seconds=2.8
RUN source=CIFAR100 target=TinyImageNet seed=3 labels=5000 accuracy=3.4000% seconds=2.8
RUN source=CIFAR100 target=TinyImageNet seed=4 labels=5000 accuracy=1.9700% seconds=2.8
RUN source=CIFAR100 target=TinyImageNet seed=5 labels=5000 accuracy=2.9000% seconds=2.8
RUN source=CIFAR100 target=TinyImageNet seed=6 labels=5000 accuracy=2.2500% seconds=2.8
RUN source=CIFAR100 target=TinyImageNet seed=7 labels=5000 accuracy=2.3800% seconds=2.8
RUN source=CIFAR100 target=TinyImageNet seed=8 labels=5000 accuracy=3.0400% seconds=2.8
RUN source=CIFAR100 target=TinyImageNet seed=9 labels=5000 accuracy=2.6700% seconds=2.7
COMPLETE source=CIFAR100 target=TinyImageNet n=10 mean=2.6690 std=0.4316492479172504
RUN source=CIFAR100 target=CIFAR10 seed=0 labels=500 accuracy=35.5200% seconds=1.2
RUN source=CIFAR100 target=CIFAR10 seed=1 labels=500 accuracy=32.0800% seconds=0.8
RUN source=CIFAR100 target=CIFAR10 seed=2 labels=500 accuracy=32.3600% seconds=0.8
RUN source=CIFAR100 target=CIFAR10 seed=3 labels=500 accuracy=34.6600% seconds=0.8
RUN source=CIFAR100 target=CIFAR10 seed=4 labels=500 accuracy=33.2200% seconds=0.8
RUN source=CIFAR100 target=CIFAR10 seed=5 labels=500 accuracy=34.7700% seconds=0.8
RUN source=CIFAR100 target=CIFAR10 seed=6 labels=500 accuracy=30.2600% seconds=0.8
RUN source=CIFAR100 target=CIFAR10 seed=7 labels=500 accuracy=33.7200% seconds=0.8
RUN source=CIFAR100 target=CIFAR10 seed=8 labels=500 accuracy=34.7200% seconds=0.8
RUN source=CIFAR100 target=CIFAR10 seed=9 labels=500 accuracy=34.0300% seconds=0.8
COMPLETE source=CIFAR100 target=CIFAR10 n=10 mean=33.5340 std=1.5894454630441197
RUN source=CIFAR100 target=CIFAR10 seed=0 labels=2500 accuracy=38.2000% seconds=1.9
RUN source=CIFAR100 target=CIFAR10 seed=1 labels=2500 accuracy=37.4600% seconds=1.6
RUN source=CIFAR100 target=CIFAR10 seed=2 labels=2500 accuracy=36.3400% seconds=1.6
RUN source=CIFAR100 target=CIFAR10 seed=3 labels=2500 accuracy=38.5600% seconds=1.6
RUN source=CIFAR100 target=CIFAR10 seed=4 labels=2500 accuracy=37.3100% seconds=1.6
RUN source=CIFAR100 target=CIFAR10 seed=5 labels=2500 accuracy=37.5100% seconds=1.6
RUN source=CIFAR100 target=CIFAR10 seed=6 labels=2500 accuracy=35.1800% seconds=1.6
RUN source=CIFAR100 target=CIFAR10 seed=7 labels=2500 accuracy=37.7100% seconds=1.6
RUN source=CIFAR100 target=CIFAR10 seed=8 labels=2500 accuracy=39.2100% seconds=1.6
RUN source=CIFAR100 target=CIFAR10 seed=9 labels=2500 accuracy=36.5800% seconds=1.6
COMPLETE source=CIFAR100 target=CIFAR10 n=10 mean=37.4060 std=1.1597719220296423
RUN source=CIFAR100 target=Aircraft seed=0 labels=66 accuracy=1.3501% seconds=0.8
RUN source=CIFAR100 target=Aircraft seed=1 labels=66 accuracy=1.1401% seconds=0.4
RUN source=CIFAR100 target=Aircraft seed=2 labels=66 accuracy=1.8602% seconds=0.4
RUN source=CIFAR100 target=Aircraft seed=3 labels=66 accuracy=2.1002% seconds=0.4
RUN source=CIFAR100 target=Aircraft seed=4 labels=66 accuracy=1.1401% seconds=0.4
RUN source=CIFAR100 target=Aircraft seed=5 labels=66 accuracy=1.3201% seconds=0.4
RUN source=CIFAR100 target=Aircraft seed=6 labels=66 accuracy=1.4401% seconds=0.4
RUN source=CIFAR100 target=Aircraft seed=7 labels=66 accuracy=1.6502% seconds=0.4
RUN source=CIFAR100 target=Aircraft seed=8 labels=66 accuracy=1.7702% seconds=0.4
RUN source=CIFAR100 target=Aircraft seed=9 labels=66 accuracy=1.7402% seconds=0.4
COMPLETE source=CIFAR100 target=Aircraft n=10 mean=1.5512 std=0.32222780434113996
RUN source=CIFAR100 target=Aircraft seed=0 labels=333 accuracy=1.2901% seconds=0.8
RUN source=CIFAR100 target=Aircraft seed=1 labels=333 accuracy=1.8302% seconds=0.5
RUN source=CIFAR100 target=Aircraft seed=2 labels=333 accuracy=1.8002% seconds=0.4
RUN source=CIFAR100 target=Aircraft seed=3 labels=333 accuracy=2.1002% seconds=0.4
RUN source=CIFAR100 target=Aircraft seed=4 labels=333 accuracy=1.4701% seconds=0.5
RUN source=CIFAR100 target=Aircraft seed=5 labels=333 accuracy=1.5302% seconds=0.4
RUN source=CIFAR100 target=Aircraft seed=6 labels=333 accuracy=1.8902% seconds=0.4
RUN source=CIFAR100 target=Aircraft seed=7 labels=333 accuracy=1.6802% seconds=0.4
RUN source=CIFAR100 target=Aircraft seed=8 labels=333 accuracy=1.4101% seconds=0.4
RUN source=CIFAR100 target=Aircraft seed=9 labels=333 accuracy=1.2901% seconds=0.4
COMPLETE source=CIFAR100 target=Aircraft n=10 mean=1.6292 std=0.27390691731939015
RUN source=CIFAR100 target=CUB2011 seed=0 labels=59 accuracy=1.0873% seconds=0.8
RUN source=CIFAR100 target=CUB2011 seed=1 labels=59 accuracy=0.7939% seconds=0.5
RUN source=CIFAR100 target=CUB2011 seed=2 labels=59 accuracy=0.6904% seconds=0.5
RUN source=CIFAR100 target=CUB2011 seed=3 labels=59 accuracy=1.0873% seconds=0.5
RUN source=CIFAR100 target=CUB2011 seed=4 labels=59 accuracy=0.8457% seconds=0.5
RUN source=CIFAR100 target=CUB2011 seed=5 labels=59 accuracy=0.9838% seconds=0.5
RUN source=CIFAR100 target=CUB2011 seed=6 labels=59 accuracy=0.7421% seconds=0.5
RUN source=CIFAR100 target=CUB2011 seed=7 labels=59 accuracy=0.7594% seconds=0.5
RUN source=CIFAR100 target=CUB2011 seed=8 labels=59 accuracy=0.9320% seconds=0.5
RUN source=CIFAR100 target=CUB2011 seed=9 labels=59 accuracy=0.6041% seconds=0.5
COMPLETE source=CIFAR100 target=CUB2011 n=10 mean=0.8526 std=0.16538471650495074
RUN source=CIFAR100 target=CUB2011 seed=0 labels=299 accuracy=0.5868% seconds=0.9
RUN source=CIFAR100 target=CUB2011 seed=1 labels=299 accuracy=0.6904% seconds=0.5
RUN source=CIFAR100 target=CUB2011 seed=2 labels=299 accuracy=0.6904% seconds=0.5
RUN source=CIFAR100 target=CUB2011 seed=3 labels=299 accuracy=1.2081% seconds=0.5
RUN source=CIFAR100 target=CUB2011 seed=4 labels=299 accuracy=1.0701% seconds=0.5
RUN source=CIFAR100 target=CUB2011 seed=5 labels=299 accuracy=0.8802% seconds=0.5
RUN source=CIFAR100 target=CUB2011 seed=6 labels=299 accuracy=0.8457% seconds=0.5
RUN source=CIFAR100 target=CUB2011 seed=7 labels=299 accuracy=0.6041% seconds=0.5
RUN source=CIFAR100 target=CUB2011 seed=8 labels=299 accuracy=1.0183% seconds=0.5
RUN source=CIFAR100 target=CUB2011 seed=9 labels=299 accuracy=1.0528% seconds=0.5
COMPLETE source=CIFAR100 target=CUB2011 n=10 mean=0.8647 std=0.21747091396876558
RUN source=CIFAR100 target=Dogs seed=0 labels=120 accuracy=1.6900% seconds=0.9
RUN source=CIFAR100 target=Dogs seed=1 labels=120 accuracy=1.4452% seconds=0.6
RUN source=CIFAR100 target=Dogs seed=2 labels=120 accuracy=1.3403% seconds=0.5
RUN source=CIFAR100 target=Dogs seed=3 labels=120 accuracy=1.3869% seconds=0.6
RUN source=CIFAR100 target=Dogs seed=4 labels=120 accuracy=1.3520% seconds=0.6
RUN source=CIFAR100 target=Dogs seed=5 labels=120 accuracy=1.3287% seconds=0.5
RUN source=CIFAR100 target=Dogs seed=6 labels=120 accuracy=1.5501% seconds=0.5
RUN source=CIFAR100 target=Dogs seed=7 labels=120 accuracy=1.1772% seconds=0.5
RUN source=CIFAR100 target=Dogs seed=8 labels=120 accuracy=0.9674% seconds=0.5
RUN source=CIFAR100 target=Dogs seed=9 labels=120 accuracy=0.6177% seconds=0.6
COMPLETE source=CIFAR100 target=Dogs n=10 mean=1.2855 std=0.3050680505514626
RUN source=CIFAR100 target=Dogs seed=0 labels=600 accuracy=1.0956% seconds=1.1
RUN source=CIFAR100 target=Dogs seed=1 labels=600 accuracy=1.8182% seconds=0.7
RUN source=CIFAR100 target=Dogs seed=2 labels=600 accuracy=0.9441% seconds=0.7
RUN source=CIFAR100 target=Dogs seed=3 labels=600 accuracy=1.9930% seconds=0.7
RUN source=CIFAR100 target=Dogs seed=4 labels=600 accuracy=1.3986% seconds=0.7
RUN source=CIFAR100 target=Dogs seed=5 labels=600 accuracy=0.9674% seconds=0.7
RUN source=CIFAR100 target=Dogs seed=6 labels=600 accuracy=1.7133% seconds=0.7
RUN source=CIFAR100 target=Dogs seed=7 labels=600 accuracy=1.1189% seconds=0.7
RUN source=CIFAR100 target=Dogs seed=8 labels=600 accuracy=1.5385% seconds=0.7
RUN source=CIFAR100 target=Dogs seed=9 labels=600 accuracy=1.1888% seconds=0.7
COMPLETE source=CIFAR100 target=Dogs n=10 mean=1.3776 std=0.37270939055456037
RUN source=CIFAR100 target=Flowers seed=0 labels=10 accuracy=2.3256% seconds=0.9
RUN source=CIFAR100 target=Flowers seed=1 labels=10 accuracy=2.5045% seconds=0.5
RUN source=CIFAR100 target=Flowers seed=2 labels=10 accuracy=3.5453% seconds=0.5
RUN source=CIFAR100 target=Flowers seed=3 labels=10 accuracy=1.4962% seconds=0.5
RUN source=CIFAR100 target=Flowers seed=4 labels=10 accuracy=2.4069% seconds=0.5
RUN source=CIFAR100 target=Flowers seed=5 labels=10 accuracy=3.8380% seconds=0.5
RUN source=CIFAR100 target=Flowers seed=6 labels=10 accuracy=2.7647% seconds=0.5
RUN source=CIFAR100 target=Flowers seed=7 labels=10 accuracy=2.9110% seconds=0.5
RUN source=CIFAR100 target=Flowers seed=8 labels=10 accuracy=3.5778% seconds=0.5
RUN source=CIFAR100 target=Flowers seed=9 labels=10 accuracy=1.3823% seconds=0.5
COMPLETE source=CIFAR100 target=Flowers n=10 mean=2.6752 std=0.8348329016167408
RUN source=CIFAR100 target=Flowers seed=0 labels=51 accuracy=1.9841% seconds=0.8
RUN source=CIFAR100 target=Flowers seed=1 labels=51 accuracy=2.1304% seconds=0.4
RUN source=CIFAR100 target=Flowers seed=2 labels=51 accuracy=2.0654% seconds=0.4
RUN source=CIFAR100 target=Flowers seed=3 labels=51 accuracy=2.7322% seconds=0.4
RUN source=CIFAR100 target=Flowers seed=4 labels=51 accuracy=1.6263% seconds=0.4
RUN source=CIFAR100 target=Flowers seed=5 labels=51 accuracy=1.8214% seconds=0.4
RUN source=CIFAR100 target=Flowers seed=6 labels=51 accuracy=2.5533% seconds=0.4
RUN source=CIFAR100 target=Flowers seed=7 labels=51 accuracy=2.2605% seconds=0.4
RUN source=CIFAR100 target=Flowers seed=8 labels=51 accuracy=5.6920% seconds=0.4
RUN source=CIFAR100 target=Flowers seed=9 labels=51 accuracy=1.6263% seconds=0.4
COMPLETE source=CIFAR100 target=Flowers n=10 mean=2.4492 std=1.1951706267538187
