RUN source=CIFAR100 target=TinyImageNet seed=0 labels=1000 accuracy=1.6400% seconds=1.6
RUN source=CIFAR100 target=TinyImageNet seed=1 labels=1000 accuracy=1.6400% seconds=1.2
RUN source=CIFAR100 target=TinyImageNet seed=2 labels=1000 accuracy=1.6000% seconds=1.2
RUN source=CIFAR100 target=TinyImageNet seed=3 labels=1000 accuracy=1.4300% seconds=1.2
RUN source=CIFAR100 target=TinyImageNet seed=4 labels=1000 accuracy=1.5500% seconds=1.2
RUN source=CIFAR100 target=TinyImageNet seed=5 labels=1000 accuracy=1.9100% seconds=1.2
RUN source=CIFAR100 target=TinyImageNet seed=6 labels=1000 accuracy=2.2300% seconds=1.2
RUN source=CIFAR100 target=TinyImageNet seed=7 labels=1000 accuracy=1.6300% seconds=1.2
RUN source=CIFAR100 target=TinyImageNet seed=8 labels=1000 accuracy=1.6500% seconds=1.2
RUN source=CIFAR100 target=TinyImageNet seed=9 labels=1000 accuracy=1.4500% seconds=1.2
COMPLETE source=CIFAR100 target=TinyImageNet n=10 mean=1.6730 std=0.23575173731869037
RUN source=CIFAR100 target=TinyImageNet seed=0 labels=5000 accuracy=2.2700% seconds=3.1
RUN source=CIFAR100 target=TinyImageNet seed=1 labels=5000 accuracy=2.2100% seconds=2.8
RUN source=CIFAR100 target=TinyImageNet seed=2 labels=5000 accuracy=2.6300% seconds=2.8
RUN source=CIFAR100 target=TinyImageNet seed=3 labels=5000 accuracy=2.7000% seconds=2.8
RUN source=CIFAR100 target=TinyImageNet seed=4 labels=5000 accuracy=2.4300% seconds=2.7
RUN source=CIFAR100 target=TinyImageNet seed=5 labels=5000 accuracy=2.2600% seconds=2.8
RUN source=CIFAR100 target=TinyImageNet seed=6 labels=5000 accuracy=3.0700% seconds=2.8
RUN source=CIFAR100 target=TinyImageNet seed=7 labels=5000 accuracy=2.9200% seconds=2.8
RUN source=CIFAR100 target=TinyImageNet seed=8 labels=5000 accuracy=2.1000% seconds=2.8
RUN source=CIFAR100 target=TinyImageNet seed=9 labels=5000 accuracy=2.0900% seconds=2.8
COMPLETE source=CIFAR100 target=TinyImageNet n=10 mean=2.4680 std=0.345697360726848
RUN source=CIFAR100 target=CIFAR10 seed=0 labels=500 accuracy=29.4600% seconds=1.2
RUN source=CIFAR100 target=CIFAR10 seed=1 labels=500 accuracy=29.6000% seconds=0.8
RUN source=CIFAR100 target=CIFAR10 seed=2 labels=500 accuracy=31.5600% seconds=0.8
RUN source=CIFAR100 target=CIFAR10 seed=3 labels=500 accuracy=30.4400% seconds=0.8
RUN source=CIFAR100 target=CIFAR10 seed=4 labels=500 accuracy=30.4200% seconds=0.8
RUN source=CIFAR100 target=CIFAR10 seed=5 labels=500 accuracy=29.5900% seconds=0.8
RUN source=CIFAR100 target=CIFAR10 seed=6 labels=500 accuracy=31.2000% seconds=0.8
RUN source=CIFAR100 target=CIFAR10 seed=7 labels=500 accuracy=32.3300% seconds=0.8
RUN source=CIFAR100 target=CIFAR10 seed=8 labels=500 accuracy=29.9500% seconds=0.8
RUN source=CIFAR100 target=CIFAR10 seed=9 labels=500 accuracy=29.9400% seconds=0.8
COMPLETE source=CIFAR100 target=CIFAR10 n=10 mean=30.4490 std=0.9592991692140617
RUN source=CIFAR100 target=CIFAR10 seed=0 labels=2500 accuracy=33.1400% seconds=1.9
RUN source=CIFAR100 target=CIFAR10 seed=1 labels=2500 accuracy=35.7600% seconds=1.6
RUN source=CIFAR100 target=CIFAR10 seed=2 labels=2500 accuracy=36.0300% seconds=1.6
RUN source=CIFAR100 target=CIFAR10 seed=3 labels=2500 accuracy=34.8900% seconds=1.6
RUN source=CIFAR100 target=CIFAR10 seed=4 labels=2500 accuracy=35.5300% seconds=1.6
RUN source=CIFAR100 target=CIFAR10 seed=5 labels=2500 accuracy=34.1000% seconds=1.6
RUN source=CIFAR100 target=CIFAR10 seed=6 labels=2500 accuracy=37.2200% seconds=1.6
RUN source=CIFAR100 target=CIFAR10 seed=7 labels=2500 accuracy=36.6400% seconds=1.6
RUN source=CIFAR100 target=CIFAR10 seed=8 labels=2500 accuracy=34.5500% seconds=1.6
RUN source=CIFAR100 target=CIFAR10 seed=9 labels=2500 accuracy=34.4700% seconds=1.6
COMPLETE source=CIFAR100 target=CIFAR10 n=10 mean=35.2330 std=1.2364654112701747
RUN source=CIFAR100 target=Aircraft seed=0 labels=66 accuracy=1.6202% seconds=0.8
RUN source=CIFAR100 target=Aircraft seed=1 labels=66 accuracy=1.5902% seconds=0.4
RUN source=CIFAR100 target=Aircraft seed=2 labels=66 accuracy=2.0102% seconds=0.4
RUN source=CIFAR100 target=Aircraft seed=3 labels=66 accuracy=2.0102% seconds=0.4
RUN source=CIFAR100 target=Aircraft seed=4 labels=66 accuracy=1.2601% seconds=0.4
RUN source=CIFAR100 target=Aircraft seed=5 labels=66 accuracy=1.2901% seconds=0.4
RUN source=CIFAR100 target=Aircraft seed=6 labels=66 accuracy=2.0702% seconds=0.4
RUN source=CIFAR100 target=Aircraft seed=7 labels=66 accuracy=1.8002% seconds=0.4
RUN source=CIFAR100 target=Aircraft seed=8 labels=66 accuracy=2.0102% seconds=0.4
RUN source=CIFAR100 target=Aircraft seed=9 labels=66 accuracy=1.9202% seconds=0.4
COMPLETE source=CIFAR100 target=Aircraft n=10 mean=1.7582 std=0.30374074169760834
RUN source=CIFAR100 target=Aircraft seed=0 labels=333 accuracy=1.8302% seconds=0.8
RUN source=CIFAR100 target=Aircraft seed=1 labels=333 accuracy=1.8002% seconds=0.5
RUN source=CIFAR100 target=Aircraft seed=2 labels=333 accuracy=1.9502% seconds=0.5
RUN source=CIFAR100 target=Aircraft seed=3 labels=333 accuracy=2.1302% seconds=0.4
RUN source=CIFAR100 target=Aircraft seed=4 labels=333 accuracy=1.6802% seconds=0.4
RUN source=CIFAR100 target=Aircraft seed=5 labels=333 accuracy=2.1602% seconds=0.4
RUN source=CIFAR100 target=Aircraft seed=6 labels=333 accuracy=2.5803% seconds=0.4
RUN source=CIFAR100 target=Aircraft seed=7 labels=333 accuracy=2.4002% seconds=0.4
RUN source=CIFAR100 target=Aircraft seed=8 labels=333 accuracy=2.0402% seconds=0.4
RUN source=CIFAR100 target=Aircraft seed=9 labels=333 accuracy=1.4701% seconds=0.4
COMPLETE source=CIFAR100 target=Aircraft n=10 mean=2.0042 std=0.3325388770534365
RUN source=CIFAR100 target=CUB2011 seed=0 labels=59 accuracy=0.8630% seconds=0.8
RUN source=CIFAR100 target=CUB2011 seed=1 labels=59 accuracy=0.9147% seconds=0.5
RUN source=CIFAR100 target=CUB2011 seed=2 labels=59 accuracy=0.8975% seconds=0.5
RUN source=CIFAR100 target=CUB2011 seed=3 labels=59 accuracy=0.5696% seconds=0.5
RUN source=CIFAR100 target=CUB2011 seed=4 labels=59 accuracy=0.7421% seconds=0.5
RUN source=CIFAR100 target=CUB2011 seed=5 labels=59 accuracy=0.8112% seconds=0.5
RUN source=CIFAR100 target=CUB2011 seed=6 labels=59 accuracy=0.8802% seconds=0.5
RUN source=CIFAR100 target=CUB2011 seed=7 labels=59 accuracy=0.8975% seconds=0.5
RUN source=CIFAR100 target=CUB2011 seed=8 labels=59 accuracy=0.8112% seconds=0.5
RUN source=CIFAR100 target=CUB2011 seed=9 labels=59 accuracy=0.7076% seconds=0.5
COMPLETE source=CIFAR100 target=CUB2011 n=10 mean=0.8095 std=0.10899008543330115
RUN source=CIFAR100 target=CUB2011 seed=0 labels=299 accuracy=0.9320% seconds=0.9
RUN source=CIFAR100 target=CUB2011 seed=1 labels=299 accuracy=0.9147% seconds=0.5
RUN source=CIFAR100 target=CUB2011 seed=2 labels=299 accuracy=0.9838% seconds=0.5
RUN source=CIFAR100 target=CUB2011 seed=3 labels=299 accuracy=0.8457% seconds=0.5
RUN source=CIFAR100 target=CUB2011 seed=4 labels=299 accuracy=0.7249% seconds=0.5
RUN source=CIFAR100 target=CUB2011 seed=5 labels=299 accuracy=0.7939% seconds=0.5
RUN source=CIFAR100 target=CUB2011 seed=6 labels=299 accuracy=0.9838% seconds=0.5
RUN source=CIFAR100 target=CUB2011 seed=7 labels=299 accuracy=1.3635% seconds=0.5
RUN source=CIFAR100 target=CUB2011 seed=8 labels=299 accuracy=0.6904% seconds=0.5
RUN source=CIFAR100 target=CUB2011 seed=9 labels=299 accuracy=0.9147% seconds=0.5
COMPLETE source=CIFAR100 target=CUB2011 n=10 mean=0.9147 std=0.18765971836678255
RUN source=CIFAR100 target=Dogs seed=0 labels=120 accuracy=1.6084% seconds=0.9
RUN source=CIFAR100 target=Dogs seed=1 labels=120 accuracy=1.4569% seconds=0.6
RUN source=CIFAR100 target=Dogs seed=2 labels=120 accuracy=1.4452% seconds=0.5
RUN source=CIFAR100 target=Dogs seed=3 labels=120 accuracy=1.4569% seconds=0.5
RUN source=CIFAR100 target=Dogs seed=4 labels=120 accuracy=1.3869% seconds=0.5
RUN source=CIFAR100 target=Dogs seed=5 labels=120 accuracy=1.1072% seconds=0.5
RUN source=CIFAR100 target=Dogs seed=6 labels=120 accuracy=1.5618% seconds=0.5
RUN source=CIFAR100 target=Dogs seed=7 labels=120 accuracy=1.3636% seconds=0.5
RUN source=CIFAR100 target=Dogs seed=8 labels=120 accuracy=1.0606% seconds=0.6
RUN source=CIFAR100 target=Dogs seed=9 labels=120 accuracy=1.8182% seconds=0.5
COMPLETE source=CIFAR100 target=Dogs n=10 mean=1.4266 std=0.22318999418781996
RUN source=CIFAR100 target=Dogs seed=0 labels=600 accuracy=1.4802% seconds=1.1
RUN source=CIFAR100 target=Dogs seed=1 labels=600 accuracy=1.9814% seconds=0.7
RUN source=CIFAR100 target=Dogs seed=2 labels=600 accuracy=1.8065% seconds=0.7
RUN source=CIFAR100 target=Dogs seed=3 labels=600 accuracy=1.4219% seconds=0.7
RUN source=CIFAR100 target=Dogs seed=4 labels=600 accuracy=1.6434% seconds=0.7
RUN source=CIFAR100 target=Dogs seed=5 labels=600 accuracy=1.3869% seconds=0.7
RUN source=CIFAR100 target=Dogs seed=6 labels=600 accuracy=1.8298% seconds=0.7
RUN source=CIFAR100 target=Dogs seed=7 labels=600 accuracy=1.4918% seconds=0.7
RUN source=CIFAR100 target=Dogs seed=8 labels=600 accuracy=1.4103% seconds=0.7
RUN source=CIFAR100 target=Dogs seed=9 labels=600 accuracy=1.6783% seconds=0.7
COMPLETE source=CIFAR100 target=Dogs n=10 mean=1.6131 std=0.20719858397682506
RUN source=CIFAR100 target=Flowers seed=0 labels=10 accuracy=2.2117% seconds=0.9
RUN source=CIFAR100 target=Flowers seed=1 labels=10 accuracy=1.8214% seconds=0.5
RUN source=CIFAR100 target=Flowers seed=2 labels=10 accuracy=1.8377% seconds=0.5
RUN source=CIFAR100 target=Flowers seed=3 labels=10 accuracy=1.1547% seconds=0.5
RUN source=CIFAR100 target=Flowers seed=4 labels=10 accuracy=2.0816% seconds=0.5
RUN source=CIFAR100 target=Flowers seed=5 labels=10 accuracy=3.6917% seconds=0.5
RUN source=CIFAR100 target=Flowers seed=6 labels=10 accuracy=2.7159% seconds=0.5
RUN source=CIFAR100 target=Flowers seed=7 labels=10 accuracy=2.0654% seconds=0.5
RUN source=CIFAR100 target=Flowers seed=8 labels=10 accuracy=2.1142% seconds=0.5
RUN source=CIFAR100 target=Flowers seed=9 labels=10 accuracy=1.5938% seconds=0.5
COMPLETE source=CIFAR100 target=Flowers n=10 mean=2.1288 std=0.6843466993007027
RUN source=CIFAR100 target=Flowers seed=0 labels=51 accuracy=1.8702% seconds=0.8
RUN source=CIFAR100 target=Flowers seed=1 labels=51 accuracy=2.0329% seconds=0.4
RUN source=CIFAR100 target=Flowers seed=2 labels=51 accuracy=4.2283% seconds=0.4
RUN source=CIFAR100 target=Flowers seed=3 labels=51 accuracy=2.5370% seconds=0.4
RUN source=CIFAR100 target=Flowers seed=4 labels=51 accuracy=2.0979% seconds=0.4
RUN source=CIFAR100 target=Flowers seed=5 labels=51 accuracy=3.2363% seconds=0.4
RUN source=CIFAR100 target=Flowers seed=6 labels=51 accuracy=3.0086% seconds=0.4
RUN source=CIFAR100 target=Flowers seed=7 labels=51 accuracy=2.4882% seconds=0.4
RUN source=CIFAR100 target=Flowers seed=8 labels=51 accuracy=3.0574% seconds=0.4
RUN source=CIFAR100 target=Flowers seed=9 labels=51 accuracy=1.7076% seconds=0.4
COMPLETE source=CIFAR100 target=Flowers n=10 mean=2.6264 std=0.7706218534685138
