RUN source=CIFAR100 target=TinyImageNet seed=0 labels=1000 accuracy=2.0900% seconds=1.6
RUN source=CIFAR100 target=TinyImageNet seed=1 labels=1000 accuracy=2.4200% seconds=1.2
RUN source=CIFAR100 target=TinyImageNet seed=2 labels=1000 accuracy=2.4300% seconds=1.2
RUN source=CIFAR100 target=TinyImageNet seed=3 labels=1000 accuracy=1.9200% seconds=1.2
RUN source=CIFAR100 target=TinyImageNet seed=4 labels=1000 accuracy=2.1100% seconds=1.2
RUN source=CIFAR100 target=TinyImageNet seed=5 labels=1000 accuracy=2.3000% seconds=1.2
RUN source=CIFAR100 target=TinyImageNet seed=6 labels=1000 accuracy=2.1900% seconds=1.2
RUN source=CIFAR100 target=TinyImageNet seed=7 labels=1000 accuracy=1.7700% seconds=1.2
RUN source=CIFAR100 target=TinyImageNet seed=8 labels=1000 accuracy=2.1000% seconds=1.3
RUN source=CIFAR100 target=TinyImageNet seed=9 labels=1000 accuracy=2.3800% seconds=1.2
COMPLETE source=CIFAR100 target=TinyImageNet n=10 mean=2.1710 std=0.2182989806728563
RUN source=CIFAR100 target=TinyImageNet seed=0 labels=5000 accuracy=3.1600% seconds=3.1
RUN source=CIFAR100 target=TinyImageNet seed=1 labels=5000 accuracy=3.7700% seconds=2.8
RUN source=CIFAR100 target=TinyImageNet seed=2 labels=5000 accuracy=3.5500% seconds=2.8
RUN source=CIFAR100 target=TinyImageNet seed=3 labels=5000 accuracy=3.2900% seconds=2.8
RUN source=CIFAR100 target=TinyImageNet seed=4 labels=5000 accuracy=3.3400% seconds=2.8
RUN source=CIFAR100 target=TinyImageNet seed=5 labels=5000 accuracy=3.9100% seconds=2.7
RUN source=CIFAR100 target=TinyImageNet seed=6 labels=5000 accuracy=3.4000% seconds=2.7
RUN source=CIFAR100 target=TinyImageNet seed=7 labels=5000 accuracy=3.1900% seconds=2.7
RUN source=CIFAR100 target=TinyImageNet seed=8 labels=5000 accuracy=3.3900% seconds=2.7
RUN source=CIFAR100 target=TinyImageNet seed=9 labels=5000 accuracy=3.6300% seconds=2.7
COMPLETE source=CIFAR100 target=TinyImageNet n=10 mean=3.4630 std=0.24725378103739978
RUN source=CIFAR100 target=CIFAR10 seed=0 labels=500 accuracy=33.2000% seconds=1.2
RUN source=CIFAR100 target=CIFAR10 seed=1 labels=500 accuracy=30.7800% seconds=0.8
RUN source=CIFAR100 target=CIFAR10 seed=2 labels=500 accuracy=32.8600% seconds=0.8
RUN source=CIFAR100 target=CIFAR10 seed=3 labels=500 accuracy=31.6300% seconds=0.8
RUN source=CIFAR100 target=CIFAR10 seed=4 labels=500 accuracy=31.9400% seconds=0.8
RUN source=CIFAR100 target=CIFAR10 seed=5 labels=500 accuracy=34.0100% seconds=0.8
RUN source=CIFAR100 target=CIFAR10 seed=6 labels=500 accuracy=31.3300% seconds=0.8
RUN source=CIFAR100 target=CIFAR10 seed=7 labels=500 accuracy=32.3700% seconds=0.8
RUN source=CIFAR100 target=CIFAR10 seed=8 labels=500 accuracy=33.0000% seconds=0.8
RUN source=CIFAR100 target=CIFAR10 seed=9 labels=500 accuracy=32.4000% seconds=0.8
COMPLETE source=CIFAR100 target=CIFAR10 n=10 mean=32.3520 std=0.9635211479213364
RUN source=CIFAR100 target=CIFAR10 seed=0 labels=2500 accuracy=37.4500% seconds=1.9
RUN source=CIFAR100 target=CIFAR10 seed=1 labels=2500 accuracy=37.4700% seconds=1.6
RUN source=CIFAR100 target=CIFAR10 seed=2 labels=2500 accuracy=38.2500% seconds=1.6
RUN source=CIFAR100 target=CIFAR10 seed=3 labels=2500 accuracy=37.1900% seconds=1.6
RUN source=CIFAR100 target=CIFAR10 seed=4 labels=2500 accuracy=37.9400% seconds=1.6
RUN source=CIFAR100 target=CIFAR10 seed=5 labels=2500 accuracy=39.2000% seconds=1.6
RUN source=CIFAR100 target=CIFAR10 seed=6 labels=2500 accuracy=37.3000% seconds=1.6
RUN source=CIFAR100 target=CIFAR10 seed=7 labels=2500 accuracy=37.7700% seconds=1.6
RUN source=CIFAR100 target=CIFAR10 seed=8 labels=2500 accuracy=38.5100% seconds=1.6
RUN source=CIFAR100 target=CIFAR10 seed=9 labels=2500 accuracy=39.0200% seconds=1.6
COMPLETE source=CIFAR100 target=CIFAR10 n=10 mean=38.0100 std=0.7139872020495663
RUN source=CIFAR100 target=Aircraft seed=0 labels=66 accuracy=2.0402% seconds=0.8
RUN source=CIFAR100 target=Aircraft seed=1 labels=66 accuracy=2.3102% seconds=0.4
RUN source=CIFAR100 target=Aircraft seed=2 labels=66 accuracy=1.9802% seconds=0.4
RUN source=CIFAR100 target=Aircraft seed=3 labels=66 accuracy=2.2502% seconds=0.4
RUN source=CIFAR100 target=Aircraft seed=4 labels=66 accuracy=2.4302% seconds=0.4
RUN source=CIFAR100 target=Aircraft seed=5 labels=66 accuracy=1.6802% seconds=0.4
RUN source=CIFAR100 target=Aircraft seed=6 labels=66 accuracy=2.6103% seconds=0.4
RUN source=CIFAR100 target=Aircraft seed=7 labels=66 accuracy=1.9802% seconds=0.4
RUN source=CIFAR100 target=Aircraft seed=8 labels=66 accuracy=2.1002% seconds=0.4
RUN source=CIFAR100 target=Aircraft seed=9 labels=66 accuracy=2.0102% seconds=0.4
COMPLETE source=CIFAR100 target=Aircraft n=10 mean=2.1392 std=0.2661280845508127
RUN source=CIFAR100 target=Aircraft seed=0 labels=333 accuracy=2.5803% seconds=0.8
RUN source=CIFAR100 target=Aircraft seed=1 labels=333 accuracy=2.7003% seconds=0.5
RUN source=CIFAR100 target=Aircraft seed=2 labels=333 accuracy=2.7903% seconds=0.4
RUN source=CIFAR100 target=Aircraft seed=3 labels=333 accuracy=3.1503% seconds=0.4
RUN source=CIFAR100 target=Aircraft seed=4 labels=333 accuracy=2.6403% seconds=0.5
RUN source=CIFAR100 target=Aircraft seed=5 labels=333 accuracy=3.0603% seconds=0.4
RUN source=CIFAR100 target=Aircraft seed=6 labels=333 accuracy=2.7303% seconds=0.4
RUN source=CIFAR100 target=Aircraft seed=7 labels=333 accuracy=2.5503% seconds=0.4
RUN source=CIFAR100 target=Aircraft seed=8 labels=333 accuracy=2.3402% seconds=0.4
RUN source=CIFAR100 target=Aircraft seed=9 labels=333 accuracy=2.5503% seconds=0.4
COMPLETE source=CIFAR100 target=Aircraft n=10 mean=2.7093 std=0.2433553623062533
RUN source=CIFAR100 target=CUB2011 seed=0 labels=59 accuracy=0.5868% seconds=0.8
RUN source=CIFAR100 target=CUB2011 seed=1 labels=59 accuracy=0.8630% seconds=0.5
RUN source=CIFAR100 target=CUB2011 seed=2 labels=59 accuracy=0.9320% seconds=0.5
RUN source=CIFAR100 target=CUB2011 seed=3 labels=59 accuracy=0.7767% seconds=0.5
RUN source=CIFAR100 target=CUB2011 seed=4 labels=59 accuracy=0.7421% seconds=0.5
RUN source=CIFAR100 target=CUB2011 seed=5 labels=59 accuracy=1.1391% seconds=0.5
RUN source=CIFAR100 target=CUB2011 seed=6 labels=59 accuracy=0.9493% seconds=0.5
RUN source=CIFAR100 target=CUB2011 seed=7 labels=59 accuracy=0.9665% seconds=0.5
RUN source=CIFAR100 target=CUB2011 seed=8 labels=59 accuracy=1.0010% seconds=0.5
RUN source=CIFAR100 target=CUB2011 seed=9 labels=59 accuracy=0.8457% seconds=0.5
COMPLETE source=CIFAR100 target=CUB2011 n=10 mean=0.8802 std=0.15415672550529405
RUN source=CIFAR100 target=CUB2011 seed=0 labels=299 accuracy=1.1736% seconds=0.9
RUN source=CIFAR100 target=CUB2011 seed=1 labels=299 accuracy=1.2599% seconds=0.5
RUN source=CIFAR100 target=CUB2011 seed=2 labels=299 accuracy=0.8457% seconds=0.5
RUN source=CIFAR100 target=CUB2011 seed=3 labels=299 accuracy=1.0873% seconds=0.5
RUN source=CIFAR100 target=CUB2011 seed=4 labels=299 accuracy=0.9665% seconds=0.5
RUN source=CIFAR100 target=CUB2011 seed=5 labels=299 accuracy=1.3462% seconds=0.5
RUN source=CIFAR100 target=CUB2011 seed=6 labels=299 accuracy=1.1046% seconds=0.5
RUN source=CIFAR100 target=CUB2011 seed=7 labels=299 accuracy=1.1736% seconds=0.5
RUN source=CIFAR100 target=CUB2011 seed=8 labels=299 accuracy=1.0528% seconds=0.5
RUN source=CIFAR100 target=CUB2011 seed=9 labels=299 accuracy=1.0528% seconds=0.5
COMPLETE source=CIFAR100 target=CUB2011 n=10 mean=1.1063 std=0.14289190739645383
RUN source=CIFAR100 target=Dogs seed=0 labels=120 accuracy=1.5501% seconds=0.9
RUN source=CIFAR100 target=Dogs seed=1 labels=120 accuracy=1.6783% seconds=0.6
RUN source=CIFAR100 target=Dogs seed=2 labels=120 accuracy=1.6084% seconds=0.5
RUN source=CIFAR100 target=Dogs seed=3 labels=120 accuracy=1.6783% seconds=0.6
RUN source=CIFAR100 target=Dogs seed=4 labels=120 accuracy=1.3753% seconds=0.6
RUN source=CIFAR100 target=Dogs seed=5 labels=120 accuracy=1.6084% seconds=0.5
RUN source=CIFAR100 target=Dogs seed=6 labels=120 accuracy=1.5967% seconds=0.5
RUN source=CIFAR100 target=Dogs seed=7 labels=120 accuracy=1.7716% seconds=0.5
RUN source=CIFAR100 target=Dogs seed=8 labels=120 accuracy=1.5734% seconds=0.5
RUN source=CIFAR100 target=Dogs seed=9 labels=120 accuracy=1.6434% seconds=0.6
COMPLETE source=CIFAR100 target=Dogs n=10 mean=1.6084 std=0.10366483212943325
RUN source=CIFAR100 target=Dogs seed=0 labels=600 accuracy=1.8881% seconds=1.1
RUN source=CIFAR100 target=Dogs seed=1 labels=600 accuracy=2.2844% seconds=0.7
RUN source=CIFAR100 target=Dogs seed=2 labels=600 accuracy=2.1678% seconds=0.7
RUN source=CIFAR100 target=Dogs seed=3 labels=600 accuracy=1.9231% seconds=0.7
RUN source=CIFAR100 target=Dogs seed=4 labels=600 accuracy=2.4126% seconds=0.7
RUN source=CIFAR100 target=Dogs seed=5 labels=600 accuracy=1.8531% seconds=0.7
RUN source=CIFAR100 target=Dogs seed=6 labels=600 accuracy=2.2727% seconds=0.7
RUN source=CIFAR100 target=Dogs seed=7 labels=600 accuracy=2.2844% seconds=0.7
RUN source=CIFAR100 target=Dogs seed=8 labels=600 accuracy=2.1562% seconds=0.7
RUN source=CIFAR100 target=Dogs seed=9 labels=600 accuracy=2.1678% seconds=0.7
COMPLETE source=CIFAR100 target=Dogs n=10 mean=2.1410 std=0.1909628796005971
RUN source=CIFAR100 target=Flowers seed=0 labels=10 accuracy=1.8865% seconds=0.9
RUN source=CIFAR100 target=Flowers seed=1 labels=10 accuracy=2.5370% seconds=0.5
RUN source=CIFAR100 target=Flowers seed=2 labels=10 accuracy=2.4719% seconds=0.5
RUN source=CIFAR100 target=Flowers seed=3 labels=10 accuracy=1.4311% seconds=0.5
RUN source=CIFAR100 target=Flowers seed=4 labels=10 accuracy=1.4799% seconds=0.5
RUN source=CIFAR100 target=Flowers seed=5 labels=10 accuracy=3.1062% seconds=0.5
RUN source=CIFAR100 target=Flowers seed=6 labels=10 accuracy=2.4882% seconds=0.5
RUN source=CIFAR100 target=Flowers seed=7 labels=10 accuracy=1.7401% seconds=0.5
RUN source=CIFAR100 target=Flowers seed=8 labels=10 accuracy=2.7647% seconds=0.5
RUN source=CIFAR100 target=Flowers seed=9 labels=10 accuracy=1.1709% seconds=0.5
COMPLETE source=CIFAR100 target=Flowers n=10 mean=2.1077 std=0.6501146500551489
RUN source=CIFAR100 target=Flowers seed=0 labels=51 accuracy=2.6508% seconds=0.8
RUN source=CIFAR100 target=Flowers seed=1 labels=51 accuracy=2.6834% seconds=0.4
RUN source=CIFAR100 target=Flowers seed=2 labels=51 accuracy=4.0657% seconds=0.4
RUN source=CIFAR100 target=Flowers seed=3 labels=51 accuracy=3.8055% seconds=0.4
RUN source=CIFAR100 target=Flowers seed=4 labels=51 accuracy=2.2605% seconds=0.4
RUN source=CIFAR100 target=Flowers seed=5 labels=51 accuracy=2.6183% seconds=0.4
RUN source=CIFAR100 target=Flowers seed=6 labels=51 accuracy=3.4965% seconds=0.4
RUN source=CIFAR100 target=Flowers seed=7 labels=51 accuracy=2.9598% seconds=0.4
RUN source=CIFAR100 target=Flowers seed=8 labels=51 accuracy=3.8380% seconds=0.4
RUN source=CIFAR100 target=Flowers seed=9 labels=51 accuracy=2.6508% seconds=0.4
COMPLETE source=CIFAR100 target=Flowers n=10 mean=3.1029 std=0.6381894176200883
