RUN source=TinyImageNet target=CIFAR10 seed=0 labels=500 accuracy=27.4400% seconds=1.3
RUN source=TinyImageNet target=CIFAR10 seed=1 labels=500 accuracy=22.8500% seconds=0.8
RUN source=TinyImageNet target=CIFAR10 seed=2 labels=500 accuracy=19.2300% seconds=0.8
RUN source=TinyImageNet target=CIFAR10 seed=3 labels=500 accuracy=24.8800% seconds=0.8
RUN source=TinyImageNet target=CIFAR10 seed=4 labels=500 accuracy=29.3600% seconds=0.8
RUN source=TinyImageNet target=CIFAR10 seed=5 labels=500 accuracy=29.3200% seconds=0.8
RUN source=TinyImageNet target=CIFAR10 seed=6 labels=500 accuracy=23.6200% seconds=0.8
RUN source=TinyImageNet target=CIFAR10 seed=7 labels=500 accuracy=22.9700% seconds=0.8
RUN source=TinyImageNet target=CIFAR10 seed=8 labels=500 accuracy=26.5600% seconds=0.8
RUN source=TinyImageNet target=CIFAR10 seed=9 labels=500 accuracy=27.2800% seconds=0.8
COMPLETE source=TinyImageNet target=CIFAR10 n=10 mean=25.3510 std=3.2314545690970484
RUN source=TinyImageNet target=CIFAR10 seed=0 labels=2500 accuracy=30.2900% seconds=2.0
RUN source=TinyImageNet target=CIFAR10 seed=1 labels=2500 accuracy=29.8800% seconds=1.6
RUN source=TinyImageNet target=CIFAR10 seed=2 labels=2500 accuracy=31.0100% seconds=1.6
RUN source=TinyImageNet target=CIFAR10 seed=3 labels=2500 accuracy=28.9400% seconds=1.6
RUN source=TinyImageNet target=CIFAR10 seed=4 labels=2500 accuracy=32.1200% seconds=1.6
RUN source=TinyImageNet target=CIFAR10 seed=5 labels=2500 accuracy=31.8600% seconds=1.6
RUN source=TinyImageNet target=CIFAR10 seed=6 labels=2500 accuracy=29.9800% seconds=1.6
RUN source=TinyImageNet target=CIFAR10 seed=7 labels=2500 accuracy=32.1500% seconds=1.6
RUN source=TinyImageNet target=CIFAR10 seed=8 labels=2500 accuracy=31.4400% seconds=1.6
RUN source=TinyImageNet target=CIFAR10 seed=9 labels=2500 accuracy=31.3000% seconds=1.6
COMPLETE source=TinyImageNet target=CIFAR10 n=10 mean=30.8970 std=1.082005284720708
RUN source=TinyImageNet target=CIFAR100 seed=0 labels=500 accuracy=2.5300% seconds=1.2
RUN source=TinyImageNet target=CIFAR100 seed=1 labels=500 accuracy=1.8500% seconds=0.8
RUN source=TinyImageNet target=CIFAR100 seed=2 labels=500 accuracy=1.8700% seconds=0.8
RUN source=TinyImageNet target=CIFAR100 seed=3 labels=500 accuracy=2.5700% seconds=0.8
RUN source=TinyImageNet target=CIFAR100 seed=4 labels=500 accuracy=2.1400% seconds=0.8
RUN source=TinyImageNet target=CIFAR100 seed=5 labels=500 accuracy=1.5100% seconds=0.8
RUN source=TinyImageNet target=CIFAR100 seed=6 labels=500 accuracy=1.9600% seconds=0.8
RUN source=TinyImageNet target=CIFAR100 seed=7 labels=500 accuracy=1.1200% seconds=0.8
RUN source=TinyImageNet target=CIFAR100 seed=8 labels=500 accuracy=2.3100% seconds=0.8
RUN source=TinyImageNet target=CIFAR100 seed=9 labels=500 accuracy=2.4700% seconds=0.8
COMPLETE source=TinyImageNet target=CIFAR100 n=10 mean=2.0330 std=0.4698711291863606
RUN source=TinyImageNet target=CIFAR100 seed=0 labels=2500 accuracy=3.2000% seconds=1.9
RUN source=TinyImageNet target=CIFAR100 seed=1 labels=2500 accuracy=4.1700% seconds=1.6
RUN source=TinyImageNet target=CIFAR100 seed=2 labels=2500 accuracy=4.2700% seconds=1.6
RUN source=TinyImageNet target=CIFAR100 seed=3 labels=2500 accuracy=4.5100% seconds=1.6
RUN source=TinyImageNet target=CIFAR100 seed=4 labels=2500 accuracy=3.7400% seconds=1.6
RUN source=TinyImageNet target=CIFAR100 seed=5 labels=2500 accuracy=4.8700% seconds=1.6
RUN source=TinyImageNet target=CIFAR100 seed=6 labels=2500 accuracy=3.5400% seconds=1.6
RUN source=TinyImageNet target=CIFAR100 seed=7 labels=2500 accuracy=3.7000% seconds=1.6
RUN source=TinyImageNet target=CIFAR100 seed=8 labels=2500 accuracy=4.1400% seconds=1.6
RUN source=TinyImageNet target=CIFAR100 seed=9 labels=2500 accuracy=3.9500% seconds=1.6
COMPLETE source=TinyImageNet target=CIFAR100 n=10 mean=4.0090 std=0.48868188789912914
RUN source=TinyImageNet target=Aircraft seed=0 labels=66 accuracy=1.6502% seconds=0.8
RUN source=TinyImageNet target=Aircraft seed=1 labels=66 accuracy=1.2301% seconds=0.4
RUN source=TinyImageNet target=Aircraft seed=2 labels=66 accuracy=1.7102% seconds=0.4
RUN source=TinyImageNet target=Aircraft seed=3 labels=66 accuracy=1.8302% seconds=0.4
RUN source=TinyImageNet target=Aircraft seed=4 labels=66 accuracy=1.1101% seconds=0.4
RUN source=TinyImageNet target=Aircraft seed=5 labels=66 accuracy=1.2001% seconds=0.4
RUN source=TinyImageNet target=Aircraft seed=6 labels=66 accuracy=1.5302% seconds=0.4
RUN source=TinyImageNet target=Aircraft seed=7 labels=66 accuracy=1.3501% seconds=0.4
RUN source=TinyImageNet target=Aircraft seed=8 labels=66 accuracy=1.2601% seconds=0.4
RUN source=TinyImageNet target=Aircraft seed=9 labels=66 accuracy=1.4401% seconds=0.4
COMPLETE source=TinyImageNet target=Aircraft n=10 mean=1.4311 std=0.2421192162473023
RUN source=TinyImageNet target=Aircraft seed=0 labels=333 accuracy=1.1401% seconds=0.8
RUN source=TinyImageNet target=Aircraft seed=1 labels=333 accuracy=0.9901% seconds=0.5
RUN source=TinyImageNet target=Aircraft seed=2 labels=333 accuracy=1.7102% seconds=0.4
RUN source=TinyImageNet target=Aircraft seed=3 labels=333 accuracy=1.4401% seconds=0.4
RUN source=TinyImageNet target=Aircraft seed=4 labels=333 accuracy=1.5302% seconds=0.5
RUN source=TinyImageNet target=Aircraft seed=5 labels=333 accuracy=1.1701% seconds=0.4
RUN source=TinyImageNet target=Aircraft seed=6 labels=333 accuracy=1.0201% seconds=0.4
RUN source=TinyImageNet target=Aircraft seed=7 labels=333 accuracy=1.3801% seconds=0.4
RUN source=TinyImageNet target=Aircraft seed=8 labels=333 accuracy=1.2001% seconds=0.4
RUN source=TinyImageNet target=Aircraft seed=9 labels=333 accuracy=1.1401% seconds=0.4
COMPLETE source=TinyImageNet target=Aircraft n=10 mean=1.2721 std=0.2337753521637379
RUN source=TinyImageNet target=CUB2011 seed=0 labels=59 accuracy=0.8457% seconds=0.9
RUN source=TinyImageNet target=CUB2011 seed=1 labels=59 accuracy=0.8112% seconds=0.5
RUN source=TinyImageNet target=CUB2011 seed=2 labels=59 accuracy=0.6041% seconds=0.5
RUN source=TinyImageNet target=CUB2011 seed=3 labels=59 accuracy=0.6904% seconds=0.5
RUN source=TinyImageNet target=CUB2011 seed=4 labels=59 accuracy=0.6731% seconds=0.5
RUN source=TinyImageNet target=CUB2011 seed=5 labels=59 accuracy=0.6213% seconds=0.5
RUN source=TinyImageNet target=CUB2011 seed=6 labels=59 accuracy=0.4142% seconds=0.5
RUN source=TinyImageNet target=CUB2011 seed=7 labels=59 accuracy=0.6559% seconds=0.5
RUN source=TinyImageNet target=CUB2011 seed=8 labels=59 accuracy=0.9665% seconds=0.5
RUN source=TinyImageNet target=CUB2011 seed=9 labels=59 accuracy=0.5005% seconds=0.5
COMPLETE source=TinyImageNet target=CUB2011 n=10 mean=0.6783 std=0.16313806136347925
RUN source=TinyImageNet target=CUB2011 seed=0 labels=299 accuracy=0.2589% seconds=0.9
RUN source=TinyImageNet target=CUB2011 seed=1 labels=299 accuracy=0.5178% seconds=0.5
RUN source=TinyImageNet target=CUB2011 seed=2 labels=299 accuracy=0.5178% seconds=0.5
RUN source=TinyImageNet target=CUB2011 seed=3 labels=299 accuracy=0.5178% seconds=0.5
RUN source=TinyImageNet target=CUB2011 seed=4 labels=299 accuracy=0.9665% seconds=0.5
RUN source=TinyImageNet target=CUB2011 seed=5 labels=299 accuracy=0.8284% seconds=0.5
RUN source=TinyImageNet target=CUB2011 seed=6 labels=299 accuracy=0.5178% seconds=0.5
RUN source=TinyImageNet target=CUB2011 seed=7 labels=299 accuracy=0.5005% seconds=0.5
RUN source=TinyImageNet target=CUB2011 seed=8 labels=299 accuracy=0.6904% seconds=0.5
RUN source=TinyImageNet target=CUB2011 seed=9 labels=299 accuracy=0.8112% seconds=0.5
COMPLETE source=TinyImageNet target=CUB2011 n=10 mean=0.6127 std=0.20842504077581506
RUN source=TinyImageNet target=Dogs seed=0 labels=120 accuracy=1.0373% seconds=0.9
RUN source=TinyImageNet target=Dogs seed=1 labels=120 accuracy=1.2704% seconds=0.6
RUN source=TinyImageNet target=Dogs seed=2 labels=120 accuracy=0.8275% seconds=0.5
RUN source=TinyImageNet target=Dogs seed=3 labels=120 accuracy=0.6993% seconds=0.6
RUN source=TinyImageNet target=Dogs seed=4 labels=120 accuracy=0.6876% seconds=0.6
RUN source=TinyImageNet target=Dogs seed=5 labels=120 accuracy=1.2937% seconds=0.5
RUN source=TinyImageNet target=Dogs seed=6 labels=120 accuracy=1.0140% seconds=0.5
RUN source=TinyImageNet target=Dogs seed=7 labels=120 accuracy=1.0023% seconds=0.5
RUN source=TinyImageNet target=Dogs seed=8 labels=120 accuracy=0.7226% seconds=0.5
RUN source=TinyImageNet target=Dogs seed=9 labels=120 accuracy=0.5828% seconds=0.6
COMPLETE source=TinyImageNet target=Dogs n=10 mean=0.9138 std=0.24840947643604194
RUN source=TinyImageNet target=Dogs seed=0 labels=600 accuracy=0.8275% seconds=1.1
RUN source=TinyImageNet target=Dogs seed=1 labels=600 accuracy=1.1422% seconds=0.7
RUN source=TinyImageNet target=Dogs seed=2 labels=600 accuracy=0.6643% seconds=0.7
RUN source=TinyImageNet target=Dogs seed=3 labels=600 accuracy=1.1655% seconds=0.7
RUN source=TinyImageNet target=Dogs seed=4 labels=600 accuracy=1.1072% seconds=0.7
RUN source=TinyImageNet target=Dogs seed=5 labels=600 accuracy=0.9324% seconds=0.7
RUN source=TinyImageNet target=Dogs seed=6 labels=600 accuracy=1.1538% seconds=0.7
RUN source=TinyImageNet target=Dogs seed=7 labels=600 accuracy=0.8625% seconds=0.7
RUN source=TinyImageNet target=Dogs seed=8 labels=600 accuracy=1.0140% seconds=0.7
RUN source=TinyImageNet target=Dogs seed=9 labels=600 accuracy=0.8508% seconds=0.7
COMPLETE source=TinyImageNet target=Dogs n=10 mean=0.9720 std=0.17104609037426893
RUN source=TinyImageNet target=Flowers seed=0 labels=10 accuracy=2.1792% seconds=0.9
RUN source=TinyImageNet target=Flowers seed=1 labels=10 accuracy=1.8540% seconds=0.5
RUN source=TinyImageNet target=Flowers seed=2 labels=10 accuracy=1.7076% seconds=0.5
RUN source=TinyImageNet target=Flowers seed=3 labels=10 accuracy=1.2522% seconds=0.5
RUN source=TinyImageNet target=Flowers seed=4 labels=10 accuracy=1.8377% seconds=0.5
RUN source=TinyImageNet target=Flowers seed=5 labels=10 accuracy=3.2038% seconds=0.5
RUN source=TinyImageNet target=Flowers seed=6 labels=10 accuracy=1.9190% seconds=0.5
RUN source=TinyImageNet target=Flowers seed=7 labels=10 accuracy=3.1225% seconds=0.5
RUN source=TinyImageNet target=Flowers seed=8 labels=10 accuracy=1.2685% seconds=0.5
RUN source=TinyImageNet target=Flowers seed=9 labels=10 accuracy=0.6342% seconds=0.5
COMPLETE source=TinyImageNet target=Flowers n=10 mean=1.8979 std=0.798334729906817
RUN source=TinyImageNet target=Flowers seed=0 labels=51 accuracy=1.4149% seconds=0.8
RUN source=TinyImageNet target=Flowers seed=1 labels=51 accuracy=0.7318% seconds=0.4
RUN source=TinyImageNet target=Flowers seed=2 labels=51 accuracy=1.1059% seconds=0.4
RUN source=TinyImageNet target=Flowers seed=3 labels=51 accuracy=2.5370% seconds=0.4
RUN source=TinyImageNet target=Flowers seed=4 labels=51 accuracy=0.5367% seconds=0.4
RUN source=TinyImageNet target=Flowers seed=5 labels=51 accuracy=0.8945% seconds=0.4
RUN source=TinyImageNet target=Flowers seed=6 labels=51 accuracy=0.6830% seconds=0.4
RUN source=TinyImageNet target=Flowers seed=7 labels=51 accuracy=1.6425% seconds=0.4
RUN source=TinyImageNet target=Flowers seed=8 labels=51 accuracy=3.0737% seconds=0.4
RUN source=TinyImageNet target=Flowers seed=9 labels=51 accuracy=0.7481% seconds=0.4
COMPLETE source=TinyImageNet target=Flowers n=10 mean=1.3368 std=0.8554367058532367
