RUN source=TinyImageNet target=CIFAR10 seed=0 labels=500 accuracy=33.3400% seconds=1.2
RUN source=TinyImageNet target=CIFAR10 seed=1 labels=500 accuracy=30.7700% seconds=0.9
RUN source=TinyImageNet target=CIFAR10 seed=2 labels=500 accuracy=31.7300% seconds=0.8
RUN source=TinyImageNet target=CIFAR10 seed=3 labels=500 accuracy=29.7900% seconds=0.8
RUN source=TinyImageNet target=CIFAR10 seed=4 labels=500 accuracy=30.2700% seconds=0.8
RUN source=TinyImageNet target=CIFAR10 seed=5 labels=500 accuracy=32.6700% seconds=0.8
RUN source=TinyImageNet target=CIFAR10 seed=6 labels=500 accuracy=31.9800% seconds=0.8
RUN source=TinyImageNet target=CIFAR10 seed=7 labels=500 accuracy=29.3300% seconds=0.8
RUN source=TinyImageNet target=CIFAR10 seed=8 labels=500 accuracy=32.9000% seconds=0.8
RUN source=TinyImageNet target=CIFAR10 seed=9 labels=500 accuracy=32.3500% seconds=0.8
COMPLETE source=TinyImageNet target=CIFAR10 n=10 mean=31.5130 std=1.3903399523924482
RUN source=TinyImageNet target=CIFAR10 seed=0 labels=2500 accuracy=38.5000% seconds=2.0
RUN source=TinyImageNet target=CIFAR10 seed=1 labels=2500 accuracy=36.4300% seconds=1.6
RUN source=TinyImageNet target=CIFAR10 seed=2 labels=2500 accuracy=38.2000% seconds=1.6
RUN source=TinyImageNet target=CIFAR10 seed=3 labels=2500 accuracy=36.5900% seconds=1.6
RUN source=TinyImageNet target=CIFAR10 seed=4 labels=2500 accuracy=36.3200% seconds=1.6
RUN source=TinyImageNet target=CIFAR10 seed=5 labels=2500 accuracy=38.6900% seconds=1.6
RUN source=TinyImageNet target=CIFAR10 seed=6 labels=2500 accuracy=37.7800% seconds=1.6
RUN source=TinyImageNet target=CIFAR10 seed=7 labels=2500 accuracy=35.8900% seconds=1.6
RUN source=TinyImageNet target=CIFAR10 seed=8 labels=2500 accuracy=38.7700% seconds=1.6
RUN source=TinyImageNet target=CIFAR10 seed=9 labels=2500 accuracy=37.2700% seconds=1.6
COMPLETE source=TinyImageNet target=CIFAR10 n=10 mean=37.4440 std=1.0840483641318865
RUN source=TinyImageNet target=CIFAR100 seed=0 labels=500 accuracy=5.4700% seconds=1.2
RUN source=TinyImageNet target=CIFAR100 seed=1 labels=500 accuracy=5.7500% seconds=0.8
RUN source=TinyImageNet target=CIFAR100 seed=2 labels=500 accuracy=5.9300% seconds=0.8
RUN source=TinyImageNet target=CIFAR100 seed=3 labels=500 accuracy=4.4000% seconds=0.8
RUN source=TinyImageNet target=CIFAR100 seed=4 labels=500 accuracy=5.4600% seconds=0.8
RUN source=TinyImageNet target=CIFAR100 seed=5 labels=500 accuracy=6.2500% seconds=0.8
RUN source=TinyImageNet target=CIFAR100 seed=6 labels=500 accuracy=5.8700% seconds=0.8
RUN source=TinyImageNet target=CIFAR100 seed=7 labels=500 accuracy=4.8800% seconds=0.8
RUN source=TinyImageNet target=CIFAR100 seed=8 labels=500 accuracy=6.5700% seconds=0.8
RUN source=TinyImageNet target=CIFAR100 seed=9 labels=500 accuracy=6.6400% seconds=0.8
COMPLETE source=TinyImageNet target=CIFAR100 n=10 mean=5.7220 std=0.7067421585327013
RUN source=TinyImageNet target=CIFAR100 seed=0 labels=2500 accuracy=9.8500% seconds=2.0
RUN source=TinyImageNet target=CIFAR100 seed=1 labels=2500 accuracy=10.2700% seconds=1.6
RUN source=TinyImageNet target=CIFAR100 seed=2 labels=2500 accuracy=9.3600% seconds=1.6
RUN source=TinyImageNet target=CIFAR100 seed=3 labels=2500 accuracy=8.8700% seconds=1.6
RUN source=TinyImageNet target=CIFAR100 seed=4 labels=2500 accuracy=9.5200% seconds=1.6
RUN source=TinyImageNet target=CIFAR100 seed=5 labels=2500 accuracy=9.7600% seconds=1.6
RUN source=TinyImageNet target=CIFAR100 seed=6 labels=2500 accuracy=10.1300% seconds=1.6
RUN source=TinyImageNet target=CIFAR100 seed=7 labels=2500 accuracy=9.8000% seconds=1.6
RUN source=TinyImageNet target=CIFAR100 seed=8 labels=2500 accuracy=10.1000% seconds=1.7
RUN source=TinyImageNet target=CIFAR100 seed=9 labels=2500 accuracy=9.8000% seconds=1.6
COMPLETE source=TinyImageNet target=CIFAR100 n=10 mean=9.7460 std=0.41253151376487784
RUN source=TinyImageNet target=Aircraft seed=0 labels=66 accuracy=2.1302% seconds=0.8
RUN source=TinyImageNet target=Aircraft seed=1 labels=66 accuracy=2.3102% seconds=0.4
RUN source=TinyImageNet target=Aircraft seed=2 labels=66 accuracy=1.7402% seconds=0.4
RUN source=TinyImageNet target=Aircraft seed=3 labels=66 accuracy=2.3102% seconds=0.4
RUN source=TinyImageNet target=Aircraft seed=4 labels=66 accuracy=2.2202% seconds=0.4
RUN source=TinyImageNet target=Aircraft seed=5 labels=66 accuracy=1.7702% seconds=0.4
RUN source=TinyImageNet target=Aircraft seed=6 labels=66 accuracy=2.5503% seconds=0.4
RUN source=TinyImageNet target=Aircraft seed=7 labels=66 accuracy=1.8902% seconds=0.4
RUN source=TinyImageNet target=Aircraft seed=8 labels=66 accuracy=2.0102% seconds=0.4
RUN source=TinyImageNet target=Aircraft seed=9 labels=66 accuracy=2.2202% seconds=0.4
COMPLETE source=TinyImageNet target=Aircraft n=10 mean=2.1152 std=0.26012214118534527
RUN source=TinyImageNet target=Aircraft seed=0 labels=333 accuracy=2.5803% seconds=0.9
RUN source=TinyImageNet target=Aircraft seed=1 labels=333 accuracy=2.4002% seconds=0.5
RUN source=TinyImageNet target=Aircraft seed=2 labels=333 accuracy=2.6703% seconds=0.5
RUN source=TinyImageNet target=Aircraft seed=3 labels=333 accuracy=2.9703% seconds=0.5
RUN source=TinyImageNet target=Aircraft seed=4 labels=333 accuracy=2.0402% seconds=0.5
RUN source=TinyImageNet target=Aircraft seed=5 labels=333 accuracy=3.2403% seconds=0.5
RUN source=TinyImageNet target=Aircraft seed=6 labels=333 accuracy=2.8503% seconds=0.5
RUN source=TinyImageNet target=Aircraft seed=7 labels=333 accuracy=2.0702% seconds=0.5
RUN source=TinyImageNet target=Aircraft seed=8 labels=333 accuracy=2.6703% seconds=0.5
RUN source=TinyImageNet target=Aircraft seed=9 labels=333 accuracy=3.1803% seconds=0.5
COMPLETE source=TinyImageNet target=Aircraft n=10 mean=2.6673 std=0.4143963188778666
RUN source=TinyImageNet target=CUB2011 seed=0 labels=59 accuracy=1.0356% seconds=0.9
RUN source=TinyImageNet target=CUB2011 seed=1 labels=59 accuracy=0.8630% seconds=0.5
RUN source=TinyImageNet target=CUB2011 seed=2 labels=59 accuracy=0.6559% seconds=0.5
RUN source=TinyImageNet target=CUB2011 seed=3 labels=59 accuracy=0.8802% seconds=0.5
RUN source=TinyImageNet target=CUB2011 seed=4 labels=59 accuracy=0.6041% seconds=0.5
RUN source=TinyImageNet target=CUB2011 seed=5 labels=59 accuracy=0.9493% seconds=0.5
RUN source=TinyImageNet target=CUB2011 seed=6 labels=59 accuracy=1.0183% seconds=0.5
RUN source=TinyImageNet target=CUB2011 seed=7 labels=59 accuracy=0.7767% seconds=0.5
RUN source=TinyImageNet target=CUB2011 seed=8 labels=59 accuracy=1.0010% seconds=0.5
RUN source=TinyImageNet target=CUB2011 seed=9 labels=59 accuracy=1.0528% seconds=0.5
COMPLETE source=TinyImageNet target=CUB2011 n=10 mean=0.8837 std=0.15980720845448645
RUN source=TinyImageNet target=CUB2011 seed=0 labels=299 accuracy=1.2254% seconds=0.9
RUN source=TinyImageNet target=CUB2011 seed=1 labels=299 accuracy=1.1219% seconds=0.5
RUN source=TinyImageNet target=CUB2011 seed=2 labels=299 accuracy=0.6904% seconds=0.5
RUN source=TinyImageNet target=CUB2011 seed=3 labels=299 accuracy=0.8284% seconds=0.5
RUN source=TinyImageNet target=CUB2011 seed=4 labels=299 accuracy=0.7421% seconds=0.5
RUN source=TinyImageNet target=CUB2011 seed=5 labels=299 accuracy=1.0701% seconds=0.5
RUN source=TinyImageNet target=CUB2011 seed=6 labels=299 accuracy=1.0010% seconds=0.5
RUN source=TinyImageNet target=CUB2011 seed=7 labels=299 accuracy=0.9493% seconds=0.5
RUN source=TinyImageNet target=CUB2011 seed=8 labels=299 accuracy=1.1046% seconds=0.5
RUN source=TinyImageNet target=CUB2011 seed=9 labels=299 accuracy=0.9838% seconds=0.5
COMPLETE source=TinyImageNet target=CUB2011 n=10 mean=0.9717 std=0.17260192646336964
RUN source=TinyImageNet target=Dogs seed=0 labels=120 accuracy=1.5618% seconds=0.9
RUN source=TinyImageNet target=Dogs seed=1 labels=120 accuracy=1.8531% seconds=0.6
RUN source=TinyImageNet target=Dogs seed=2 labels=120 accuracy=1.3986% seconds=0.6
RUN source=TinyImageNet target=Dogs seed=3 labels=120 accuracy=1.5152% seconds=0.6
RUN source=TinyImageNet target=Dogs seed=4 labels=120 accuracy=1.6200% seconds=0.6
RUN source=TinyImageNet target=Dogs seed=5 labels=120 accuracy=1.3636% seconds=0.6
RUN source=TinyImageNet target=Dogs seed=6 labels=120 accuracy=1.6200% seconds=0.6
RUN source=TinyImageNet target=Dogs seed=7 labels=120 accuracy=1.4452% seconds=0.6
RUN source=TinyImageNet target=Dogs seed=8 labels=120 accuracy=1.2821% seconds=0.6
RUN source=TinyImageNet target=Dogs seed=9 labels=120 accuracy=1.6550% seconds=0.6
COMPLETE source=TinyImageNet target=Dogs n=10 mean=1.5315 std=0.16702803831439572
RUN source=TinyImageNet target=Dogs seed=0 labels=600 accuracy=2.1678% seconds=1.1
RUN source=TinyImageNet target=Dogs seed=1 labels=600 accuracy=2.1678% seconds=0.7
RUN source=TinyImageNet target=Dogs seed=2 labels=600 accuracy=2.0396% seconds=0.7
RUN source=TinyImageNet target=Dogs seed=3 labels=600 accuracy=1.6667% seconds=0.7
RUN source=TinyImageNet target=Dogs seed=4 labels=600 accuracy=1.9580% seconds=0.7
RUN source=TinyImageNet target=Dogs seed=5 labels=600 accuracy=1.7483% seconds=0.7
RUN source=TinyImageNet target=Dogs seed=6 labels=600 accuracy=2.4476% seconds=0.7
RUN source=TinyImageNet target=Dogs seed=7 labels=600 accuracy=2.3543% seconds=0.7
RUN source=TinyImageNet target=Dogs seed=8 labels=600 accuracy=2.0629% seconds=0.7
RUN source=TinyImageNet target=Dogs seed=9 labels=600 accuracy=2.1445% seconds=0.7
COMPLETE source=TinyImageNet target=Dogs n=10 mean=2.0758 std=0.24208590857452597
RUN source=TinyImageNet target=Flowers seed=0 labels=10 accuracy=2.1467% seconds=0.9
RUN source=TinyImageNet target=Flowers seed=1 labels=10 accuracy=2.3418% seconds=0.5
RUN source=TinyImageNet target=Flowers seed=2 labels=10 accuracy=1.8214% seconds=0.5
RUN source=TinyImageNet target=Flowers seed=3 labels=10 accuracy=1.3173% seconds=0.5
RUN source=TinyImageNet target=Flowers seed=4 labels=10 accuracy=1.2848% seconds=0.5
RUN source=TinyImageNet target=Flowers seed=5 labels=10 accuracy=3.4477% seconds=0.5
RUN source=TinyImageNet target=Flowers seed=6 labels=10 accuracy=2.7159% seconds=0.5
RUN source=TinyImageNet target=Flowers seed=7 labels=10 accuracy=1.6913% seconds=0.5
RUN source=TinyImageNet target=Flowers seed=8 labels=10 accuracy=2.2280% seconds=0.5
RUN source=TinyImageNet target=Flowers seed=9 labels=10 accuracy=1.0896% seconds=0.5
COMPLETE source=TinyImageNet target=Flowers n=10 mean=2.0085 std=0.725079293690142
RUN source=TinyImageNet target=Flowers seed=0 labels=51 accuracy=2.7972% seconds=0.8
RUN source=TinyImageNet target=Flowers seed=1 labels=51 accuracy=2.2117% seconds=0.4
RUN source=TinyImageNet target=Flowers seed=2 labels=51 accuracy=3.6103% seconds=0.4
RUN source=TinyImageNet target=Flowers seed=3 labels=51 accuracy=3.1550% seconds=0.4
RUN source=TinyImageNet target=Flowers seed=4 labels=51 accuracy=2.3093% seconds=0.4
RUN source=TinyImageNet target=Flowers seed=5 labels=51 accuracy=2.6020% seconds=0.4
RUN source=TinyImageNet target=Flowers seed=6 labels=51 accuracy=3.3014% seconds=0.4
RUN source=TinyImageNet target=Flowers seed=7 labels=51 accuracy=2.4719% seconds=0.4
RUN source=TinyImageNet target=Flowers seed=8 labels=51 accuracy=2.9110% seconds=0.4
RUN source=TinyImageNet target=Flowers seed=9 labels=51 accuracy=1.8702% seconds=0.4
COMPLETE source=TinyImageNet target=Flowers n=10 mean=2.7240 std=0.5361110899792408
