RUN source=TinyImageNet target=CIFAR10 seed=0 labels=500 accuracy=32.8800% seconds=1.3
RUN source=TinyImageNet target=CIFAR10 seed=1 labels=500 accuracy=32.1400% seconds=0.8
RUN source=TinyImageNet target=CIFAR10 seed=2 labels=500 accuracy=33.9300% seconds=0.8
RUN source=TinyImageNet target=CIFAR10 seed=3 labels=500 accuracy=33.4800% seconds=0.8
RUN source=TinyImageNet target=CIFAR10 seed=4 labels=500 accuracy=31.1100% seconds=0.8
RUN source=TinyImageNet target=CIFAR10 seed=5 labels=500 accuracy=32.8000% seconds=0.8
RUN source=TinyImageNet target=CIFAR10 seed=6 labels=500 accuracy=29.7300% seconds=0.8
RUN source=TinyImageNet target=CIFAR10 seed=7 labels=500 accuracy=30.1800% seconds=0.8
RUN source=TinyImageNet target=CIFAR10 seed=8 labels=500 accuracy=31.2900% seconds=0.8
RUN source=TinyImageNet target=CIFAR10 seed=9 labels=500 accuracy=31.9300% seconds=0.8
COMPLETE source=TinyImageNet target=CIFAR10 n=10 mean=31.9470 std=1.3779053948381452
RUN source=TinyImageNet target=CIFAR10 seed=0 labels=2500 accuracy=36.9000% seconds=2.0
RUN source=TinyImageNet target=CIFAR10 seed=1 labels=2500 accuracy=38.7100% seconds=1.6
RUN source=TinyImageNet target=CIFAR10 seed=2 labels=2500 accuracy=38.4900% seconds=1.6
RUN source=TinyImageNet target=CIFAR10 seed=3 labels=2500 accuracy=38.2300% seconds=1.6
RUN source=TinyImageNet target=CIFAR10 seed=4 labels=2500 accuracy=36.7400% seconds=1.6
RUN source=TinyImageNet target=CIFAR10 seed=5 labels=2500 accuracy=37.0100% seconds=1.6
RUN source=TinyImageNet target=CIFAR10 seed=6 labels=2500 accuracy=36.7300% seconds=1.6
RUN source=TinyImageNet target=CIFAR10 seed=7 labels=2500 accuracy=35.3100% seconds=1.6
RUN source=TinyImageNet target=CIFAR10 seed=8 labels=2500 accuracy=36.2900% seconds=1.6
RUN source=TinyImageNet target=CIFAR10 seed=9 labels=2500 accuracy=35.5500% seconds=1.6
COMPLETE source=TinyImageNet target=CIFAR10 n=10 mean=36.9960 std=1.167630007213573
RUN source=TinyImageNet target=CIFAR100 seed=0 labels=500 accuracy=3.7800% seconds=1.2
RUN source=TinyImageNet target=CIFAR100 seed=1 labels=500 accuracy=4.3600% seconds=0.8
RUN source=TinyImageNet target=CIFAR100 seed=2 labels=500 accuracy=4.9000% seconds=0.8
RUN source=TinyImageNet target=CIFAR100 seed=3 labels=500 accuracy=4.3400% seconds=0.8
RUN source=TinyImageNet target=CIFAR100 seed=4 labels=500 accuracy=4.1900% seconds=0.8
RUN source=TinyImageNet target=CIFAR100 seed=5 labels=500 accuracy=5.1700% seconds=0.8
RUN source=TinyImageNet target=CIFAR100 seed=6 labels=500 accuracy=3.5500% seconds=0.8
RUN source=TinyImageNet target=CIFAR100 seed=7 labels=500 accuracy=2.4400% seconds=0.8
RUN source=TinyImageNet target=CIFAR100 seed=8 labels=500 accuracy=4.3900% seconds=0.8
RUN source=TinyImageNet target=CIFAR100 seed=9 labels=500 accuracy=3.8700% seconds=0.8
COMPLETE source=TinyImageNet target=CIFAR100 n=10 mean=4.0990 std=0.7612628383401338
RUN source=TinyImageNet target=CIFAR100 seed=0 labels=2500 accuracy=6.5500% seconds=2.0
RUN source=TinyImageNet target=CIFAR100 seed=1 labels=2500 accuracy=7.7000% seconds=1.6
RUN source=TinyImageNet target=CIFAR100 seed=2 labels=2500 accuracy=9.2600% seconds=1.6
RUN source=TinyImageNet target=CIFAR100 seed=3 labels=2500 accuracy=8.4900% seconds=1.6
RUN source=TinyImageNet target=CIFAR100 seed=4 labels=2500 accuracy=8.3000% seconds=1.6
RUN source=TinyImageNet target=CIFAR100 seed=5 labels=2500 accuracy=6.8100% seconds=1.6
RUN source=TinyImageNet target=CIFAR100 seed=6 labels=2500 accuracy=7.6800% seconds=1.6
RUN source=TinyImageNet target=CIFAR100 seed=7 labels=2500 accuracy=5.9200% seconds=1.6
RUN source=TinyImageNet target=CIFAR100 seed=8 labels=2500 accuracy=7.4800% seconds=1.6
RUN source=TinyImageNet target=CIFAR100 seed=9 labels=2500 accuracy=7.5700% seconds=1.6
COMPLETE source=TinyImageNet target=CIFAR100 n=10 mean=7.5760 std=0.9782432308646459
RUN source=TinyImageNet target=Aircraft seed=0 labels=66 accuracy=1.7702% seconds=0.8
RUN source=TinyImageNet target=Aircraft seed=1 labels=66 accuracy=1.6202% seconds=0.4
RUN source=TinyImageNet target=Aircraft seed=2 labels=66 accuracy=1.6502% seconds=0.4
RUN source=TinyImageNet target=Aircraft seed=3 labels=66 accuracy=1.8902% seconds=0.4
RUN source=TinyImageNet target=Aircraft seed=4 labels=66 accuracy=1.4701% seconds=0.4
RUN source=TinyImageNet target=Aircraft seed=5 labels=66 accuracy=1.5602% seconds=0.4
RUN source=TinyImageNet target=Aircraft seed=6 labels=66 accuracy=1.4401% seconds=0.4
RUN source=TinyImageNet target=Aircraft seed=7 labels=66 accuracy=1.6502% seconds=0.4
RUN source=TinyImageNet target=Aircraft seed=8 labels=66 accuracy=1.6202% seconds=0.4
RUN source=TinyImageNet target=Aircraft seed=9 labels=66 accuracy=1.7702% seconds=0.4
COMPLETE source=TinyImageNet target=Aircraft n=10 mean=1.6442 std=0.13843349798455357
RUN source=TinyImageNet target=Aircraft seed=0 labels=333 accuracy=1.2601% seconds=0.8
RUN source=TinyImageNet target=Aircraft seed=1 labels=333 accuracy=1.9502% seconds=0.5
RUN source=TinyImageNet target=Aircraft seed=2 labels=333 accuracy=2.3702% seconds=0.5
RUN source=TinyImageNet target=Aircraft seed=3 labels=333 accuracy=2.1302% seconds=0.5
RUN source=TinyImageNet target=Aircraft seed=4 labels=333 accuracy=1.9802% seconds=0.5
RUN source=TinyImageNet target=Aircraft seed=5 labels=333 accuracy=1.9802% seconds=0.5
RUN source=TinyImageNet target=Aircraft seed=6 labels=333 accuracy=2.3702% seconds=0.4
RUN source=TinyImageNet target=Aircraft seed=7 labels=333 accuracy=1.6202% seconds=0.4
RUN source=TinyImageNet target=Aircraft seed=8 labels=333 accuracy=1.7102% seconds=0.4
RUN source=TinyImageNet target=Aircraft seed=9 labels=333 accuracy=1.6202% seconds=0.4
COMPLETE source=TinyImageNet target=Aircraft n=10 mean=1.8992 std=0.3516173163666049
RUN source=TinyImageNet target=CUB2011 seed=0 labels=59 accuracy=0.9665% seconds=0.9
RUN source=TinyImageNet target=CUB2011 seed=1 labels=59 accuracy=0.8457% seconds=0.5
RUN source=TinyImageNet target=CUB2011 seed=2 labels=59 accuracy=0.7594% seconds=0.5
RUN source=TinyImageNet target=CUB2011 seed=3 labels=59 accuracy=1.0010% seconds=0.5
RUN source=TinyImageNet target=CUB2011 seed=4 labels=59 accuracy=1.0183% seconds=0.5
RUN source=TinyImageNet target=CUB2011 seed=5 labels=59 accuracy=0.8975% seconds=0.5
RUN source=TinyImageNet target=CUB2011 seed=6 labels=59 accuracy=0.6041% seconds=0.5
RUN source=TinyImageNet target=CUB2011 seed=7 labels=59 accuracy=0.6041% seconds=0.5
RUN source=TinyImageNet target=CUB2011 seed=8 labels=59 accuracy=0.7594% seconds=0.5
RUN source=TinyImageNet target=CUB2011 seed=9 labels=59 accuracy=0.7249% seconds=0.5
COMPLETE source=TinyImageNet target=CUB2011 n=10 mean=0.8181 std=0.15268975562260745
RUN source=TinyImageNet target=CUB2011 seed=0 labels=299 accuracy=0.6904% seconds=0.9
RUN source=TinyImageNet target=CUB2011 seed=1 labels=299 accuracy=0.9320% seconds=0.5
RUN source=TinyImageNet target=CUB2011 seed=2 labels=299 accuracy=0.7076% seconds=0.5
RUN source=TinyImageNet target=CUB2011 seed=3 labels=299 accuracy=1.0183% seconds=0.5
RUN source=TinyImageNet target=CUB2011 seed=4 labels=299 accuracy=0.9320% seconds=0.5
RUN source=TinyImageNet target=CUB2011 seed=5 labels=299 accuracy=0.8112% seconds=0.5
RUN source=TinyImageNet target=CUB2011 seed=6 labels=299 accuracy=0.9493% seconds=0.5
RUN source=TinyImageNet target=CUB2011 seed=7 labels=299 accuracy=0.6559% seconds=0.5
RUN source=TinyImageNet target=CUB2011 seed=8 labels=299 accuracy=0.7249% seconds=0.5
RUN source=TinyImageNet target=CUB2011 seed=9 labels=299 accuracy=0.7939% seconds=0.5
COMPLETE source=TinyImageNet target=CUB2011 n=10 mean=0.8215 std=0.12792031245629273
RUN source=TinyImageNet target=Dogs seed=0 labels=120 accuracy=1.6434% seconds=0.9
RUN source=TinyImageNet target=Dogs seed=1 labels=120 accuracy=1.4802% seconds=0.6
RUN source=TinyImageNet target=Dogs seed=2 labels=120 accuracy=1.6434% seconds=0.6
RUN source=TinyImageNet target=Dogs seed=3 labels=120 accuracy=1.3170% seconds=0.6
RUN source=TinyImageNet target=Dogs seed=4 labels=120 accuracy=2.0280% seconds=0.6
RUN source=TinyImageNet target=Dogs seed=5 labels=120 accuracy=1.4336% seconds=0.6
RUN source=TinyImageNet target=Dogs seed=6 labels=120 accuracy=1.5501% seconds=0.6
RUN source=TinyImageNet target=Dogs seed=7 labels=120 accuracy=1.2471% seconds=0.6
RUN source=TinyImageNet target=Dogs seed=8 labels=120 accuracy=0.9207% seconds=0.6
RUN source=TinyImageNet target=Dogs seed=9 labels=120 accuracy=0.9557% seconds=0.6
COMPLETE source=TinyImageNet target=Dogs n=10 mean=1.4219 std=0.33257086681840636
RUN source=TinyImageNet target=Dogs seed=0 labels=600 accuracy=1.0606% seconds=1.1
RUN source=TinyImageNet target=Dogs seed=1 labels=600 accuracy=1.9580% seconds=0.7
RUN source=TinyImageNet target=Dogs seed=2 labels=600 accuracy=1.7249% seconds=0.7
RUN source=TinyImageNet target=Dogs seed=3 labels=600 accuracy=1.7716% seconds=0.7
RUN source=TinyImageNet target=Dogs seed=4 labels=600 accuracy=1.8415% seconds=0.7
RUN source=TinyImageNet target=Dogs seed=5 labels=600 accuracy=1.0723% seconds=0.7
RUN source=TinyImageNet target=Dogs seed=6 labels=600 accuracy=1.9814% seconds=0.7
RUN source=TinyImageNet target=Dogs seed=7 labels=600 accuracy=1.2471% seconds=0.7
RUN source=TinyImageNet target=Dogs seed=8 labels=600 accuracy=1.5385% seconds=0.7
RUN source=TinyImageNet target=Dogs seed=9 labels=600 accuracy=1.3520% seconds=0.7
COMPLETE source=TinyImageNet target=Dogs n=10 mean=1.5548 std=0.3521108113824083
RUN source=TinyImageNet target=Flowers seed=0 labels=10 accuracy=2.4557% seconds=0.9
RUN source=TinyImageNet target=Flowers seed=1 labels=10 accuracy=2.3581% seconds=0.5
RUN source=TinyImageNet target=Flowers seed=2 labels=10 accuracy=2.1467% seconds=0.5
RUN source=TinyImageNet target=Flowers seed=3 labels=10 accuracy=1.2848% seconds=0.5
RUN source=TinyImageNet target=Flowers seed=4 labels=10 accuracy=1.8214% seconds=0.5
RUN source=TinyImageNet target=Flowers seed=5 labels=10 accuracy=3.1550% seconds=0.5
RUN source=TinyImageNet target=Flowers seed=6 labels=10 accuracy=2.5695% seconds=0.5
RUN source=TinyImageNet target=Flowers seed=7 labels=10 accuracy=1.6588% seconds=0.5
RUN source=TinyImageNet target=Flowers seed=8 labels=10 accuracy=1.8540% seconds=0.5
RUN source=TinyImageNet target=Flowers seed=9 labels=10 accuracy=1.1872% seconds=0.5
COMPLETE source=TinyImageNet target=Flowers n=10 mean=2.0491 std=0.6085950712355349
RUN source=TinyImageNet target=Flowers seed=0 labels=51 accuracy=1.4962% seconds=0.8
RUN source=TinyImageNet target=Flowers seed=1 labels=51 accuracy=1.5775% seconds=0.4
RUN source=TinyImageNet target=Flowers seed=2 labels=51 accuracy=3.3176% seconds=0.4
RUN source=TinyImageNet target=Flowers seed=3 labels=51 accuracy=2.6508% seconds=0.4
RUN source=TinyImageNet target=Flowers seed=4 labels=51 accuracy=1.4474% seconds=0.4
RUN source=TinyImageNet target=Flowers seed=5 labels=51 accuracy=2.1467% seconds=0.4
RUN source=TinyImageNet target=Flowers seed=6 labels=51 accuracy=2.6996% seconds=0.4
RUN source=TinyImageNet target=Flowers seed=7 labels=51 accuracy=2.6671% seconds=0.4
RUN source=TinyImageNet target=Flowers seed=8 labels=51 accuracy=3.6266% seconds=0.4
RUN source=TinyImageNet target=Flowers seed=9 labels=51 accuracy=1.6100% seconds=0.4
COMPLETE source=TinyImageNet target=Flowers n=10 mean=2.3240 std=0.7889445147807616
