RUN source=TinyImageNet target=CIFAR10 seed=0 labels=500 accuracy=28.0600% seconds=1.2
RUN source=TinyImageNet target=CIFAR10 seed=1 labels=500 accuracy=24.6600% seconds=0.8
RUN source=TinyImageNet target=CIFAR10 seed=2 labels=500 accuracy=27.7700% seconds=0.8
RUN source=TinyImageNet target=CIFAR10 seed=3 labels=500 accuracy=27.0000% seconds=0.8
RUN source=TinyImageNet target=CIFAR10 seed=4 labels=500 accuracy=27.8200% seconds=0.8
RUN source=TinyImageNet target=CIFAR10 seed=5 labels=500 accuracy=27.4800% seconds=0.8
RUN source=TinyImageNet target=CIFAR10 seed=6 labels=500 accuracy=24.4300% seconds=1.8
RUN source=TinyImageNet target=CIFAR10 seed=7 labels=500 accuracy=28.5600% seconds=0.8
RUN source=TinyImageNet target=CIFAR10 seed=8 labels=500 accuracy=27.3500% seconds=0.8
RUN source=TinyImageNet target=CIFAR10 seed=9 labels=500 accuracy=26.6100% seconds=2.2
COMPLETE source=TinyImageNet target=CIFAR10 n=10 mean=26.9740 std=1.3904934942434306
RUN source=TinyImageNet target=CIFAR10 seed=0 labels=2500 accuracy=32.1700% seconds=1.9
RUN source=TinyImageNet target=CIFAR10 seed=1 labels=2500 accuracy=31.1700% seconds=1.6
RUN source=TinyImageNet target=CIFAR10 seed=2 labels=2500 accuracy=32.6100% seconds=1.6
RUN source=TinyImageNet target=CIFAR10 seed=3 labels=2500 accuracy=31.5000% seconds=1.6
RUN source=TinyImageNet target=CIFAR10 seed=4 labels=2500 accuracy=31.0500% seconds=1.6
RUN source=TinyImageNet target=CIFAR10 seed=5 labels=2500 accuracy=32.7400% seconds=1.6
RUN source=TinyImageNet target=CIFAR10 seed=6 labels=2500 accuracy=30.6800% seconds=1.6
RUN source=TinyImageNet target=CIFAR10 seed=7 labels=2500 accuracy=32.2700% seconds=1.6
RUN source=TinyImageNet target=CIFAR10 seed=8 labels=2500 accuracy=32.2700% seconds=1.6
RUN source=TinyImageNet target=CIFAR10 seed=9 labels=2500 accuracy=31.3800% seconds=1.6
COMPLETE source=TinyImageNet target=CIFAR10 n=10 mean=31.7840 std=0.7146130918727599
RUN source=TinyImageNet target=CIFAR100 seed=0 labels=500 accuracy=3.4000% seconds=1.2
RUN source=TinyImageNet target=CIFAR100 seed=1 labels=500 accuracy=3.6000% seconds=0.8
RUN source=TinyImageNet target=CIFAR100 seed=2 labels=500 accuracy=3.5700% seconds=0.8
RUN source=TinyImageNet target=CIFAR100 seed=3 labels=500 accuracy=3.2900% seconds=0.8
RUN source=TinyImageNet target=CIFAR100 seed=4 labels=500 accuracy=4.1500% seconds=0.8
RUN source=TinyImageNet target=CIFAR100 seed=5 labels=500 accuracy=4.0900% seconds=0.8
RUN source=TinyImageNet target=CIFAR100 seed=6 labels=500 accuracy=3.1400% seconds=0.8
RUN source=TinyImageNet target=CIFAR100 seed=7 labels=500 accuracy=2.8400% seconds=0.8
RUN source=TinyImageNet target=CIFAR100 seed=8 labels=500 accuracy=4.1300% seconds=0.8
RUN source=TinyImageNet target=CIFAR100 seed=9 labels=500 accuracy=3.2300% seconds=0.8
COMPLETE source=TinyImageNet target=CIFAR100 n=10 mean=3.5440 std=0.4540239667557884
RUN source=TinyImageNet target=CIFAR100 seed=0 labels=2500 accuracy=5.0300% seconds=2.0
RUN source=TinyImageNet target=CIFAR100 seed=1 labels=2500 accuracy=5.8400% seconds=1.6
RUN source=TinyImageNet target=CIFAR100 seed=2 labels=2500 accuracy=6.0000% seconds=1.6
RUN source=TinyImageNet target=CIFAR100 seed=3 labels=2500 accuracy=5.4700% seconds=1.6
RUN source=TinyImageNet target=CIFAR100 seed=4 labels=2500 accuracy=6.2800% seconds=1.6
RUN source=TinyImageNet target=CIFAR100 seed=5 labels=2500 accuracy=5.7700% seconds=1.6
RUN source=TinyImageNet target=CIFAR100 seed=6 labels=2500 accuracy=6.4100% seconds=1.6
RUN source=TinyImageNet target=CIFAR100 seed=7 labels=2500 accuracy=5.8500% seconds=1.6
RUN source=TinyImageNet target=CIFAR100 seed=8 labels=2500 accuracy=5.3300% seconds=1.6
RUN source=TinyImageNet target=CIFAR100 seed=9 labels=2500 accuracy=5.8900% seconds=1.6
COMPLETE source=TinyImageNet target=CIFAR100 n=10 mean=5.7870 std=0.41854376446911185
RUN source=TinyImageNet target=Aircraft seed=0 labels=66 accuracy=1.8902% seconds=0.8
RUN source=TinyImageNet target=Aircraft seed=1 labels=66 accuracy=1.5602% seconds=0.4
RUN source=TinyImageNet target=Aircraft seed=2 labels=66 accuracy=1.8002% seconds=0.4
RUN source=TinyImageNet target=Aircraft seed=3 labels=66 accuracy=1.9502% seconds=0.4
RUN source=TinyImageNet target=Aircraft seed=4 labels=66 accuracy=1.0801% seconds=0.4
RUN source=TinyImageNet target=Aircraft seed=5 labels=66 accuracy=1.1401% seconds=0.4
RUN source=TinyImageNet target=Aircraft seed=6 labels=66 accuracy=1.5002% seconds=0.4
RUN source=TinyImageNet target=Aircraft seed=7 labels=66 accuracy=1.8902% seconds=0.4
RUN source=TinyImageNet target=Aircraft seed=8 labels=66 accuracy=1.8302% seconds=0.4
RUN source=TinyImageNet target=Aircraft seed=9 labels=66 accuracy=1.7702% seconds=0.4
COMPLETE source=TinyImageNet target=Aircraft n=10 mean=1.6412 std=0.3143720103097738
RUN source=TinyImageNet target=Aircraft seed=0 labels=333 accuracy=1.5902% seconds=0.8
RUN source=TinyImageNet target=Aircraft seed=1 labels=333 accuracy=1.2601% seconds=0.5
RUN source=TinyImageNet target=Aircraft seed=2 labels=333 accuracy=1.9802% seconds=0.4
RUN source=TinyImageNet target=Aircraft seed=3 labels=333 accuracy=1.8002% seconds=0.4
RUN source=TinyImageNet target=Aircraft seed=4 labels=333 accuracy=1.9202% seconds=0.5
RUN source=TinyImageNet target=Aircraft seed=5 labels=333 accuracy=2.1302% seconds=0.4
RUN source=TinyImageNet target=Aircraft seed=6 labels=333 accuracy=1.7102% seconds=0.4
RUN source=TinyImageNet target=Aircraft seed=7 labels=333 accuracy=1.9802% seconds=0.4
RUN source=TinyImageNet target=Aircraft seed=8 labels=333 accuracy=2.0102% seconds=0.4
RUN source=TinyImageNet target=Aircraft seed=9 labels=333 accuracy=1.3801% seconds=0.4
COMPLETE source=TinyImageNet target=Aircraft n=10 mean=1.7762 std=0.28805658261794304
RUN source=TinyImageNet target=CUB2011 seed=0 labels=59 accuracy=1.1564% seconds=0.8
RUN source=TinyImageNet target=CUB2011 seed=1 labels=59 accuracy=0.6904% seconds=0.5
RUN source=TinyImageNet target=CUB2011 seed=2 labels=59 accuracy=0.7249% seconds=0.5
RUN source=TinyImageNet target=CUB2011 seed=3 labels=59 accuracy=0.7939% seconds=0.5
RUN source=TinyImageNet target=CUB2011 seed=4 labels=59 accuracy=0.8284% seconds=0.5
RUN source=TinyImageNet target=CUB2011 seed=5 labels=59 accuracy=0.8630% seconds=0.5
RUN source=TinyImageNet target=CUB2011 seed=6 labels=59 accuracy=0.6559% seconds=0.5
RUN source=TinyImageNet target=CUB2011 seed=7 labels=59 accuracy=0.5868% seconds=0.5
RUN source=TinyImageNet target=CUB2011 seed=8 labels=59 accuracy=0.7421% seconds=0.5
RUN source=TinyImageNet target=CUB2011 seed=9 labels=59 accuracy=0.8112% seconds=0.5
COMPLETE source=TinyImageNet target=CUB2011 n=10 mean=0.7853 std=0.1552798298996543
RUN source=TinyImageNet target=CUB2011 seed=0 labels=299 accuracy=0.7076% seconds=0.9
RUN source=TinyImageNet target=CUB2011 seed=1 labels=299 accuracy=0.7594% seconds=0.5
RUN source=TinyImageNet target=CUB2011 seed=2 labels=299 accuracy=0.5178% seconds=0.5
RUN source=TinyImageNet target=CUB2011 seed=3 labels=299 accuracy=0.6386% seconds=0.5
RUN source=TinyImageNet target=CUB2011 seed=4 labels=299 accuracy=1.0528% seconds=0.5
RUN source=TinyImageNet target=CUB2011 seed=5 labels=299 accuracy=0.7594% seconds=0.5
RUN source=TinyImageNet target=CUB2011 seed=6 labels=299 accuracy=0.8112% seconds=0.5
RUN source=TinyImageNet target=CUB2011 seed=7 labels=299 accuracy=0.9838% seconds=0.5
RUN source=TinyImageNet target=CUB2011 seed=8 labels=299 accuracy=0.8284% seconds=0.5
RUN source=TinyImageNet target=CUB2011 seed=9 labels=299 accuracy=0.9493% seconds=0.5
COMPLETE source=TinyImageNet target=CUB2011 n=10 mean=0.8008 std=0.16276229012521223
RUN source=TinyImageNet target=Dogs seed=0 labels=120 accuracy=1.5152% seconds=0.9
RUN source=TinyImageNet target=Dogs seed=1 labels=120 accuracy=1.4685% seconds=0.6
RUN source=TinyImageNet target=Dogs seed=2 labels=120 accuracy=1.3520% seconds=0.5
RUN source=TinyImageNet target=Dogs seed=3 labels=120 accuracy=1.1888% seconds=0.6
RUN source=TinyImageNet target=Dogs seed=4 labels=120 accuracy=1.8998% seconds=0.6
RUN source=TinyImageNet target=Dogs seed=5 labels=120 accuracy=1.2471% seconds=0.5
RUN source=TinyImageNet target=Dogs seed=6 labels=120 accuracy=1.3986% seconds=0.5
RUN source=TinyImageNet target=Dogs seed=7 labels=120 accuracy=1.0606% seconds=0.5
RUN source=TinyImageNet target=Dogs seed=8 labels=120 accuracy=0.9674% seconds=0.5
RUN source=TinyImageNet target=Dogs seed=9 labels=120 accuracy=1.0023% seconds=0.5
COMPLETE source=TinyImageNet target=Dogs n=10 mean=1.3100 std=0.2823625550816579
RUN source=TinyImageNet target=Dogs seed=0 labels=600 accuracy=1.0839% seconds=1.1
RUN source=TinyImageNet target=Dogs seed=1 labels=600 accuracy=1.5152% seconds=0.7
RUN source=TinyImageNet target=Dogs seed=2 labels=600 accuracy=1.1422% seconds=0.7
RUN source=TinyImageNet target=Dogs seed=3 labels=600 accuracy=1.1072% seconds=0.7
RUN source=TinyImageNet target=Dogs seed=4 labels=600 accuracy=1.9580% seconds=0.7
RUN source=TinyImageNet target=Dogs seed=5 labels=600 accuracy=1.1305% seconds=0.7
RUN source=TinyImageNet target=Dogs seed=6 labels=600 accuracy=1.3986% seconds=0.7
RUN source=TinyImageNet target=Dogs seed=7 labels=600 accuracy=1.5152% seconds=0.7
RUN source=TinyImageNet target=Dogs seed=8 labels=600 accuracy=1.3520% seconds=0.7
RUN source=TinyImageNet target=Dogs seed=9 labels=600 accuracy=1.0023% seconds=0.7
COMPLETE source=TinyImageNet target=Dogs n=10 mean=1.3205 std=0.2905738886362493
RUN source=TinyImageNet target=Flowers seed=0 labels=10 accuracy=1.4474% seconds=0.9
RUN source=TinyImageNet target=Flowers seed=1 labels=10 accuracy=2.2117% seconds=0.5
RUN source=TinyImageNet target=Flowers seed=2 labels=10 accuracy=1.5775% seconds=0.5
RUN source=TinyImageNet target=Flowers seed=3 labels=10 accuracy=0.9270% seconds=0.5
RUN source=TinyImageNet target=Flowers seed=4 labels=10 accuracy=2.0003% seconds=0.5
RUN source=TinyImageNet target=Flowers seed=5 labels=10 accuracy=2.6183% seconds=0.5
RUN source=TinyImageNet target=Flowers seed=6 labels=10 accuracy=2.6183% seconds=0.5
RUN source=TinyImageNet target=Flowers seed=7 labels=10 accuracy=2.0979% seconds=0.5
RUN source=TinyImageNet target=Flowers seed=8 labels=10 accuracy=2.0491% seconds=0.5
RUN source=TinyImageNet target=Flowers seed=9 labels=10 accuracy=1.5450% seconds=0.5
COMPLETE source=TinyImageNet target=Flowers n=10 mean=1.9093 std=0.5355599050618802
RUN source=TinyImageNet target=Flowers seed=0 labels=51 accuracy=1.5450% seconds=0.8
RUN source=TinyImageNet target=Flowers seed=1 labels=51 accuracy=1.2848% seconds=0.4
RUN source=TinyImageNet target=Flowers seed=2 labels=51 accuracy=2.0003% seconds=0.4
RUN source=TinyImageNet target=Flowers seed=3 labels=51 accuracy=2.6183% seconds=0.4
RUN source=TinyImageNet target=Flowers seed=4 labels=51 accuracy=2.5207% seconds=0.4
RUN source=TinyImageNet target=Flowers seed=5 labels=51 accuracy=1.3986% seconds=0.4
RUN source=TinyImageNet target=Flowers seed=6 labels=51 accuracy=2.0979% seconds=0.4
RUN source=TinyImageNet target=Flowers seed=7 labels=51 accuracy=2.3093% seconds=0.4
RUN source=TinyImageNet target=Flowers seed=8 labels=51 accuracy=3.2688% seconds=0.4
RUN source=TinyImageNet target=Flowers seed=9 labels=51 accuracy=1.3986% seconds=0.4
COMPLETE source=TinyImageNet target=Flowers n=10 mean=2.0442 std=0.6490220781541489
