RUN source=CIFAR100 target=TinyImageNet seed=0 labels=1000 accuracy=1.9100% seconds=1.9
RUN source=CIFAR100 target=TinyImageNet seed=1 labels=1000 accuracy=2.3100% seconds=1.2
RUN source=CIFAR100 target=TinyImageNet seed=2 labels=1000 accuracy=2.1200% seconds=1.2
RUN source=CIFAR100 target=TinyImageNet seed=3 labels=1000 accuracy=1.6700% seconds=1.2
RUN source=CIFAR100 target=TinyImageNet seed=4 labels=1000 accuracy=1.9000% seconds=1.2
RUN source=CIFAR100 target=TinyImageNet seed=5 labels=1000 accuracy=2.0600% seconds=1.2
RUN source=CIFAR100 target=TinyImageNet seed=6 labels=1000 accuracy=1.9500% seconds=1.2
RUN source=CIFAR100 target=TinyImageNet seed=7 labels=1000 accuracy=1.4500% seconds=1.2
RUN source=CIFAR100 target=TinyImageNet seed=8 labels=1000 accuracy=2.2400% seconds=1.2
RUN source=CIFAR100 target=TinyImageNet seed=9 labels=1000 accuracy=2.1100% seconds=1.2
COMPLETE source=CIFAR100 target=TinyImageNet n=10 mean=1.9720 std=0.2599059682428241
RUN source=CIFAR100 target=TinyImageNet seed=0 labels=5000 accuracy=3.3800% seconds=3.1
RUN source=CIFAR100 target=TinyImageNet seed=1 labels=5000 accuracy=3.4200% seconds=2.8
RUN source=CIFAR100 target=TinyImageNet seed=2 labels=5000 accuracy=3.4400% seconds=2.8
RUN source=CIFAR100 target=TinyImageNet seed=3 labels=5000 accuracy=3.0300% seconds=2.8
RUN source=CIFAR100 target=TinyImageNet seed=4 labels=5000 accuracy=3.3300% seconds=2.8
RUN source=CIFAR100 target=TinyImageNet seed=5 labels=5000 accuracy=3.5000% seconds=2.8
RUN source=CIFAR100 target=TinyImageNet seed=6 labels=5000 accuracy=3.0900% seconds=2.8
RUN source=CIFAR100 target=TinyImageNet seed=7 labels=5000 accuracy=2.9900% seconds=2.7
RUN source=CIFAR100 target=TinyImageNet seed=8 labels=5000 accuracy=3.4700% seconds=2.8
RUN source=CIFAR100 target=TinyImageNet seed=9 labels=5000 accuracy=3.0900% seconds=2.7
COMPLETE source=CIFAR100 target=TinyImageNet n=10 mean=3.2740 std=0.20017765985436614
RUN source=CIFAR100 target=CIFAR10 seed=0 labels=500 accuracy=32.3200% seconds=1.2
RUN source=CIFAR100 target=CIFAR10 seed=1 labels=500 accuracy=30.1900% seconds=0.8
RUN source=CIFAR100 target=CIFAR10 seed=2 labels=500 accuracy=30.7800% seconds=0.8
RUN source=CIFAR100 target=CIFAR10 seed=3 labels=500 accuracy=29.5800% seconds=0.8
RUN source=CIFAR100 target=CIFAR10 seed=4 labels=500 accuracy=30.7400% seconds=0.8
RUN source=CIFAR100 target=CIFAR10 seed=5 labels=500 accuracy=31.0200% seconds=0.8
RUN source=CIFAR100 target=CIFAR10 seed=6 labels=500 accuracy=28.9800% seconds=0.8
RUN source=CIFAR100 target=CIFAR10 seed=7 labels=500 accuracy=28.8800% seconds=0.8
RUN source=CIFAR100 target=CIFAR10 seed=8 labels=500 accuracy=30.6100% seconds=0.8
RUN source=CIFAR100 target=CIFAR10 seed=9 labels=500 accuracy=30.1600% seconds=0.8
COMPLETE source=CIFAR100 target=CIFAR10 n=10 mean=30.3260 std=1.023123579520386
RUN source=CIFAR100 target=CIFAR10 seed=0 labels=2500 accuracy=36.6400% seconds=1.9
RUN source=CIFAR100 target=CIFAR10 seed=1 labels=2500 accuracy=36.5600% seconds=1.6
RUN source=CIFAR100 target=CIFAR10 seed=2 labels=2500 accuracy=36.9400% seconds=1.6
RUN source=CIFAR100 target=CIFAR10 seed=3 labels=2500 accuracy=35.5800% seconds=1.6
RUN source=CIFAR100 target=CIFAR10 seed=4 labels=2500 accuracy=36.2900% seconds=1.6
RUN source=CIFAR100 target=CIFAR10 seed=5 labels=2500 accuracy=35.8200% seconds=1.6
RUN source=CIFAR100 target=CIFAR10 seed=6 labels=2500 accuracy=35.8900% seconds=1.6
RUN source=CIFAR100 target=CIFAR10 seed=7 labels=2500 accuracy=34.4800% seconds=1.6
RUN source=CIFAR100 target=CIFAR10 seed=8 labels=2500 accuracy=36.1900% seconds=1.6
RUN source=CIFAR100 target=CIFAR10 seed=9 labels=2500 accuracy=35.1400% seconds=1.6
COMPLETE source=CIFAR100 target=CIFAR10 n=10 mean=35.9530 std=0.7435508865547282
RUN source=CIFAR100 target=Aircraft seed=0 labels=66 accuracy=2.0102% seconds=0.8
RUN source=CIFAR100 target=Aircraft seed=1 labels=66 accuracy=2.2802% seconds=0.4
RUN source=CIFAR100 target=Aircraft seed=2 labels=66 accuracy=2.2202% seconds=0.4
RUN source=CIFAR100 target=Aircraft seed=3 labels=66 accuracy=2.1602% seconds=0.4
RUN source=CIFAR100 target=Aircraft seed=4 labels=66 accuracy=2.7903% seconds=0.4
RUN source=CIFAR100 target=Aircraft seed=5 labels=66 accuracy=1.8002% seconds=0.4
RUN source=CIFAR100 target=Aircraft seed=6 labels=66 accuracy=2.7303% seconds=0.4
RUN source=CIFAR100 target=Aircraft seed=7 labels=66 accuracy=2.2202% seconds=0.4
RUN source=CIFAR100 target=Aircraft seed=8 labels=66 accuracy=2.1302% seconds=0.4
RUN source=CIFAR100 target=Aircraft seed=9 labels=66 accuracy=2.2202% seconds=0.4
COMPLETE source=CIFAR100 target=Aircraft n=10 mean=2.2562 std=0.2996296965910657
RUN source=CIFAR100 target=Aircraft seed=0 labels=333 accuracy=2.8803% seconds=0.8
RUN source=CIFAR100 target=Aircraft seed=1 labels=333 accuracy=2.7603% seconds=0.5
RUN source=CIFAR100 target=Aircraft seed=2 labels=333 accuracy=2.8203% seconds=0.5
RUN source=CIFAR100 target=Aircraft seed=3 labels=333 accuracy=3.4203% seconds=0.4
RUN source=CIFAR100 target=Aircraft seed=4 labels=333 accuracy=2.7603% seconds=0.4
RUN source=CIFAR100 target=Aircraft seed=5 labels=333 accuracy=3.0003% seconds=0.5
RUN source=CIFAR100 target=Aircraft seed=6 labels=333 accuracy=3.3003% seconds=0.4
RUN source=CIFAR100 target=Aircraft seed=7 labels=333 accuracy=2.9103% seconds=0.4
RUN source=CIFAR100 target=Aircraft seed=8 labels=333 accuracy=2.6403% seconds=0.4
RUN source=CIFAR100 target=Aircraft seed=9 labels=333 accuracy=2.3702% seconds=0.4
COMPLETE source=CIFAR100 target=Aircraft n=10 mean=2.8863 std=0.304267158335727
RUN source=CIFAR100 target=CUB2011 seed=0 labels=59 accuracy=1.1046% seconds=0.8
RUN source=CIFAR100 target=CUB2011 seed=1 labels=59 accuracy=0.9320% seconds=0.5
RUN source=CIFAR100 target=CUB2011 seed=2 labels=59 accuracy=0.9838% seconds=0.5
RUN source=CIFAR100 target=CUB2011 seed=3 labels=59 accuracy=0.9665% seconds=0.5
RUN source=CIFAR100 target=CUB2011 seed=4 labels=59 accuracy=0.6386% seconds=0.5
RUN source=CIFAR100 target=CUB2011 seed=5 labels=59 accuracy=0.9320% seconds=0.5
RUN source=CIFAR100 target=CUB2011 seed=6 labels=59 accuracy=0.8457% seconds=0.5
RUN source=CIFAR100 target=CUB2011 seed=7 labels=59 accuracy=0.8112% seconds=0.5
RUN source=CIFAR100 target=CUB2011 seed=8 labels=59 accuracy=1.0183% seconds=0.5
RUN source=CIFAR100 target=CUB2011 seed=9 labels=59 accuracy=0.9493% seconds=0.5
COMPLETE source=CIFAR100 target=CUB2011 n=10 mean=0.9182 std=0.1280754527570703
RUN source=CIFAR100 target=CUB2011 seed=0 labels=299 accuracy=1.4670% seconds=0.9
RUN source=CIFAR100 target=CUB2011 seed=1 labels=299 accuracy=1.2599% seconds=0.5
RUN source=CIFAR100 target=CUB2011 seed=2 labels=299 accuracy=0.9838% seconds=0.5
RUN source=CIFAR100 target=CUB2011 seed=3 labels=299 accuracy=0.8802% seconds=0.5
RUN source=CIFAR100 target=CUB2011 seed=4 labels=299 accuracy=0.8975% seconds=0.5
RUN source=CIFAR100 target=CUB2011 seed=5 labels=299 accuracy=1.1736% seconds=0.5
RUN source=CIFAR100 target=CUB2011 seed=6 labels=299 accuracy=1.2081% seconds=0.5
RUN source=CIFAR100 target=CUB2011 seed=7 labels=299 accuracy=1.2599% seconds=0.5
RUN source=CIFAR100 target=CUB2011 seed=8 labels=299 accuracy=1.0010% seconds=0.5
RUN source=CIFAR100 target=CUB2011 seed=9 labels=299 accuracy=1.2944% seconds=0.5
COMPLETE source=CIFAR100 target=CUB2011 n=10 mean=1.1426 std=0.19301554545244154
RUN source=CIFAR100 target=Dogs seed=0 labels=120 accuracy=1.3287% seconds=1.0
RUN source=CIFAR100 target=Dogs seed=1 labels=120 accuracy=1.5385% seconds=0.6
RUN source=CIFAR100 target=Dogs seed=2 labels=120 accuracy=1.6084% seconds=0.5
RUN source=CIFAR100 target=Dogs seed=3 labels=120 accuracy=1.5385% seconds=0.6
RUN source=CIFAR100 target=Dogs seed=4 labels=120 accuracy=1.8182% seconds=0.6
RUN source=CIFAR100 target=Dogs seed=5 labels=120 accuracy=1.4685% seconds=0.5
RUN source=CIFAR100 target=Dogs seed=6 labels=120 accuracy=1.7133% seconds=0.5
RUN source=CIFAR100 target=Dogs seed=7 labels=120 accuracy=1.4452% seconds=0.5
RUN source=CIFAR100 target=Dogs seed=8 labels=120 accuracy=1.5152% seconds=0.5
RUN source=CIFAR100 target=Dogs seed=9 labels=120 accuracy=1.6550% seconds=0.5
COMPLETE source=CIFAR100 target=Dogs n=10 mean=1.5629 std=0.14119729526804664
RUN source=CIFAR100 target=Dogs seed=0 labels=600 accuracy=1.6200% seconds=1.1
RUN source=CIFAR100 target=Dogs seed=1 labels=600 accuracy=1.9814% seconds=0.7
RUN source=CIFAR100 target=Dogs seed=2 labels=600 accuracy=2.2960% seconds=0.7
RUN source=CIFAR100 target=Dogs seed=3 labels=600 accuracy=2.0047% seconds=0.7
RUN source=CIFAR100 target=Dogs seed=4 labels=600 accuracy=2.4476% seconds=0.7
RUN source=CIFAR100 target=Dogs seed=5 labels=600 accuracy=2.0047% seconds=0.7
RUN source=CIFAR100 target=Dogs seed=6 labels=600 accuracy=2.3543% seconds=0.7
RUN source=CIFAR100 target=Dogs seed=7 labels=600 accuracy=1.9814% seconds=0.7
RUN source=CIFAR100 target=Dogs seed=8 labels=600 accuracy=2.5058% seconds=0.7
RUN source=CIFAR100 target=Dogs seed=9 labels=600 accuracy=2.1445% seconds=0.7
COMPLETE source=CIFAR100 target=Dogs n=10 mean=2.1340 std=0.2699141283320223
RUN source=CIFAR100 target=Flowers seed=0 labels=10 accuracy=1.8865% seconds=0.9
RUN source=CIFAR100 target=Flowers seed=1 labels=10 accuracy=2.4557% seconds=0.5
RUN source=CIFAR100 target=Flowers seed=2 labels=10 accuracy=1.8540% seconds=0.5
RUN source=CIFAR100 target=Flowers seed=3 labels=10 accuracy=1.2197% seconds=0.5
RUN source=CIFAR100 target=Flowers seed=4 labels=10 accuracy=1.6263% seconds=0.5
RUN source=CIFAR100 target=Flowers seed=5 labels=10 accuracy=2.9273% seconds=0.5
RUN source=CIFAR100 target=Flowers seed=6 labels=10 accuracy=2.2931% seconds=0.5
RUN source=CIFAR100 target=Flowers seed=7 labels=10 accuracy=1.9190% seconds=0.5
RUN source=CIFAR100 target=Flowers seed=8 labels=10 accuracy=2.8135% seconds=0.5
RUN source=CIFAR100 target=Flowers seed=9 labels=10 accuracy=1.5612% seconds=0.5
COMPLETE source=CIFAR100 target=Flowers n=10 mean=2.0556 std=0.5543791643811381
RUN source=CIFAR100 target=Flowers seed=0 labels=51 accuracy=2.2280% seconds=0.8
RUN source=CIFAR100 target=Flowers seed=1 labels=51 accuracy=2.6834% seconds=0.4
RUN source=CIFAR100 target=Flowers seed=2 labels=51 accuracy=3.5778% seconds=0.4
RUN source=CIFAR100 target=Flowers seed=3 labels=51 accuracy=2.8135% seconds=0.4
RUN source=CIFAR100 target=Flowers seed=4 labels=51 accuracy=2.8623% seconds=0.4
RUN source=CIFAR100 target=Flowers seed=5 labels=51 accuracy=2.4232% seconds=0.4
RUN source=CIFAR100 target=Flowers seed=6 labels=51 accuracy=3.2038% seconds=0.4
RUN source=CIFAR100 target=Flowers seed=7 labels=51 accuracy=2.5045% seconds=0.4
RUN source=CIFAR100 target=Flowers seed=8 labels=51 accuracy=4.3584% seconds=0.4
RUN source=CIFAR100 target=Flowers seed=9 labels=51 accuracy=1.9353% seconds=0.4
COMPLETE source=CIFAR100 target=Flowers n=10 mean=2.8590 std=0.7058383505961715
