RUN source=CIFAR100 target=TinyImageNet seed=0 labels=1000 accuracy=1.8900% seconds=1.6
RUN source=CIFAR100 target=TinyImageNet seed=1 labels=1000 accuracy=2.2100% seconds=1.2
RUN source=CIFAR100 target=TinyImageNet seed=2 labels=1000 accuracy=2.1700% seconds=1.2
RUN source=CIFAR100 target=TinyImageNet seed=3 labels=1000 accuracy=1.6700% seconds=1.2
RUN source=CIFAR100 target=TinyImageNet seed=4 labels=1000 accuracy=1.9100% seconds=1.2
RUN source=CIFAR100 target=TinyImageNet seed=5 labels=1000 accuracy=2.4100% seconds=1.2
RUN source=CIFAR100 target=TinyImageNet seed=6 labels=1000 accuracy=2.2500% seconds=1.2
RUN source=CIFAR100 target=TinyImageNet seed=7 labels=1000 accuracy=1.5700% seconds=1.2
RUN source=CIFAR100 target=TinyImageNet seed=8 labels=1000 accuracy=2.1000% seconds=1.2
RUN source=CIFAR100 target=TinyImageNet seed=9 labels=1000 accuracy=1.9300% seconds=1.2
COMPLETE source=CIFAR100 target=TinyImageNet n=10 mean=2.0110 std=0.264845871238382
RUN source=CIFAR100 target=TinyImageNet seed=0 labels=5000 accuracy=3.0800% seconds=3.2
RUN source=CIFAR100 target=TinyImageNet seed=1 labels=5000 accuracy=3.2100% seconds=2.9
RUN source=CIFAR100 target=TinyImageNet seed=2 labels=5000 accuracy=3.5600% seconds=2.8
RUN source=CIFAR100 target=TinyImageNet seed=3 labels=5000 accuracy=3.2900% seconds=2.8
RUN source=CIFAR100 target=TinyImageNet seed=4 labels=5000 accuracy=3.3000% seconds=2.8
RUN source=CIFAR100 target=TinyImageNet seed=5 labels=5000 accuracy=3.8000% seconds=2.8
RUN source=CIFAR100 target=TinyImageNet seed=6 labels=5000 accuracy=3.2800% seconds=2.8
RUN source=CIFAR100 target=TinyImageNet seed=7 labels=5000 accuracy=2.8700% seconds=2.8
RUN source=CIFAR100 target=TinyImageNet seed=8 labels=5000 accuracy=3.6400% seconds=2.8
RUN source=CIFAR100 target=TinyImageNet seed=9 labels=5000 accuracy=3.2500% seconds=2.9
COMPLETE source=CIFAR100 target=TinyImageNet n=10 mean=3.3280 std=0.2727961769811606
RUN source=CIFAR100 target=CIFAR10 seed=0 labels=500 accuracy=31.9200% seconds=1.2
RUN source=CIFAR100 target=CIFAR10 seed=1 labels=500 accuracy=29.1400% seconds=0.8
RUN source=CIFAR100 target=CIFAR10 seed=2 labels=500 accuracy=30.9000% seconds=0.8
RUN source=CIFAR100 target=CIFAR10 seed=3 labels=500 accuracy=30.2500% seconds=0.8
RUN source=CIFAR100 target=CIFAR10 seed=4 labels=500 accuracy=30.5100% seconds=0.8
RUN source=CIFAR100 target=CIFAR10 seed=5 labels=500 accuracy=31.3400% seconds=0.8
RUN source=CIFAR100 target=CIFAR10 seed=6 labels=500 accuracy=31.0900% seconds=0.8
RUN source=CIFAR100 target=CIFAR10 seed=7 labels=500 accuracy=30.0100% seconds=0.8
RUN source=CIFAR100 target=CIFAR10 seed=8 labels=500 accuracy=30.7100% seconds=0.8
RUN source=CIFAR100 target=CIFAR10 seed=9 labels=500 accuracy=31.3100% seconds=0.8
COMPLETE source=CIFAR100 target=CIFAR10 n=10 mean=30.7180 std=0.7893287800706505
RUN source=CIFAR100 target=CIFAR10 seed=0 labels=2500 accuracy=36.0700% seconds=2.0
RUN source=CIFAR100 target=CIFAR10 seed=1 labels=2500 accuracy=35.7800% seconds=1.6
RUN source=CIFAR100 target=CIFAR10 seed=2 labels=2500 accuracy=36.5800% seconds=1.6
RUN source=CIFAR100 target=CIFAR10 seed=3 labels=2500 accuracy=35.7900% seconds=1.6
RUN source=CIFAR100 target=CIFAR10 seed=4 labels=2500 accuracy=36.0100% seconds=1.6
RUN source=CIFAR100 target=CIFAR10 seed=5 labels=2500 accuracy=37.9300% seconds=1.6
RUN source=CIFAR100 target=CIFAR10 seed=6 labels=2500 accuracy=36.5900% seconds=1.6
RUN source=CIFAR100 target=CIFAR10 seed=7 labels=2500 accuracy=34.2200% seconds=1.6
RUN source=CIFAR100 target=CIFAR10 seed=8 labels=2500 accuracy=36.8600% seconds=1.6
RUN source=CIFAR100 target=CIFAR10 seed=9 labels=2500 accuracy=37.2300% seconds=1.6
COMPLETE source=CIFAR100 target=CIFAR10 n=10 mean=36.3060 std=0.9995247412513667
RUN source=CIFAR100 target=Aircraft seed=0 labels=66 accuracy=1.9502% seconds=0.8
RUN source=CIFAR100 target=Aircraft seed=1 labels=66 accuracy=1.8302% seconds=0.4
RUN source=CIFAR100 target=Aircraft seed=2 labels=66 accuracy=1.9502% seconds=0.4
RUN source=CIFAR100 target=Aircraft seed=3 labels=66 accuracy=2.1902% seconds=0.4
RUN source=CIFAR100 target=Aircraft seed=4 labels=66 accuracy=2.3102% seconds=0.4
RUN source=CIFAR100 target=Aircraft seed=5 labels=66 accuracy=1.3801% seconds=0.4
RUN source=CIFAR100 target=Aircraft seed=6 labels=66 accuracy=2.6703% seconds=0.4
RUN source=CIFAR100 target=Aircraft seed=7 labels=66 accuracy=2.3102% seconds=0.4
RUN source=CIFAR100 target=Aircraft seed=8 labels=66 accuracy=1.9802% seconds=0.4
RUN source=CIFAR100 target=Aircraft seed=9 labels=66 accuracy=2.2502% seconds=0.4
COMPLETE source=CIFAR100 target=Aircraft n=10 mean=2.0822 std=0.3482301563393271
RUN source=CIFAR100 target=Aircraft seed=0 labels=333 accuracy=3.0903% seconds=0.8
RUN source=CIFAR100 target=Aircraft seed=1 labels=333 accuracy=2.4902% seconds=0.5
RUN source=CIFAR100 target=Aircraft seed=2 labels=333 accuracy=3.0303% seconds=0.5
RUN source=CIFAR100 target=Aircraft seed=3 labels=333 accuracy=3.6904% seconds=0.4
RUN source=CIFAR100 target=Aircraft seed=4 labels=333 accuracy=2.2802% seconds=0.4
RUN source=CIFAR100 target=Aircraft seed=5 labels=333 accuracy=3.3603% seconds=0.4
RUN source=CIFAR100 target=Aircraft seed=6 labels=333 accuracy=3.0903% seconds=0.4
RUN source=CIFAR100 target=Aircraft seed=7 labels=333 accuracy=3.0903% seconds=0.4
RUN source=CIFAR100 target=Aircraft seed=8 labels=333 accuracy=3.0303% seconds=0.4
RUN source=CIFAR100 target=Aircraft seed=9 labels=333 accuracy=2.7903% seconds=0.4
COMPLETE source=CIFAR100 target=Aircraft n=10 mean=2.9943 std=0.4019855103298633
RUN source=CIFAR100 target=CUB2011 seed=0 labels=59 accuracy=0.9838% seconds=0.9
RUN source=CIFAR100 target=CUB2011 seed=1 labels=59 accuracy=0.9320% seconds=0.5
RUN source=CIFAR100 target=CUB2011 seed=2 labels=59 accuracy=0.8284% seconds=0.5
RUN source=CIFAR100 target=CUB2011 seed=3 labels=59 accuracy=0.8112% seconds=0.5
RUN source=CIFAR100 target=CUB2011 seed=4 labels=59 accuracy=0.8284% seconds=0.5
RUN source=CIFAR100 target=CUB2011 seed=5 labels=59 accuracy=0.8457% seconds=0.5
RUN source=CIFAR100 target=CUB2011 seed=6 labels=59 accuracy=0.8975% seconds=0.5
RUN source=CIFAR100 target=CUB2011 seed=7 labels=59 accuracy=0.7076% seconds=0.5
RUN source=CIFAR100 target=CUB2011 seed=8 labels=59 accuracy=1.0873% seconds=0.5
RUN source=CIFAR100 target=CUB2011 seed=9 labels=59 accuracy=0.9665% seconds=0.5
COMPLETE source=CIFAR100 target=CUB2011 n=10 mean=0.8889 std=0.10770707666741768
RUN source=CIFAR100 target=CUB2011 seed=0 labels=299 accuracy=1.1909% seconds=0.9
RUN source=CIFAR100 target=CUB2011 seed=1 labels=299 accuracy=1.1736% seconds=0.5
RUN source=CIFAR100 target=CUB2011 seed=2 labels=299 accuracy=0.8630% seconds=0.5
RUN source=CIFAR100 target=CUB2011 seed=3 labels=299 accuracy=1.1736% seconds=0.5
RUN source=CIFAR100 target=CUB2011 seed=4 labels=299 accuracy=0.7939% seconds=0.5
RUN source=CIFAR100 target=CUB2011 seed=5 labels=299 accuracy=1.1564% seconds=0.5
RUN source=CIFAR100 target=CUB2011 seed=6 labels=299 accuracy=1.1564% seconds=0.5
RUN source=CIFAR100 target=CUB2011 seed=7 labels=299 accuracy=1.1391% seconds=0.5
RUN source=CIFAR100 target=CUB2011 seed=8 labels=299 accuracy=1.0701% seconds=0.5
RUN source=CIFAR100 target=CUB2011 seed=9 labels=299 accuracy=1.1909% seconds=0.5
COMPLETE source=CIFAR100 target=CUB2011 n=10 mean=1.0908 std=0.14343520665442616
RUN source=CIFAR100 target=Dogs seed=0 labels=120 accuracy=1.6667% seconds=0.9
RUN source=CIFAR100 target=Dogs seed=1 labels=120 accuracy=1.5035% seconds=0.6
RUN source=CIFAR100 target=Dogs seed=2 labels=120 accuracy=1.4103% seconds=0.5
RUN source=CIFAR100 target=Dogs seed=3 labels=120 accuracy=1.6317% seconds=0.6
RUN source=CIFAR100 target=Dogs seed=4 labels=120 accuracy=1.5501% seconds=0.6
RUN source=CIFAR100 target=Dogs seed=5 labels=120 accuracy=1.6200% seconds=0.6
RUN source=CIFAR100 target=Dogs seed=6 labels=120 accuracy=1.2587% seconds=0.5
RUN source=CIFAR100 target=Dogs seed=7 labels=120 accuracy=1.5385% seconds=0.5
RUN source=CIFAR100 target=Dogs seed=8 labels=120 accuracy=1.4219% seconds=0.6
RUN source=CIFAR100 target=Dogs seed=9 labels=120 accuracy=1.2937% seconds=0.6
COMPLETE source=CIFAR100 target=Dogs n=10 mean=1.4895 std=0.1403771852849924
RUN source=CIFAR100 target=Dogs seed=0 labels=600 accuracy=2.2378% seconds=1.1
RUN source=CIFAR100 target=Dogs seed=1 labels=600 accuracy=2.2028% seconds=0.7
RUN source=CIFAR100 target=Dogs seed=2 labels=600 accuracy=1.9231% seconds=0.7
RUN source=CIFAR100 target=Dogs seed=3 labels=600 accuracy=1.8182% seconds=0.7
RUN source=CIFAR100 target=Dogs seed=4 labels=600 accuracy=2.4009% seconds=0.7
RUN source=CIFAR100 target=Dogs seed=5 labels=600 accuracy=1.7016% seconds=0.7
RUN source=CIFAR100 target=Dogs seed=6 labels=600 accuracy=2.2960% seconds=0.7
RUN source=CIFAR100 target=Dogs seed=7 labels=600 accuracy=1.9114% seconds=0.7
RUN source=CIFAR100 target=Dogs seed=8 labels=600 accuracy=2.2145% seconds=0.7
RUN source=CIFAR100 target=Dogs seed=9 labels=600 accuracy=2.3193% seconds=0.7
COMPLETE source=CIFAR100 target=Dogs n=10 mean=2.1026 std=0.24144602240203333
RUN source=CIFAR100 target=Flowers seed=0 labels=10 accuracy=2.0816% seconds=0.9
RUN source=CIFAR100 target=Flowers seed=1 labels=10 accuracy=2.2768% seconds=0.5
RUN source=CIFAR100 target=Flowers seed=2 labels=10 accuracy=1.9678% seconds=0.5
RUN source=CIFAR100 target=Flowers seed=3 labels=10 accuracy=1.3498% seconds=0.5
RUN source=CIFAR100 target=Flowers seed=4 labels=10 accuracy=1.4149% seconds=0.5
RUN source=CIFAR100 target=Flowers seed=5 labels=10 accuracy=2.6020% seconds=0.5
RUN source=CIFAR100 target=Flowers seed=6 labels=10 accuracy=2.5207% seconds=0.5
RUN source=CIFAR100 target=Flowers seed=7 labels=10 accuracy=1.8214% seconds=0.5
RUN source=CIFAR100 target=Flowers seed=8 labels=10 accuracy=2.6346% seconds=0.5
RUN source=CIFAR100 target=Flowers seed=9 labels=10 accuracy=1.3823% seconds=0.5
COMPLETE source=CIFAR100 target=Flowers n=10 mean=2.0052 std=0.5054016078895053
RUN source=CIFAR100 target=Flowers seed=0 labels=51 accuracy=2.8297% seconds=0.8
RUN source=CIFAR100 target=Flowers seed=1 labels=51 accuracy=2.4069% seconds=0.4
RUN source=CIFAR100 target=Flowers seed=2 labels=51 accuracy=3.9031% seconds=0.4
RUN source=CIFAR100 target=Flowers seed=3 labels=51 accuracy=3.0411% seconds=0.4
RUN source=CIFAR100 target=Flowers seed=4 labels=51 accuracy=2.2280% seconds=0.4
RUN source=CIFAR100 target=Flowers seed=5 labels=51 accuracy=2.7809% seconds=0.4
RUN source=CIFAR100 target=Flowers seed=6 labels=51 accuracy=3.1225% seconds=0.4
RUN source=CIFAR100 target=Flowers seed=7 labels=51 accuracy=2.7322% seconds=0.4
RUN source=CIFAR100 target=Flowers seed=8 labels=51 accuracy=3.2851% seconds=0.4
RUN source=CIFAR100 target=Flowers seed=9 labels=51 accuracy=2.2931% seconds=0.4
COMPLETE source=CIFAR100 target=Flowers n=10 mean=2.8623 std=0.5077191643945994
