RUN source=CIFAR100 target=TinyImageNet seed=0 labels=1000 accuracy=1.8000% seconds=1.6
RUN source=CIFAR100 target=TinyImageNet seed=1 labels=1000 accuracy=2.5300% seconds=1.5
RUN source=CIFAR100 target=TinyImageNet seed=2 labels=1000 accuracy=2.1900% seconds=1.2
RUN source=CIFAR100 target=TinyImageNet seed=3 labels=1000 accuracy=1.7800% seconds=1.2
RUN source=CIFAR100 target=TinyImageNet seed=4 labels=1000 accuracy=2.2800% seconds=1.2
RUN source=CIFAR100 target=TinyImageNet seed=5 labels=1000 accuracy=2.2900% seconds=1.2
RUN source=CIFAR100 target=TinyImageNet seed=6 labels=1000 accuracy=2.4100% seconds=1.2
RUN source=CIFAR100 target=TinyImageNet seed=7 labels=1000 accuracy=1.5900% seconds=1.2
RUN source=CIFAR100 target=TinyImageNet seed=8 labels=1000 accuracy=1.7000% seconds=1.2
RUN source=CIFAR100 target=TinyImageNet seed=9 labels=1000 accuracy=2.5800% seconds=1.2
COMPLETE source=CIFAR100 target=TinyImageNet n=10 mean=2.1150 std=0.3648820376336097
RUN source=CIFAR100 target=TinyImageNet seed=0 labels=5000 accuracy=3.4200% seconds=3.1
RUN source=CIFAR100 target=TinyImageNet seed=1 labels=5000 accuracy=4.0700% seconds=2.8
RUN source=CIFAR100 target=TinyImageNet seed=2 labels=5000 accuracy=2.7700% seconds=2.8
RUN source=CIFAR100 target=TinyImageNet seed=3 labels=5000 accuracy=3.5600% seconds=2.8
RUN source=CIFAR100 target=TinyImageNet seed=4 labels=5000 accuracy=3.3600% seconds=2.8
RUN source=CIFAR100 target=TinyImageNet seed=5 labels=5000 accuracy=3.6500% seconds=2.8
RUN source=CIFAR100 target=TinyImageNet seed=6 labels=5000 accuracy=3.6600% seconds=2.8
RUN source=CIFAR100 target=TinyImageNet seed=7 labels=5000 accuracy=3.2000% seconds=2.8
RUN source=CIFAR100 target=TinyImageNet seed=8 labels=5000 accuracy=3.0800% seconds=2.8
RUN source=CIFAR100 target=TinyImageNet seed=9 labels=5000 accuracy=3.7900% seconds=2.8
COMPLETE source=CIFAR100 target=TinyImageNet n=10 mean=3.4560 std=0.37515035723910384
RUN source=CIFAR100 target=CIFAR10 seed=0 labels=500 accuracy=34.0500% seconds=1.1
RUN source=CIFAR100 target=CIFAR10 seed=1 labels=500 accuracy=33.4700% seconds=0.8
RUN source=CIFAR100 target=CIFAR10 seed=2 labels=500 accuracy=31.9800% seconds=0.8
RUN source=CIFAR100 target=CIFAR10 seed=3 labels=500 accuracy=33.8900% seconds=0.8
RUN source=CIFAR100 target=CIFAR10 seed=4 labels=500 accuracy=33.8200% seconds=0.8
RUN source=CIFAR100 target=CIFAR10 seed=5 labels=500 accuracy=35.1700% seconds=0.8
RUN source=CIFAR100 target=CIFAR10 seed=6 labels=500 accuracy=33.2400% seconds=0.8
RUN source=CIFAR100 target=CIFAR10 seed=7 labels=500 accuracy=32.8300% seconds=0.8
RUN source=CIFAR100 target=CIFAR10 seed=8 labels=500 accuracy=33.1100% seconds=0.8
RUN source=CIFAR100 target=CIFAR10 seed=9 labels=500 accuracy=34.6400% seconds=0.8
COMPLETE source=CIFAR100 target=CIFAR10 n=10 mean=33.6200 std=0.9117381010484693
RUN source=CIFAR100 target=CIFAR10 seed=0 labels=2500 accuracy=38.8700% seconds=1.9
RUN source=CIFAR100 target=CIFAR10 seed=1 labels=2500 accuracy=40.5200% seconds=1.6
RUN source=CIFAR100 target=CIFAR10 seed=2 labels=2500 accuracy=37.4200% seconds=1.6
RUN source=CIFAR100 target=CIFAR10 seed=3 labels=2500 accuracy=39.2100% seconds=1.6
RUN source=CIFAR100 target=CIFAR10 seed=4 labels=2500 accuracy=38.7700% seconds=1.6
RUN source=CIFAR100 target=CIFAR10 seed=5 labels=2500 accuracy=39.7000% seconds=1.6
RUN source=CIFAR100 target=CIFAR10 seed=6 labels=2500 accuracy=39.7400% seconds=1.6
RUN source=CIFAR100 target=CIFAR10 seed=7 labels=2500 accuracy=38.0700% seconds=1.6
RUN source=CIFAR100 target=CIFAR10 seed=8 labels=2500 accuracy=38.6200% seconds=1.6
RUN source=CIFAR100 target=CIFAR10 seed=9 labels=2500 accuracy=39.7100% seconds=1.6
COMPLETE source=CIFAR100 target=CIFAR10 n=10 mean=39.0630 std=0.9087241870146125
RUN source=CIFAR100 target=Aircraft seed=0 labels=66 accuracy=1.8602% seconds=0.8
RUN source=CIFAR100 target=Aircraft seed=1 labels=66 accuracy=2.1602% seconds=0.4
RUN source=CIFAR100 target=Aircraft seed=2 labels=66 accuracy=1.8302% seconds=0.4
RUN source=CIFAR100 target=Aircraft seed=3 labels=66 accuracy=1.8902% seconds=0.4
RUN source=CIFAR100 target=Aircraft seed=4 labels=66 accuracy=2.0702% seconds=0.4
RUN source=CIFAR100 target=Aircraft seed=5 labels=66 accuracy=1.5602% seconds=0.4
RUN source=CIFAR100 target=Aircraft seed=6 labels=66 accuracy=2.7003% seconds=0.4
RUN source=CIFAR100 target=Aircraft seed=7 labels=66 accuracy=2.0402% seconds=0.4
RUN source=CIFAR100 target=Aircraft seed=8 labels=66 accuracy=2.0702% seconds=0.4
RUN source=CIFAR100 target=Aircraft seed=9 labels=66 accuracy=1.6502% seconds=0.4
COMPLETE source=CIFAR100 target=Aircraft n=10 mean=1.9832 std=0.31640166954898996
RUN source=CIFAR100 target=Aircraft seed=0 labels=333 accuracy=2.3702% seconds=0.8
RUN source=CIFAR100 target=Aircraft seed=1 labels=333 accuracy=1.9202% seconds=0.5
RUN source=CIFAR100 target=Aircraft seed=2 labels=333 accuracy=2.3102% seconds=0.4
RUN source=CIFAR100 target=Aircraft seed=3 labels=333 accuracy=2.4602% seconds=0.4
RUN source=CIFAR100 target=Aircraft seed=4 labels=333 accuracy=2.3402% seconds=0.5
RUN source=CIFAR100 target=Aircraft seed=5 labels=333 accuracy=2.3102% seconds=0.4
RUN source=CIFAR100 target=Aircraft seed=6 labels=333 accuracy=2.6403% seconds=0.4
RUN source=CIFAR100 target=Aircraft seed=7 labels=333 accuracy=2.8503% seconds=0.4
RUN source=CIFAR100 target=Aircraft seed=8 labels=333 accuracy=2.6703% seconds=0.4
RUN source=CIFAR100 target=Aircraft seed=9 labels=333 accuracy=2.2502% seconds=0.4
COMPLETE source=CIFAR100 target=Aircraft n=10 mean=2.4122 std=0.2601029178463263
RUN source=CIFAR100 target=CUB2011 seed=0 labels=59 accuracy=1.1046% seconds=0.9
RUN source=CIFAR100 target=CUB2011 seed=1 labels=59 accuracy=1.0356% seconds=0.5
RUN source=CIFAR100 target=CUB2011 seed=2 labels=59 accuracy=0.8630% seconds=0.5
RUN source=CIFAR100 target=CUB2011 seed=3 labels=59 accuracy=0.8630% seconds=0.5
RUN source=CIFAR100 target=CUB2011 seed=4 labels=59 accuracy=0.7939% seconds=0.5
RUN source=CIFAR100 target=CUB2011 seed=5 labels=59 accuracy=1.1564% seconds=0.5
RUN source=CIFAR100 target=CUB2011 seed=6 labels=59 accuracy=1.1219% seconds=0.5
RUN source=CIFAR100 target=CUB2011 seed=7 labels=59 accuracy=0.8457% seconds=0.5
RUN source=CIFAR100 target=CUB2011 seed=8 labels=59 accuracy=1.1219% seconds=0.5
RUN source=CIFAR100 target=CUB2011 seed=9 labels=59 accuracy=0.9665% seconds=0.5
COMPLETE source=CIFAR100 target=CUB2011 n=10 mean=0.9872 std=0.13730466848749284
RUN source=CIFAR100 target=CUB2011 seed=0 labels=299 accuracy=1.1219% seconds=0.9
RUN source=CIFAR100 target=CUB2011 seed=1 labels=299 accuracy=1.3980% seconds=0.5
RUN source=CIFAR100 target=CUB2011 seed=2 labels=299 accuracy=1.0528% seconds=0.5
RUN source=CIFAR100 target=CUB2011 seed=3 labels=299 accuracy=0.9838% seconds=0.5
RUN source=CIFAR100 target=CUB2011 seed=4 labels=299 accuracy=1.0701% seconds=0.5
RUN source=CIFAR100 target=CUB2011 seed=5 labels=299 accuracy=1.1736% seconds=0.5
RUN source=CIFAR100 target=CUB2011 seed=6 labels=299 accuracy=1.2772% seconds=0.5
RUN source=CIFAR100 target=CUB2011 seed=7 labels=299 accuracy=1.0873% seconds=0.5
RUN source=CIFAR100 target=CUB2011 seed=8 labels=299 accuracy=0.9320% seconds=0.5
RUN source=CIFAR100 target=CUB2011 seed=9 labels=299 accuracy=1.0010% seconds=0.5
COMPLETE source=CIFAR100 target=CUB2011 n=10 mean=1.1098 std=0.14140170190908735
RUN source=CIFAR100 target=Dogs seed=0 labels=120 accuracy=1.6434% seconds=0.9
RUN source=CIFAR100 target=Dogs seed=1 labels=120 accuracy=1.3869% seconds=0.6
RUN source=CIFAR100 target=Dogs seed=2 labels=120 accuracy=1.4103% seconds=0.5
RUN source=CIFAR100 target=Dogs seed=3 labels=120 accuracy=1.8298% seconds=0.6
RUN source=CIFAR100 target=Dogs seed=4 labels=120 accuracy=1.8881% seconds=0.6
RUN source=CIFAR100 target=Dogs seed=5 labels=120 accuracy=1.3287% seconds=0.5
RUN source=CIFAR100 target=Dogs seed=6 labels=120 accuracy=1.5268% seconds=0.5
RUN source=CIFAR100 target=Dogs seed=7 labels=120 accuracy=1.6550% seconds=0.5
RUN source=CIFAR100 target=Dogs seed=8 labels=120 accuracy=1.1305% seconds=0.5
RUN source=CIFAR100 target=Dogs seed=9 labels=120 accuracy=1.4103% seconds=0.5
COMPLETE source=CIFAR100 target=Dogs n=10 mean=1.5210 std=0.23453649375671298
RUN source=CIFAR100 target=Dogs seed=0 labels=600 accuracy=1.7599% seconds=1.1
RUN source=CIFAR100 target=Dogs seed=1 labels=600 accuracy=2.1911% seconds=0.7
RUN source=CIFAR100 target=Dogs seed=2 labels=600 accuracy=2.0047% seconds=0.7
RUN source=CIFAR100 target=Dogs seed=3 labels=600 accuracy=2.1678% seconds=0.7
RUN source=CIFAR100 target=Dogs seed=4 labels=600 accuracy=2.3193% seconds=0.7
RUN source=CIFAR100 target=Dogs seed=5 labels=600 accuracy=1.7249% seconds=0.7
RUN source=CIFAR100 target=Dogs seed=6 labels=600 accuracy=2.4126% seconds=0.7
RUN source=CIFAR100 target=Dogs seed=7 labels=600 accuracy=2.0163% seconds=0.7
RUN source=CIFAR100 target=Dogs seed=8 labels=600 accuracy=2.0979% seconds=0.7
RUN source=CIFAR100 target=Dogs seed=9 labels=600 accuracy=1.6783% seconds=0.7
COMPLETE source=CIFAR100 target=Dogs n=10 mean=2.0373 std=0.25158513291874207
RUN source=CIFAR100 target=Flowers seed=0 labels=10 accuracy=1.7564% seconds=0.9
RUN source=CIFAR100 target=Flowers seed=1 labels=10 accuracy=2.4719% seconds=0.5
RUN source=CIFAR100 target=Flowers seed=2 labels=10 accuracy=1.6425% seconds=0.5
RUN source=CIFAR100 target=Flowers seed=3 labels=10 accuracy=1.5450% seconds=0.5
RUN source=CIFAR100 target=Flowers seed=4 labels=10 accuracy=2.2280% seconds=0.5
RUN source=CIFAR100 target=Flowers seed=5 labels=10 accuracy=2.5858% seconds=0.5
RUN source=CIFAR100 target=Flowers seed=6 labels=10 accuracy=2.8623% seconds=0.5
RUN source=CIFAR100 target=Flowers seed=7 labels=10 accuracy=2.5858% seconds=0.5
RUN source=CIFAR100 target=Flowers seed=8 labels=10 accuracy=2.0979% seconds=0.5
RUN source=CIFAR100 target=Flowers seed=9 labels=10 accuracy=1.5938% seconds=0.5
COMPLETE source=CIFAR100 target=Flowers n=10 mean=2.1369 std=0.4814084366077559
RUN source=CIFAR100 target=Flowers seed=0 labels=51 accuracy=2.2931% seconds=0.8
RUN source=CIFAR100 target=Flowers seed=1 labels=51 accuracy=3.3014% seconds=0.4
RUN source=CIFAR100 target=Flowers seed=2 labels=51 accuracy=4.2446% seconds=0.4
RUN source=CIFAR100 target=Flowers seed=3 labels=51 accuracy=3.5616% seconds=0.4
RUN source=CIFAR100 target=Flowers seed=4 labels=51 accuracy=2.6996% seconds=0.4
RUN source=CIFAR100 target=Flowers seed=5 labels=51 accuracy=2.7647% seconds=0.4
RUN source=CIFAR100 target=Flowers seed=6 labels=51 accuracy=3.7404% seconds=0.4
RUN source=CIFAR100 target=Flowers seed=7 labels=51 accuracy=3.3827% seconds=0.4
RUN source=CIFAR100 target=Flowers seed=8 labels=51 accuracy=3.5778% seconds=0.4
RUN source=CIFAR100 target=Flowers seed=9 labels=51 accuracy=2.6834% seconds=0.4
COMPLETE source=CIFAR100 target=Flowers n=10 mean=3.2249 std=0.5984698337923662
