RUN source=TinyImageNet target=CIFAR10 seed=0 labels=500 accuracy=28.5500% seconds=1.8
RUN source=TinyImageNet target=CIFAR10 seed=1 labels=500 accuracy=27.1400% seconds=0.9
RUN source=TinyImageNet target=CIFAR10 seed=2 labels=500 accuracy=30.5500% seconds=0.8
RUN source=TinyImageNet target=CIFAR10 seed=3 labels=500 accuracy=33.0200% seconds=0.8
RUN source=TinyImageNet target=CIFAR10 seed=4 labels=500 accuracy=30.4500% seconds=1.7
RUN source=TinyImageNet target=CIFAR10 seed=5 labels=500 accuracy=28.0500% seconds=0.9
RUN source=TinyImageNet target=CIFAR10 seed=6 labels=500 accuracy=26.5300% seconds=0.8
RUN source=TinyImageNet target=CIFAR10 seed=7 labels=500 accuracy=27.9500% seconds=0.8
RUN source=TinyImageNet target=CIFAR10 seed=8 labels=500 accuracy=24.8000% seconds=0.8
RUN source=TinyImageNet target=CIFAR10 seed=9 labels=500 accuracy=28.0300% seconds=0.8
COMPLETE source=TinyImageNet target=CIFAR10 n=10 mean=28.5070 std=2.3234024821764887
RUN source=TinyImageNet target=CIFAR10 seed=0 labels=2500 accuracy=33.2700% seconds=2.0
RUN source=TinyImageNet target=CIFAR10 seed=1 labels=2500 accuracy=32.8700% seconds=1.6
RUN source=TinyImageNet target=CIFAR10 seed=2 labels=2500 accuracy=33.7500% seconds=1.6
RUN source=TinyImageNet target=CIFAR10 seed=3 labels=2500 accuracy=36.6700% seconds=1.6
RUN source=TinyImageNet target=CIFAR10 seed=4 labels=2500 accuracy=34.5000% seconds=1.6
RUN source=TinyImageNet target=CIFAR10 seed=5 labels=2500 accuracy=31.8500% seconds=1.6
RUN source=TinyImageNet target=CIFAR10 seed=6 labels=2500 accuracy=32.9700% seconds=1.6
RUN source=TinyImageNet target=CIFAR10 seed=7 labels=2500 accuracy=32.2200% seconds=1.6
RUN source=TinyImageNet target=CIFAR10 seed=8 labels=2500 accuracy=31.0700% seconds=1.6
RUN source=TinyImageNet target=CIFAR10 seed=9 labels=2500 accuracy=32.3300% seconds=1.6
COMPLETE source=TinyImageNet target=CIFAR10 n=10 mean=33.1500 std=1.5723937725684698
RUN source=TinyImageNet target=CIFAR100 seed=0 labels=500 accuracy=3.4100% seconds=1.2
RUN source=TinyImageNet target=CIFAR100 seed=1 labels=500 accuracy=3.2600% seconds=0.8
RUN source=TinyImageNet target=CIFAR100 seed=2 labels=500 accuracy=3.4600% seconds=0.8
RUN source=TinyImageNet target=CIFAR100 seed=3 labels=500 accuracy=4.5000% seconds=0.8
RUN source=TinyImageNet target=CIFAR100 seed=4 labels=500 accuracy=3.9000% seconds=0.8
RUN source=TinyImageNet target=CIFAR100 seed=5 labels=500 accuracy=3.7700% seconds=0.8
RUN source=TinyImageNet target=CIFAR100 seed=6 labels=500 accuracy=3.4100% seconds=0.8
RUN source=TinyImageNet target=CIFAR100 seed=7 labels=500 accuracy=2.3400% seconds=0.8
RUN source=TinyImageNet target=CIFAR100 seed=8 labels=500 accuracy=3.3700% seconds=0.8
RUN source=TinyImageNet target=CIFAR100 seed=9 labels=500 accuracy=3.0700% seconds=0.8
COMPLETE source=TinyImageNet target=CIFAR100 n=10 mean=3.4490 std=0.5607227101017866
RUN source=TinyImageNet target=CIFAR100 seed=0 labels=2500 accuracy=5.4500% seconds=2.0
RUN source=TinyImageNet target=CIFAR100 seed=1 labels=2500 accuracy=5.8100% seconds=1.6
RUN source=TinyImageNet target=CIFAR100 seed=2 labels=2500 accuracy=5.7700% seconds=1.6
RUN source=TinyImageNet target=CIFAR100 seed=3 labels=2500 accuracy=7.4300% seconds=1.6
RUN source=TinyImageNet target=CIFAR100 seed=4 labels=2500 accuracy=7.1300% seconds=1.6
RUN source=TinyImageNet target=CIFAR100 seed=5 labels=2500 accuracy=5.2700% seconds=1.6
RUN source=TinyImageNet target=CIFAR100 seed=6 labels=2500 accuracy=5.6800% seconds=1.6
RUN source=TinyImageNet target=CIFAR100 seed=7 labels=2500 accuracy=5.2000% seconds=1.6
RUN source=TinyImageNet target=CIFAR100 seed=8 labels=2500 accuracy=5.4500% seconds=1.6
RUN source=TinyImageNet target=CIFAR100 seed=9 labels=2500 accuracy=5.9100% seconds=1.6
COMPLETE source=TinyImageNet target=CIFAR100 n=10 mean=5.9100 std=0.761446028981823
RUN source=TinyImageNet target=Aircraft seed=0 labels=66 accuracy=1.6202% seconds=0.8
RUN source=TinyImageNet target=Aircraft seed=1 labels=66 accuracy=1.5902% seconds=0.4
RUN source=TinyImageNet target=Aircraft seed=2 labels=66 accuracy=1.6502% seconds=0.4
RUN source=TinyImageNet target=Aircraft seed=3 labels=66 accuracy=2.1302% seconds=0.4
RUN source=TinyImageNet target=Aircraft seed=4 labels=66 accuracy=1.1101% seconds=0.4
RUN source=TinyImageNet target=Aircraft seed=5 labels=66 accuracy=1.3201% seconds=0.4
RUN source=TinyImageNet target=Aircraft seed=6 labels=66 accuracy=2.1002% seconds=0.4
RUN source=TinyImageNet target=Aircraft seed=7 labels=66 accuracy=1.7702% seconds=0.4
RUN source=TinyImageNet target=Aircraft seed=8 labels=66 accuracy=1.2901% seconds=0.4
RUN source=TinyImageNet target=Aircraft seed=9 labels=66 accuracy=1.5302% seconds=0.4
COMPLETE source=TinyImageNet target=Aircraft n=10 mean=1.6112 std=0.3301996346983544
RUN source=TinyImageNet target=Aircraft seed=0 labels=333 accuracy=1.2601% seconds=0.9
RUN source=TinyImageNet target=Aircraft seed=1 labels=333 accuracy=1.6802% seconds=0.5
RUN source=TinyImageNet target=Aircraft seed=2 labels=333 accuracy=1.9202% seconds=0.4
RUN source=TinyImageNet target=Aircraft seed=3 labels=333 accuracy=2.3702% seconds=0.4
RUN source=TinyImageNet target=Aircraft seed=4 labels=333 accuracy=1.2601% seconds=0.4
RUN source=TinyImageNet target=Aircraft seed=5 labels=333 accuracy=1.7702% seconds=0.5
RUN source=TinyImageNet target=Aircraft seed=6 labels=333 accuracy=2.1302% seconds=0.4
RUN source=TinyImageNet target=Aircraft seed=7 labels=333 accuracy=1.7702% seconds=0.4
RUN source=TinyImageNet target=Aircraft seed=8 labels=333 accuracy=1.7402% seconds=0.4
RUN source=TinyImageNet target=Aircraft seed=9 labels=333 accuracy=1.0801% seconds=0.4
COMPLETE source=TinyImageNet target=Aircraft n=10 mean=1.6982 std=0.4035747363625565
RUN source=TinyImageNet target=CUB2011 seed=0 labels=59 accuracy=0.9493% seconds=0.9
RUN source=TinyImageNet target=CUB2011 seed=1 labels=59 accuracy=0.8975% seconds=0.5
RUN source=TinyImageNet target=CUB2011 seed=2 labels=59 accuracy=0.8112% seconds=0.5
RUN source=TinyImageNet target=CUB2011 seed=3 labels=59 accuracy=0.7249% seconds=0.5
RUN source=TinyImageNet target=CUB2011 seed=4 labels=59 accuracy=0.7594% seconds=0.5
RUN source=TinyImageNet target=CUB2011 seed=5 labels=59 accuracy=0.6213% seconds=0.5
RUN source=TinyImageNet target=CUB2011 seed=6 labels=59 accuracy=0.8802% seconds=0.5
RUN source=TinyImageNet target=CUB2011 seed=7 labels=59 accuracy=0.7767% seconds=0.5
RUN source=TinyImageNet target=CUB2011 seed=8 labels=59 accuracy=1.0010% seconds=0.5
RUN source=TinyImageNet target=CUB2011 seed=9 labels=59 accuracy=0.5696% seconds=0.5
COMPLETE source=TinyImageNet target=CUB2011 n=10 mean=0.7991 std=0.13808585692659903
RUN source=TinyImageNet target=CUB2011 seed=0 labels=299 accuracy=0.6041% seconds=0.9
RUN source=TinyImageNet target=CUB2011 seed=1 labels=299 accuracy=0.9147% seconds=0.5
RUN source=TinyImageNet target=CUB2011 seed=2 labels=299 accuracy=0.6386% seconds=0.5
RUN source=TinyImageNet target=CUB2011 seed=3 labels=299 accuracy=0.9147% seconds=0.5
RUN source=TinyImageNet target=CUB2011 seed=4 labels=299 accuracy=1.1909% seconds=0.5
RUN source=TinyImageNet target=CUB2011 seed=5 labels=299 accuracy=0.7249% seconds=0.5
RUN source=TinyImageNet target=CUB2011 seed=6 labels=299 accuracy=0.8630% seconds=0.5
RUN source=TinyImageNet target=CUB2011 seed=7 labels=299 accuracy=0.6386% seconds=0.5
RUN source=TinyImageNet target=CUB2011 seed=8 labels=299 accuracy=0.5696% seconds=0.5
RUN source=TinyImageNet target=CUB2011 seed=9 labels=299 accuracy=0.7767% seconds=0.5
COMPLETE source=TinyImageNet target=CUB2011 n=10 mean=0.7836 std=0.19153515388384798
RUN source=TinyImageNet target=Dogs seed=0 labels=120 accuracy=1.5967% seconds=0.9
RUN source=TinyImageNet target=Dogs seed=1 labels=120 accuracy=1.3636% seconds=0.6
RUN source=TinyImageNet target=Dogs seed=2 labels=120 accuracy=1.4452% seconds=0.6
RUN source=TinyImageNet target=Dogs seed=3 labels=120 accuracy=1.4103% seconds=0.5
RUN source=TinyImageNet target=Dogs seed=4 labels=120 accuracy=1.5734% seconds=0.5
RUN source=TinyImageNet target=Dogs seed=5 labels=120 accuracy=1.3287% seconds=0.6
RUN source=TinyImageNet target=Dogs seed=6 labels=120 accuracy=1.4103% seconds=0.5
RUN source=TinyImageNet target=Dogs seed=7 labels=120 accuracy=1.1888% seconds=0.5
RUN source=TinyImageNet target=Dogs seed=8 labels=120 accuracy=0.8275% seconds=0.6
RUN source=TinyImageNet target=Dogs seed=9 labels=120 accuracy=0.7343% seconds=0.5
COMPLETE source=TinyImageNet target=Dogs n=10 mean=1.2879 std=0.29198330765484054
RUN source=TinyImageNet target=Dogs seed=0 labels=600 accuracy=1.0490% seconds=1.1
RUN source=TinyImageNet target=Dogs seed=1 labels=600 accuracy=1.6667% seconds=0.7
RUN source=TinyImageNet target=Dogs seed=2 labels=600 accuracy=1.1189% seconds=0.7
RUN source=TinyImageNet target=Dogs seed=3 labels=600 accuracy=1.6667% seconds=0.7
RUN source=TinyImageNet target=Dogs seed=4 labels=600 accuracy=1.4336% seconds=0.7
RUN source=TinyImageNet target=Dogs seed=5 labels=600 accuracy=1.0839% seconds=0.7
RUN source=TinyImageNet target=Dogs seed=6 labels=600 accuracy=1.7016% seconds=0.7
RUN source=TinyImageNet target=Dogs seed=7 labels=600 accuracy=1.2704% seconds=0.7
RUN source=TinyImageNet target=Dogs seed=8 labels=600 accuracy=1.4452% seconds=0.7
RUN source=TinyImageNet target=Dogs seed=9 labels=600 accuracy=1.0023% seconds=0.7
COMPLETE source=TinyImageNet target=Dogs n=10 mean=1.3438 std=0.27526291759136107
RUN source=TinyImageNet target=Flowers seed=0 labels=10 accuracy=1.8540% seconds=1.0
RUN source=TinyImageNet target=Flowers seed=1 labels=10 accuracy=2.2931% seconds=0.5
RUN source=TinyImageNet target=Flowers seed=2 labels=10 accuracy=1.7076% seconds=0.5
RUN source=TinyImageNet target=Flowers seed=3 labels=10 accuracy=1.4799% seconds=0.5
RUN source=TinyImageNet target=Flowers seed=4 labels=10 accuracy=1.7401% seconds=0.5
RUN source=TinyImageNet target=Flowers seed=5 labels=10 accuracy=3.2851% seconds=0.5
RUN source=TinyImageNet target=Flowers seed=6 labels=10 accuracy=2.4394% seconds=0.5
RUN source=TinyImageNet target=Flowers seed=7 labels=10 accuracy=2.3581% seconds=0.5
RUN source=TinyImageNet target=Flowers seed=8 labels=10 accuracy=2.5207% seconds=0.5
RUN source=TinyImageNet target=Flowers seed=9 labels=10 accuracy=1.4311% seconds=0.5
COMPLETE source=TinyImageNet target=Flowers n=10 mean=2.1109 std=0.5749668048429628
RUN source=TinyImageNet target=Flowers seed=0 labels=51 accuracy=1.5775% seconds=0.8
RUN source=TinyImageNet target=Flowers seed=1 labels=51 accuracy=1.1384% seconds=0.4
RUN source=TinyImageNet target=Flowers seed=2 labels=51 accuracy=2.1792% seconds=0.4
RUN source=TinyImageNet target=Flowers seed=3 labels=51 accuracy=3.3014% seconds=0.4
RUN source=TinyImageNet target=Flowers seed=4 labels=51 accuracy=2.2768% seconds=0.4
RUN source=TinyImageNet target=Flowers seed=5 labels=51 accuracy=1.5450% seconds=0.4
RUN source=TinyImageNet target=Flowers seed=6 labels=51 accuracy=2.9436% seconds=0.4
RUN source=TinyImageNet target=Flowers seed=7 labels=51 accuracy=2.3093% seconds=0.4
RUN source=TinyImageNet target=Flowers seed=8 labels=51 accuracy=3.4640% seconds=0.4
RUN source=TinyImageNet target=Flowers seed=9 labels=51 accuracy=1.4637% seconds=0.4
COMPLETE source=TinyImageNet target=Flowers n=10 mean=2.2199 std=0.8071644446226102
