RUN source=CIFAR100 target=TinyImageNet seed=0 labels=1000 accuracy=1.0600% seconds=1.7
RUN source=CIFAR100 target=TinyImageNet seed=1 labels=1000 accuracy=0.7700% seconds=1.3
RUN source=CIFAR100 target=TinyImageNet seed=2 labels=1000 accuracy=0.8600% seconds=1.2
RUN source=CIFAR100 target=TinyImageNet seed=3 labels=1000 accuracy=0.5400% seconds=1.2
RUN source=CIFAR100 target=TinyImageNet seed=4 labels=1000 accuracy=1.2400% seconds=1.2
RUN source=CIFAR100 target=TinyImageNet seed=5 labels=1000 accuracy=0.6000% seconds=1.2
RUN source=CIFAR100 target=TinyImageNet seed=6 labels=1000 accuracy=1.2000% seconds=1.2
RUN source=CIFAR100 target=TinyImageNet seed=7 labels=1000 accuracy=0.9000% seconds=1.2
RUN source=CIFAR100 target=TinyImageNet seed=8 labels=1000 accuracy=0.9800% seconds=1.2
RUN source=CIFAR100 target=TinyImageNet seed=9 labels=1000 accuracy=0.6000% seconds=1.2
COMPLETE source=CIFAR100 target=TinyImageNet n=10 mean=0.8750 std=0.24932129486171734
RUN source=CIFAR100 target=TinyImageNet seed=0 labels=5000 accuracy=1.5500% seconds=3.1
RUN source=CIFAR100 target=TinyImageNet seed=1 labels=5000 accuracy=1.3500% seconds=2.8
RUN source=CIFAR100 target=TinyImageNet seed=2 labels=5000 accuracy=1.3400% seconds=2.8
RUN source=CIFAR100 target=TinyImageNet seed=3 labels=5000 accuracy=1.4800% seconds=2.8
RUN source=CIFAR100 target=TinyImageNet seed=4 labels=5000 accuracy=1.4100% seconds=2.8
RUN source=CIFAR100 target=TinyImageNet seed=5 labels=5000 accuracy=1.4600% seconds=2.8
RUN source=CIFAR100 target=TinyImageNet seed=6 labels=5000 accuracy=1.6200% seconds=2.8
RUN source=CIFAR100 target=TinyImageNet seed=7 labels=5000 accuracy=0.8800% seconds=2.8
RUN source=CIFAR100 target=TinyImageNet seed=8 labels=5000 accuracy=1.4500% seconds=2.8
RUN source=CIFAR100 target=TinyImageNet seed=9 labels=5000 accuracy=1.4800% seconds=2.8
COMPLETE source=CIFAR100 target=TinyImageNet n=10 mean=1.4020 std=0.20175893624653574
RUN source=CIFAR100 target=CIFAR10 seed=0 labels=500 accuracy=30.9100% seconds=1.2
RUN source=CIFAR100 target=CIFAR10 seed=1 labels=500 accuracy=24.9600% seconds=0.8
RUN source=CIFAR100 target=CIFAR10 seed=2 labels=500 accuracy=24.0900% seconds=0.8
RUN source=CIFAR100 target=CIFAR10 seed=3 labels=500 accuracy=27.4900% seconds=0.8
RUN source=CIFAR100 target=CIFAR10 seed=4 labels=500 accuracy=29.6500% seconds=0.8
RUN source=CIFAR100 target=CIFAR10 seed=5 labels=500 accuracy=27.9600% seconds=0.8
RUN source=CIFAR100 target=CIFAR10 seed=6 labels=500 accuracy=25.8800% seconds=0.8
RUN source=CIFAR100 target=CIFAR10 seed=7 labels=500 accuracy=26.5900% seconds=0.8
RUN source=CIFAR100 target=CIFAR10 seed=8 labels=500 accuracy=27.1100% seconds=0.8
RUN source=CIFAR100 target=CIFAR10 seed=9 labels=500 accuracy=27.6600% seconds=0.8
COMPLETE source=CIFAR100 target=CIFAR10 n=10 mean=27.2300 std=2.039695172055355
RUN source=CIFAR100 target=CIFAR10 seed=0 labels=2500 accuracy=33.9600% seconds=1.9
RUN source=CIFAR100 target=CIFAR10 seed=1 labels=2500 accuracy=32.1300% seconds=1.6
RUN source=CIFAR100 target=CIFAR10 seed=2 labels=2500 accuracy=33.4200% seconds=1.6
RUN source=CIFAR100 target=CIFAR10 seed=3 labels=2500 accuracy=33.4800% seconds=1.6
RUN source=CIFAR100 target=CIFAR10 seed=4 labels=2500 accuracy=32.8600% seconds=1.6
RUN source=CIFAR100 target=CIFAR10 seed=5 labels=2500 accuracy=31.6600% seconds=1.6
RUN source=CIFAR100 target=CIFAR10 seed=6 labels=2500 accuracy=31.6400% seconds=1.6
RUN source=CIFAR100 target=CIFAR10 seed=7 labels=2500 accuracy=32.8900% seconds=1.6
RUN source=CIFAR100 target=CIFAR10 seed=8 labels=2500 accuracy=31.0500% seconds=1.6
RUN source=CIFAR100 target=CIFAR10 seed=9 labels=2500 accuracy=31.3100% seconds=1.6
COMPLETE source=CIFAR100 target=CIFAR10 n=10 mean=32.4400 std=1.0156992139625873
RUN source=CIFAR100 target=Aircraft seed=0 labels=66 accuracy=1.6802% seconds=0.8
RUN source=CIFAR100 target=Aircraft seed=1 labels=66 accuracy=1.2301% seconds=0.4
RUN source=CIFAR100 target=Aircraft seed=2 labels=66 accuracy=1.7402% seconds=0.4
RUN source=CIFAR100 target=Aircraft seed=3 labels=66 accuracy=1.4701% seconds=0.4
RUN source=CIFAR100 target=Aircraft seed=4 labels=66 accuracy=1.2001% seconds=0.4
RUN source=CIFAR100 target=Aircraft seed=5 labels=66 accuracy=1.1701% seconds=0.4
RUN source=CIFAR100 target=Aircraft seed=6 labels=66 accuracy=1.4701% seconds=0.4
RUN source=CIFAR100 target=Aircraft seed=7 labels=66 accuracy=1.4101% seconds=0.4
RUN source=CIFAR100 target=Aircraft seed=8 labels=66 accuracy=1.5302% seconds=0.4
RUN source=CIFAR100 target=Aircraft seed=9 labels=66 accuracy=1.7102% seconds=0.4
COMPLETE source=CIFAR100 target=Aircraft n=10 mean=1.4611 std=0.21123190847881035
RUN source=CIFAR100 target=Aircraft seed=0 labels=333 accuracy=1.0501% seconds=0.8
RUN source=CIFAR100 target=Aircraft seed=1 labels=333 accuracy=0.9601% seconds=0.5
RUN source=CIFAR100 target=Aircraft seed=2 labels=333 accuracy=1.6802% seconds=0.4
RUN source=CIFAR100 target=Aircraft seed=3 labels=333 accuracy=1.1701% seconds=0.4
RUN source=CIFAR100 target=Aircraft seed=4 labels=333 accuracy=1.2301% seconds=0.5
RUN source=CIFAR100 target=Aircraft seed=5 labels=333 accuracy=1.1701% seconds=0.4
RUN source=CIFAR100 target=Aircraft seed=6 labels=333 accuracy=1.6802% seconds=0.4
RUN source=CIFAR100 target=Aircraft seed=7 labels=333 accuracy=1.5902% seconds=0.4
RUN source=CIFAR100 target=Aircraft seed=8 labels=333 accuracy=1.3201% seconds=0.4
RUN source=CIFAR100 target=Aircraft seed=9 labels=333 accuracy=1.2001% seconds=0.4
COMPLETE source=CIFAR100 target=Aircraft n=10 mean=1.3051 std=0.2581924293174756
RUN source=CIFAR100 target=CUB2011 seed=0 labels=59 accuracy=0.5350% seconds=0.8
RUN source=CIFAR100 target=CUB2011 seed=1 labels=59 accuracy=0.7076% seconds=0.5
RUN source=CIFAR100 target=CUB2011 seed=2 labels=59 accuracy=0.6041% seconds=0.5
RUN source=CIFAR100 target=CUB2011 seed=3 labels=59 accuracy=0.6904% seconds=0.5
RUN source=CIFAR100 target=CUB2011 seed=4 labels=59 accuracy=0.6904% seconds=0.5
RUN source=CIFAR100 target=CUB2011 seed=5 labels=59 accuracy=0.8112% seconds=0.5
RUN source=CIFAR100 target=CUB2011 seed=6 labels=59 accuracy=0.7421% seconds=0.5
RUN source=CIFAR100 target=CUB2011 seed=7 labels=59 accuracy=0.5868% seconds=0.5
RUN source=CIFAR100 target=CUB2011 seed=8 labels=59 accuracy=0.7076% seconds=0.5
RUN source=CIFAR100 target=CUB2011 seed=9 labels=59 accuracy=0.5350% seconds=0.5
COMPLETE source=CIFAR100 target=CUB2011 n=10 mean=0.6610 std=0.09170702339317954
RUN source=CIFAR100 target=CUB2011 seed=0 labels=299 accuracy=0.3107% seconds=0.9
RUN source=CIFAR100 target=CUB2011 seed=1 labels=299 accuracy=0.5178% seconds=0.5
RUN source=CIFAR100 target=CUB2011 seed=2 labels=299 accuracy=0.6904% seconds=0.5
RUN source=CIFAR100 target=CUB2011 seed=3 labels=299 accuracy=0.7939% seconds=0.5
RUN source=CIFAR100 target=CUB2011 seed=4 labels=299 accuracy=0.9493% seconds=0.5
RUN source=CIFAR100 target=CUB2011 seed=5 labels=299 accuracy=0.6904% seconds=0.5
RUN source=CIFAR100 target=CUB2011 seed=6 labels=299 accuracy=0.8975% seconds=0.5
RUN source=CIFAR100 target=CUB2011 seed=7 labels=299 accuracy=0.5005% seconds=0.5
RUN source=CIFAR100 target=CUB2011 seed=8 labels=299 accuracy=0.4660% seconds=0.5
RUN source=CIFAR100 target=CUB2011 seed=9 labels=299 accuracy=0.7249% seconds=0.5
COMPLETE source=CIFAR100 target=CUB2011 n=10 mean=0.6541 std=0.2024969094048651
RUN source=CIFAR100 target=Dogs seed=0 labels=120 accuracy=1.2587% seconds=0.9
RUN source=CIFAR100 target=Dogs seed=1 labels=120 accuracy=1.3054% seconds=0.6
RUN source=CIFAR100 target=Dogs seed=2 labels=120 accuracy=0.9441% seconds=0.5
RUN source=CIFAR100 target=Dogs seed=3 labels=120 accuracy=0.7226% seconds=0.6
RUN source=CIFAR100 target=Dogs seed=4 labels=120 accuracy=1.2121% seconds=0.6
RUN source=CIFAR100 target=Dogs seed=5 labels=120 accuracy=1.2704% seconds=0.5
RUN source=CIFAR100 target=Dogs seed=6 labels=120 accuracy=1.4452% seconds=0.5
RUN source=CIFAR100 target=Dogs seed=7 labels=120 accuracy=1.0606% seconds=0.5
RUN source=CIFAR100 target=Dogs seed=8 labels=120 accuracy=0.8159% seconds=0.5
RUN source=CIFAR100 target=Dogs seed=9 labels=120 accuracy=0.5828% seconds=0.6
COMPLETE source=CIFAR100 target=Dogs n=10 mean=1.0618 std=0.2848240475648072
RUN source=CIFAR100 target=Dogs seed=0 labels=600 accuracy=0.9207% seconds=1.1
RUN source=CIFAR100 target=Dogs seed=1 labels=600 accuracy=1.2471% seconds=0.7
RUN source=CIFAR100 target=Dogs seed=2 labels=600 accuracy=0.6643% seconds=0.7
RUN source=CIFAR100 target=Dogs seed=3 labels=600 accuracy=1.1655% seconds=0.7
RUN source=CIFAR100 target=Dogs seed=4 labels=600 accuracy=1.2121% seconds=0.7
RUN source=CIFAR100 target=Dogs seed=5 labels=600 accuracy=0.8858% seconds=0.7
RUN source=CIFAR100 target=Dogs seed=6 labels=600 accuracy=1.3287% seconds=0.7
RUN source=CIFAR100 target=Dogs seed=7 labels=600 accuracy=0.9091% seconds=0.7
RUN source=CIFAR100 target=Dogs seed=8 labels=600 accuracy=1.0956% seconds=0.7
RUN source=CIFAR100 target=Dogs seed=9 labels=600 accuracy=1.0140% seconds=0.7
COMPLETE source=CIFAR100 target=Dogs n=10 mean=1.0443 std=0.2031526440307405
RUN source=CIFAR100 target=Flowers seed=0 labels=10 accuracy=2.1792% seconds=0.9
RUN source=CIFAR100 target=Flowers seed=1 labels=10 accuracy=1.7076% seconds=0.5
RUN source=CIFAR100 target=Flowers seed=2 labels=10 accuracy=2.8460% seconds=0.5
RUN source=CIFAR100 target=Flowers seed=3 labels=10 accuracy=1.2685% seconds=0.5
RUN source=CIFAR100 target=Flowers seed=4 labels=10 accuracy=1.9027% seconds=0.5
RUN source=CIFAR100 target=Flowers seed=5 labels=10 accuracy=2.2280% seconds=0.5
RUN source=CIFAR100 target=Flowers seed=6 labels=10 accuracy=2.4394% seconds=0.5
RUN source=CIFAR100 target=Flowers seed=7 labels=10 accuracy=2.4719% seconds=0.5
RUN source=CIFAR100 target=Flowers seed=8 labels=10 accuracy=2.1792% seconds=0.5
RUN source=CIFAR100 target=Flowers seed=9 labels=10 accuracy=1.1709% seconds=0.5
COMPLETE source=CIFAR100 target=Flowers n=10 mean=2.0394 std=0.5322574957565699
RUN source=CIFAR100 target=Flowers seed=0 labels=51 accuracy=1.3498% seconds=0.8
RUN source=CIFAR100 target=Flowers seed=1 labels=51 accuracy=0.9270% seconds=0.4
RUN source=CIFAR100 target=Flowers seed=2 labels=51 accuracy=1.3010% seconds=0.4
RUN source=CIFAR100 target=Flowers seed=3 labels=51 accuracy=2.4232% seconds=0.4
RUN source=CIFAR100 target=Flowers seed=4 labels=51 accuracy=1.2522% seconds=0.4
RUN source=CIFAR100 target=Flowers seed=5 labels=51 accuracy=0.9595% seconds=0.4
RUN source=CIFAR100 target=Flowers seed=6 labels=51 accuracy=1.5612% seconds=0.4
RUN source=CIFAR100 target=Flowers seed=7 labels=51 accuracy=1.6913% seconds=0.4
RUN source=CIFAR100 target=Flowers seed=8 labels=51 accuracy=3.3501% seconds=0.4
RUN source=CIFAR100 target=Flowers seed=9 labels=51 accuracy=0.8131% seconds=0.4
COMPLETE source=CIFAR100 target=Flowers n=10 mean=1.5629 std=0.7811585392255093
