RUN source=CIFAR100 target=CIFAR10 seed=0 labels=500 accuracy=17.1000% seconds=1.6
RUN source=CIFAR100 target=CIFAR10 seed=1 labels=500 accuracy=16.5200% seconds=0.8
RUN source=CIFAR100 target=CIFAR10 seed=2 labels=500 accuracy=17.6800% seconds=0.8
RUN source=CIFAR100 target=CIFAR10 seed=3 labels=500 accuracy=16.0500% seconds=0.8
RUN source=CIFAR100 target=CIFAR10 seed=4 labels=500 accuracy=17.1900% seconds=0.8
RUN source=CIFAR100 target=CIFAR10 seed=5 labels=500 accuracy=16.6400% seconds=0.8
RUN source=CIFAR100 target=CIFAR10 seed=6 labels=500 accuracy=18.0900% seconds=0.8
RUN source=CIFAR100 target=CIFAR10 seed=7 labels=500 accuracy=16.7100% seconds=0.8
RUN source=CIFAR100 target=CIFAR10 seed=8 labels=500 accuracy=16.2200% seconds=0.8
RUN source=CIFAR100 target=CIFAR10 seed=9 labels=500 accuracy=16.2800% seconds=0.8
COMPLETE source=CIFAR100 target=CIFAR10 n=10 mean=16.8480 std=0.6615604400155773
RUN source=CIFAR100 target=CIFAR10 seed=0 labels=2500 accuracy=19.9400% seconds=1.9
RUN source=CIFAR100 target=CIFAR10 seed=1 labels=2500 accuracy=20.5900% seconds=1.6
RUN source=CIFAR100 target=CIFAR10 seed=2 labels=2500 accuracy=21.9100% seconds=1.5
RUN source=CIFAR100 target=CIFAR10 seed=3 labels=2500 accuracy=19.6800% seconds=1.5
RUN source=CIFAR100 target=CIFAR10 seed=4 labels=2500 accuracy=20.1100% seconds=1.6
RUN source=CIFAR100 target=CIFAR10 seed=5 labels=2500 accuracy=20.7200% seconds=1.5
RUN source=CIFAR100 target=CIFAR10 seed=6 labels=2500 accuracy=20.6100% seconds=1.5
RUN source=CIFAR100 target=CIFAR10 seed=7 labels=2500 accuracy=21.4500% seconds=1.6
RUN source=CIFAR100 target=CIFAR10 seed=8 labels=2500 accuracy=20.6800% seconds=1.6
RUN source=CIFAR100 target=CIFAR10 seed=9 labels=2500 accuracy=19.7900% seconds=1.5
COMPLETE source=CIFAR100 target=CIFAR10 n=10 mean=20.5480 std=0.7157561272089529
RUN source=CIFAR100 target=CIFAR100 seed=0 labels=500 accuracy=1.8300% seconds=1.1
RUN source=CIFAR100 target=CIFAR100 seed=1 labels=500 accuracy=1.5400% seconds=0.8
RUN source=CIFAR100 target=CIFAR100 seed=2 labels=500 accuracy=1.8900% seconds=0.8
RUN source=CIFAR100 target=CIFAR100 seed=3 labels=500 accuracy=1.7000% seconds=0.8
RUN source=CIFAR100 target=CIFAR100 seed=4 labels=500 accuracy=1.7900% seconds=0.8
RUN source=CIFAR100 target=CIFAR100 seed=5 labels=500 accuracy=1.6500% seconds=0.8
RUN source=CIFAR100 target=CIFAR100 seed=6 labels=500 accuracy=1.8200% seconds=0.8
RUN source=CIFAR100 target=CIFAR100 seed=7 labels=500 accuracy=1.4500% seconds=0.8
RUN source=CIFAR100 target=CIFAR100 seed=8 labels=500 accuracy=1.4400% seconds=0.8
RUN source=CIFAR100 target=CIFAR100 seed=9 labels=500 accuracy=1.6600% seconds=0.8
COMPLETE source=CIFAR100 target=CIFAR100 n=10 mean=1.6770 std=0.15986450038645766
RUN source=CIFAR100 target=CIFAR100 seed=0 labels=2500 accuracy=2.6900% seconds=1.9
RUN source=CIFAR100 target=CIFAR100 seed=1 labels=2500 accuracy=2.9800% seconds=1.6
RUN source=CIFAR100 target=CIFAR100 seed=2 labels=2500 accuracy=2.9300% seconds=1.6
RUN source=CIFAR100 target=CIFAR100 seed=3 labels=2500 accuracy=2.9100% seconds=1.6
RUN source=CIFAR100 target=CIFAR100 seed=4 labels=2500 accuracy=3.0400% seconds=1.6
RUN source=CIFAR100 target=CIFAR100 seed=5 labels=2500 accuracy=2.7400% seconds=1.6
RUN source=CIFAR100 target=CIFAR100 seed=6 labels=2500 accuracy=3.2500% seconds=1.6
RUN source=CIFAR100 target=CIFAR100 seed=7 labels=2500 accuracy=2.6600% seconds=1.6
RUN source=CIFAR100 target=CIFAR100 seed=8 labels=2500 accuracy=2.2100% seconds=1.6
RUN source=CIFAR100 target=CIFAR100 seed=9 labels=2500 accuracy=3.3100% seconds=1.6
COMPLETE source=CIFAR100 target=CIFAR100 n=10 mean=2.8720 std=0.3185313057616887
RUN source=CIFAR100 target=TinyImageNet seed=0 labels=1000 accuracy=0.6100% seconds=1.5
RUN source=CIFAR100 target=TinyImageNet seed=1 labels=1000 accuracy=0.5800% seconds=1.2
RUN source=CIFAR100 target=TinyImageNet seed=2 labels=1000 accuracy=0.6500% seconds=1.2
RUN source=CIFAR100 target=TinyImageNet seed=3 labels=1000 accuracy=0.5600% seconds=1.2
RUN source=CIFAR100 target=TinyImageNet seed=4 labels=1000 accuracy=0.6100% seconds=1.2
RUN source=CIFAR100 target=TinyImageNet seed=5 labels=1000 accuracy=0.7500% seconds=1.2
RUN source=CIFAR100 target=TinyImageNet seed=6 labels=1000 accuracy=0.6500% seconds=1.2
RUN source=CIFAR100 target=TinyImageNet seed=7 labels=1000 accuracy=0.6700% seconds=1.2
RUN source=CIFAR100 target=TinyImageNet seed=8 labels=1000 accuracy=0.5900% seconds=1.2
RUN source=CIFAR100 target=TinyImageNet seed=9 labels=1000 accuracy=0.7500% seconds=1.2
COMPLETE source=CIFAR100 target=TinyImageNet n=10 mean=0.6420 std=0.0662989850562697
RUN source=CIFAR100 target=TinyImageNet seed=0 labels=5000 accuracy=0.9100% seconds=3.1
RUN source=CIFAR100 target=TinyImageNet seed=1 labels=5000 accuracy=0.9000% seconds=2.8
RUN source=CIFAR100 target=TinyImageNet seed=2 labels=5000 accuracy=1.0100% seconds=2.8
RUN source=CIFAR100 target=TinyImageNet seed=3 labels=5000 accuracy=0.7700% seconds=2.8
RUN source=CIFAR100 target=TinyImageNet seed=4 labels=5000 accuracy=0.6600% seconds=2.8
RUN source=CIFAR100 target=TinyImageNet seed=5 labels=5000 accuracy=0.9900% seconds=2.7
RUN source=CIFAR100 target=TinyImageNet seed=6 labels=5000 accuracy=0.8100% seconds=2.8
RUN source=CIFAR100 target=TinyImageNet seed=7 labels=5000 accuracy=1.0200% seconds=2.8
RUN source=CIFAR100 target=TinyImageNet seed=8 labels=5000 accuracy=0.9100% seconds=2.8
RUN source=CIFAR100 target=TinyImageNet seed=9 labels=5000 accuracy=0.8600% seconds=2.7
COMPLETE source=CIFAR100 target=TinyImageNet n=10 mean=0.8840 std=0.11374433763935113
RUN source=CIFAR100 target=Aircraft seed=0 labels=66 accuracy=1.3201% seconds=0.7
RUN source=CIFAR100 target=Aircraft seed=1 labels=66 accuracy=1.0201% seconds=0.4
RUN source=CIFAR100 target=Aircraft seed=2 labels=66 accuracy=1.4701% seconds=0.4
RUN source=CIFAR100 target=Aircraft seed=3 labels=66 accuracy=1.3501% seconds=0.4
RUN source=CIFAR100 target=Aircraft seed=4 labels=66 accuracy=1.0201% seconds=0.4
RUN source=CIFAR100 target=Aircraft seed=5 labels=66 accuracy=1.1401% seconds=0.4
RUN source=CIFAR100 target=Aircraft seed=6 labels=66 accuracy=1.0801% seconds=0.4
RUN source=CIFAR100 target=Aircraft seed=7 labels=66 accuracy=1.4101% seconds=0.4
RUN source=CIFAR100 target=Aircraft seed=8 labels=66 accuracy=1.1101% seconds=0.4
RUN source=CIFAR100 target=Aircraft seed=9 labels=66 accuracy=1.3201% seconds=0.4
COMPLETE source=CIFAR100 target=Aircraft n=10 mean=1.2241 std=0.16782618284355816
RUN source=CIFAR100 target=Aircraft seed=0 labels=333 accuracy=1.0501% seconds=0.8
RUN source=CIFAR100 target=Aircraft seed=1 labels=333 accuracy=1.4701% seconds=0.4
RUN source=CIFAR100 target=Aircraft seed=2 labels=333 accuracy=1.4401% seconds=0.4
RUN source=CIFAR100 target=Aircraft seed=3 labels=333 accuracy=2.1302% seconds=0.4
RUN source=CIFAR100 target=Aircraft seed=4 labels=333 accuracy=1.7402% seconds=0.4
RUN source=CIFAR100 target=Aircraft seed=5 labels=333 accuracy=1.3501% seconds=0.4
RUN source=CIFAR100 target=Aircraft seed=6 labels=333 accuracy=1.4101% seconds=0.4
RUN source=CIFAR100 target=Aircraft seed=7 labels=333 accuracy=1.5302% seconds=0.4
RUN source=CIFAR100 target=Aircraft seed=8 labels=333 accuracy=1.0801% seconds=0.4
RUN source=CIFAR100 target=Aircraft seed=9 labels=333 accuracy=1.4401% seconds=0.4
COMPLETE source=CIFAR100 target=Aircraft n=10 mean=1.4641 std=0.3091587327923711
RUN source=CIFAR100 target=CUB2011 seed=0 labels=59 accuracy=0.7939% seconds=0.8
RUN source=CIFAR100 target=CUB2011 seed=1 labels=59 accuracy=0.6213% seconds=0.5
RUN source=CIFAR100 target=CUB2011 seed=2 labels=59 accuracy=0.4142% seconds=0.4
RUN source=CIFAR100 target=CUB2011 seed=3 labels=59 accuracy=0.4833% seconds=0.4
RUN source=CIFAR100 target=CUB2011 seed=4 labels=59 accuracy=0.3970% seconds=0.5
RUN source=CIFAR100 target=CUB2011 seed=5 labels=59 accuracy=0.4833% seconds=0.4
RUN source=CIFAR100 target=CUB2011 seed=6 labels=59 accuracy=0.4660% seconds=0.4
RUN source=CIFAR100 target=CUB2011 seed=7 labels=59 accuracy=0.6041% seconds=0.4
RUN source=CIFAR100 target=CUB2011 seed=8 labels=59 accuracy=0.5868% seconds=0.4
RUN source=CIFAR100 target=CUB2011 seed=9 labels=59 accuracy=0.5696% seconds=0.4
COMPLETE source=CIFAR100 target=CUB2011 n=10 mean=0.5419 std=0.11851899072737343
RUN source=CIFAR100 target=CUB2011 seed=0 labels=299 accuracy=0.5523% seconds=0.8
RUN source=CIFAR100 target=CUB2011 seed=1 labels=299 accuracy=0.5350% seconds=0.5
RUN source=CIFAR100 target=CUB2011 seed=2 labels=299 accuracy=0.5696% seconds=0.5
RUN source=CIFAR100 target=CUB2011 seed=3 labels=299 accuracy=0.6904% seconds=0.5
RUN source=CIFAR100 target=CUB2011 seed=4 labels=299 accuracy=0.6041% seconds=0.5
RUN source=CIFAR100 target=CUB2011 seed=5 labels=299 accuracy=0.5696% seconds=0.5
RUN source=CIFAR100 target=CUB2011 seed=6 labels=299 accuracy=0.6731% seconds=0.5
RUN source=CIFAR100 target=CUB2011 seed=7 labels=299 accuracy=0.5696% seconds=0.5
RUN source=CIFAR100 target=CUB2011 seed=8 labels=299 accuracy=0.6041% seconds=0.5
RUN source=CIFAR100 target=CUB2011 seed=9 labels=299 accuracy=0.7249% seconds=0.5
COMPLETE source=CIFAR100 target=CUB2011 n=10 mean=0.6093 std=0.06460376273754417
RUN source=CIFAR100 target=Dogs seed=0 labels=120 accuracy=1.0023% seconds=0.9
RUN source=CIFAR100 target=Dogs seed=1 labels=120 accuracy=0.9674% seconds=0.5
RUN source=CIFAR100 target=Dogs seed=2 labels=120 accuracy=1.0956% seconds=0.5
RUN source=CIFAR100 target=Dogs seed=3 labels=120 accuracy=0.7343% seconds=0.5
RUN source=CIFAR100 target=Dogs seed=4 labels=120 accuracy=1.1072% seconds=0.5
RUN source=CIFAR100 target=Dogs seed=5 labels=120 accuracy=0.7459% seconds=0.5
RUN source=CIFAR100 target=Dogs seed=6 labels=120 accuracy=0.7925% seconds=0.5
RUN source=CIFAR100 target=Dogs seed=7 labels=120 accuracy=1.0256% seconds=0.5
RUN source=CIFAR100 target=Dogs seed=8 labels=120 accuracy=0.8042% seconds=0.5
RUN source=CIFAR100 target=Dogs seed=9 labels=120 accuracy=0.9091% seconds=0.5
COMPLETE source=CIFAR100 target=Dogs n=10 mean=0.9184 std=0.14166153893573283
RUN source=CIFAR100 target=Dogs seed=0 labels=600 accuracy=0.6993% seconds=1.0
RUN source=CIFAR100 target=Dogs seed=1 labels=600 accuracy=0.9441% seconds=0.7
RUN source=CIFAR100 target=Dogs seed=2 labels=600 accuracy=1.0256% seconds=0.7
RUN source=CIFAR100 target=Dogs seed=3 labels=600 accuracy=0.8741% seconds=0.7
RUN source=CIFAR100 target=Dogs seed=4 labels=600 accuracy=1.0956% seconds=0.7
RUN source=CIFAR100 target=Dogs seed=5 labels=600 accuracy=0.7925% seconds=0.7
RUN source=CIFAR100 target=Dogs seed=6 labels=600 accuracy=1.0256% seconds=0.7
RUN source=CIFAR100 target=Dogs seed=7 labels=600 accuracy=0.8625% seconds=0.7
RUN source=CIFAR100 target=Dogs seed=8 labels=600 accuracy=1.0256% seconds=0.7
RUN source=CIFAR100 target=Dogs seed=9 labels=600 accuracy=0.8858% seconds=0.7
COMPLETE source=CIFAR100 target=Dogs n=10 mean=0.9231 std=0.12307555960097472
RUN source=CIFAR100 target=Flowers seed=0 labels=10 accuracy=0.8782% seconds=0.8
RUN source=CIFAR100 target=Flowers seed=1 labels=10 accuracy=1.3823% seconds=0.5
RUN source=CIFAR100 target=Flowers seed=2 labels=10 accuracy=0.7156% seconds=0.5
RUN source=CIFAR100 target=Flowers seed=3 labels=10 accuracy=1.0571% seconds=0.5
RUN source=CIFAR100 target=Flowers seed=4 labels=10 accuracy=1.0571% seconds=0.5
RUN source=CIFAR100 target=Flowers seed=5 labels=10 accuracy=1.5775% seconds=0.5
RUN source=CIFAR100 target=Flowers seed=6 labels=10 accuracy=0.3740% seconds=0.5
RUN source=CIFAR100 target=Flowers seed=7 labels=10 accuracy=0.7969% seconds=0.5
RUN source=CIFAR100 target=Flowers seed=8 labels=10 accuracy=0.8294% seconds=0.5
RUN source=CIFAR100 target=Flowers seed=9 labels=10 accuracy=0.6180% seconds=0.5
COMPLETE source=CIFAR100 target=Flowers n=10 mean=0.9286 std=0.35575960922123534
RUN source=CIFAR100 target=Flowers seed=0 labels=51 accuracy=0.7969% seconds=0.8
RUN source=CIFAR100 target=Flowers seed=1 labels=51 accuracy=0.7481% seconds=0.4
RUN source=CIFAR100 target=Flowers seed=2 labels=51 accuracy=1.8702% seconds=0.4
RUN source=CIFAR100 target=Flowers seed=3 labels=51 accuracy=1.3336% seconds=0.4
RUN source=CIFAR100 target=Flowers seed=4 labels=51 accuracy=1.1547% seconds=0.4
RUN source=CIFAR100 target=Flowers seed=5 labels=51 accuracy=1.0408% seconds=0.4
RUN source=CIFAR100 target=Flowers seed=6 labels=51 accuracy=1.2848% seconds=0.4
RUN source=CIFAR100 target=Flowers seed=7 labels=51 accuracy=1.3173% seconds=0.4
RUN source=CIFAR100 target=Flowers seed=8 labels=51 accuracy=1.9515% seconds=0.4
RUN source=CIFAR100 target=Flowers seed=9 labels=51 accuracy=0.8457% seconds=0.4
COMPLETE source=CIFAR100 target=Flowers n=10 mean=1.2343 std=0.4164217256509379
