RUN source=CIFAR100 target=TinyImageNet seed=0 labels=1000 accuracy=2.1600% seconds=5.8
RUN source=CIFAR100 target=TinyImageNet seed=1 labels=1000 accuracy=2.9400% seconds=4.2
RUN source=CIFAR100 target=TinyImageNet seed=2 labels=1000 accuracy=2.2300% seconds=4.1
RUN source=CIFAR100 target=TinyImageNet seed=3 labels=1000 accuracy=2.1000% seconds=4.2
RUN source=CIFAR100 target=TinyImageNet seed=4 labels=1000 accuracy=2.6500% seconds=4.1
RUN source=CIFAR100 target=TinyImageNet seed=5 labels=1000 accuracy=2.2900% seconds=4.1
RUN source=CIFAR100 target=TinyImageNet seed=6 labels=1000 accuracy=2.7900% seconds=4.1
RUN source=CIFAR100 target=TinyImageNet seed=7 labels=1000 accuracy=2.1400% seconds=4.2
RUN source=CIFAR100 target=TinyImageNet seed=8 labels=1000 accuracy=2.3100% seconds=4.1
RUN source=CIFAR100 target=TinyImageNet seed=9 labels=1000 accuracy=2.5300% seconds=4.1
COMPLETE source=CIFAR100 target=TinyImageNet n=10 mean=2.4140 std=0.2954168274737387
RUN source=CIFAR100 target=TinyImageNet seed=0 labels=5000 accuracy=4.0900% seconds=11.1
RUN source=CIFAR100 target=TinyImageNet seed=1 labels=5000 accuracy=4.4700% seconds=10.0
RUN source=CIFAR100 target=TinyImageNet seed=2 labels=5000 accuracy=3.8100% seconds=10.0
RUN source=CIFAR100 target=TinyImageNet seed=3 labels=5000 accuracy=3.9300% seconds=10.0
RUN source=CIFAR100 target=TinyImageNet seed=4 labels=5000 accuracy=4.2000% seconds=9.9
RUN source=CIFAR100 target=TinyImageNet seed=5 labels=5000 accuracy=3.8400% seconds=9.9
RUN source=CIFAR100 target=TinyImageNet seed=6 labels=5000 accuracy=4.1900% seconds=9.9
RUN source=CIFAR100 target=TinyImageNet seed=7 labels=5000 accuracy=4.3700% seconds=10.0
RUN source=CIFAR100 target=TinyImageNet seed=8 labels=5000 accuracy=3.7200% seconds=9.9
RUN source=CIFAR100 target=TinyImageNet seed=9 labels=5000 accuracy=4.5000% seconds=10.0
COMPLETE source=CIFAR100 target=TinyImageNet n=10 mean=4.1120 std=0.28118002878324194
RUN source=CIFAR100 target=CIFAR10 seed=0 labels=500 accuracy=37.2700% seconds=3.8
RUN source=CIFAR100 target=CIFAR10 seed=1 labels=500 accuracy=36.7900% seconds=2.7
RUN source=CIFAR100 target=CIFAR10 seed=2 labels=500 accuracy=35.5600% seconds=2.6
RUN source=CIFAR100 target=CIFAR10 seed=3 labels=500 accuracy=37.3500% seconds=2.6
RUN source=CIFAR100 target=CIFAR10 seed=4 labels=500 accuracy=36.2400% seconds=2.7
RUN source=CIFAR100 target=CIFAR10 seed=5 labels=500 accuracy=37.5700% seconds=2.6
RUN source=CIFAR100 target=CIFAR10 seed=6 labels=500 accuracy=35.6300% seconds=2.6
RUN source=CIFAR100 target=CIFAR10 seed=7 labels=500 accuracy=37.1300% seconds=2.6
RUN source=CIFAR100 target=CIFAR10 seed=8 labels=500 accuracy=36.4600% seconds=2.7
RUN source=CIFAR100 target=CIFAR10 seed=9 labels=500 accuracy=37.6700% seconds=2.6
COMPLETE source=CIFAR100 target=CIFAR10 n=10 mean=36.7670 std=0.767897772636583
RUN source=CIFAR100 target=CIFAR10 seed=0 labels=2500 accuracy=41.8300% seconds=6.6
RUN source=CIFAR100 target=CIFAR10 seed=1 labels=2500 accuracy=43.1200% seconds=5.6
RUN source=CIFAR100 target=CIFAR10 seed=2 labels=2500 accuracy=41.0700% seconds=5.6
RUN source=CIFAR100 target=CIFAR10 seed=3 labels=2500 accuracy=41.4700% seconds=5.5
RUN source=CIFAR100 target=CIFAR10 seed=4 labels=2500 accuracy=41.7900% seconds=5.5
RUN source=CIFAR100 target=CIFAR10 seed=5 labels=2500 accuracy=41.5600% seconds=5.4
RUN source=CIFAR100 target=CIFAR10 seed=6 labels=2500 accuracy=41.9400% seconds=5.5
RUN source=CIFAR100 target=CIFAR10 seed=7 labels=2500 accuracy=42.7300% seconds=5.6
RUN source=CIFAR100 target=CIFAR10 seed=8 labels=2500 accuracy=41.3800% seconds=5.5
RUN source=CIFAR100 target=CIFAR10 seed=9 labels=2500 accuracy=42.1300% seconds=5.5
COMPLETE source=CIFAR100 target=CIFAR10 n=10 mean=41.9020 std=0.6243713143194328
RUN source=CIFAR100 target=Aircraft seed=0 labels=66 accuracy=1.7102% seconds=2.6
RUN source=CIFAR100 target=Aircraft seed=1 labels=66 accuracy=2.1902% seconds=1.4
RUN source=CIFAR100 target=Aircraft seed=2 labels=66 accuracy=2.3102% seconds=1.4
RUN source=CIFAR100 target=Aircraft seed=3 labels=66 accuracy=1.9802% seconds=1.4
RUN source=CIFAR100 target=Aircraft seed=4 labels=66 accuracy=1.7102% seconds=1.4
RUN source=CIFAR100 target=Aircraft seed=5 labels=66 accuracy=1.4101% seconds=1.4
RUN source=CIFAR100 target=Aircraft seed=6 labels=66 accuracy=2.1002% seconds=1.4
RUN source=CIFAR100 target=Aircraft seed=7 labels=66 accuracy=1.4101% seconds=1.4
RUN source=CIFAR100 target=Aircraft seed=8 labels=66 accuracy=1.5002% seconds=1.4
RUN source=CIFAR100 target=Aircraft seed=9 labels=66 accuracy=2.0702% seconds=1.4
COMPLETE source=CIFAR100 target=Aircraft n=10 mean=1.8392 std=0.3338147367204503
RUN source=CIFAR100 target=Aircraft seed=0 labels=333 accuracy=1.7402% seconds=2.7
RUN source=CIFAR100 target=Aircraft seed=1 labels=333 accuracy=2.9703% seconds=1.5
RUN source=CIFAR100 target=Aircraft seed=2 labels=333 accuracy=2.7003% seconds=1.5
RUN source=CIFAR100 target=Aircraft seed=3 labels=333 accuracy=2.3702% seconds=1.5
RUN source=CIFAR100 target=Aircraft seed=4 labels=333 accuracy=2.4002% seconds=1.5
RUN source=CIFAR100 target=Aircraft seed=5 labels=333 accuracy=1.8902% seconds=1.5
RUN source=CIFAR100 target=Aircraft seed=6 labels=333 accuracy=2.5203% seconds=1.5
RUN source=CIFAR100 target=Aircraft seed=7 labels=333 accuracy=2.5503% seconds=1.5
RUN source=CIFAR100 target=Aircraft seed=8 labels=333 accuracy=2.2802% seconds=1.5
RUN source=CIFAR100 target=Aircraft seed=9 labels=333 accuracy=1.7702% seconds=1.5
COMPLETE source=CIFAR100 target=Aircraft n=10 mean=2.3192 std=0.40748397714749124
RUN source=CIFAR100 target=CUB2011 seed=0 labels=59 accuracy=1.2081% seconds=2.8
RUN source=CIFAR100 target=CUB2011 seed=1 labels=59 accuracy=1.1564% seconds=1.6
RUN source=CIFAR100 target=CUB2011 seed=2 labels=59 accuracy=1.0528% seconds=1.6
RUN source=CIFAR100 target=CUB2011 seed=3 labels=59 accuracy=0.9320% seconds=1.6
RUN source=CIFAR100 target=CUB2011 seed=4 labels=59 accuracy=0.9320% seconds=1.6
RUN source=CIFAR100 target=CUB2011 seed=5 labels=59 accuracy=1.1736% seconds=1.6
RUN source=CIFAR100 target=CUB2011 seed=6 labels=59 accuracy=1.2427% seconds=1.6
RUN source=CIFAR100 target=CUB2011 seed=7 labels=59 accuracy=0.8630% seconds=1.6
RUN source=CIFAR100 target=CUB2011 seed=8 labels=59 accuracy=0.9838% seconds=1.6
RUN source=CIFAR100 target=CUB2011 seed=9 labels=59 accuracy=1.1046% seconds=1.6
COMPLETE source=CIFAR100 target=CUB2011 n=10 mean=1.0649 std=0.13195760529279713
RUN source=CIFAR100 target=CUB2011 seed=0 labels=299 accuracy=0.9838% seconds=3.0
RUN source=CIFAR100 target=CUB2011 seed=1 labels=299 accuracy=1.3635% seconds=1.8
RUN source=CIFAR100 target=CUB2011 seed=2 labels=299 accuracy=1.4325% seconds=1.8
RUN source=CIFAR100 target=CUB2011 seed=3 labels=299 accuracy=1.3290% seconds=1.9
RUN source=CIFAR100 target=CUB2011 seed=4 labels=299 accuracy=1.4670% seconds=1.8
RUN source=CIFAR100 target=CUB2011 seed=5 labels=299 accuracy=1.3117% seconds=1.8
RUN source=CIFAR100 target=CUB2011 seed=6 labels=299 accuracy=1.4153% seconds=1.8
RUN source=CIFAR100 target=CUB2011 seed=7 labels=299 accuracy=1.2772% seconds=1.8
RUN source=CIFAR100 target=CUB2011 seed=8 labels=299 accuracy=1.3980% seconds=1.8
RUN source=CIFAR100 target=CUB2011 seed=9 labels=299 accuracy=1.4325% seconds=1.8
COMPLETE source=CIFAR100 target=CUB2011 n=10 mean=1.3410 std=0.139279151493516
RUN source=CIFAR100 target=Dogs seed=0 labels=120 accuracy=1.6317% seconds=3.0
RUN source=CIFAR100 target=Dogs seed=1 labels=120 accuracy=1.8182% seconds=1.9
RUN source=CIFAR100 target=Dogs seed=2 labels=120 accuracy=1.3753% seconds=1.9
RUN source=CIFAR100 target=Dogs seed=3 labels=120 accuracy=1.7949% seconds=1.9
RUN source=CIFAR100 target=Dogs seed=4 labels=120 accuracy=1.9231% seconds=1.9
RUN source=CIFAR100 target=Dogs seed=5 labels=120 accuracy=1.5967% seconds=1.9
RUN source=CIFAR100 target=Dogs seed=6 labels=120 accuracy=1.8881% seconds=1.9
RUN source=CIFAR100 target=Dogs seed=7 labels=120 accuracy=2.1678% seconds=1.9
RUN source=CIFAR100 target=Dogs seed=8 labels=120 accuracy=1.1772% seconds=1.9
RUN source=CIFAR100 target=Dogs seed=9 labels=120 accuracy=1.6783% seconds=1.9
COMPLETE source=CIFAR100 target=Dogs n=10 mean=1.7051 std=0.2831019085967532
RUN source=CIFAR100 target=Dogs seed=0 labels=600 accuracy=1.7832% seconds=3.5
RUN source=CIFAR100 target=Dogs seed=1 labels=600 accuracy=2.7506% seconds=2.5
RUN source=CIFAR100 target=Dogs seed=2 labels=600 accuracy=1.9814% seconds=2.4
RUN source=CIFAR100 target=Dogs seed=3 labels=600 accuracy=2.0862% seconds=2.4
RUN source=CIFAR100 target=Dogs seed=4 labels=600 accuracy=2.6457% seconds=2.4
RUN source=CIFAR100 target=Dogs seed=5 labels=600 accuracy=1.7483% seconds=2.4
RUN source=CIFAR100 target=Dogs seed=6 labels=600 accuracy=2.6690% seconds=2.4
RUN source=CIFAR100 target=Dogs seed=7 labels=600 accuracy=1.9930% seconds=2.4
RUN source=CIFAR100 target=Dogs seed=8 labels=600 accuracy=2.2844% seconds=2.5
RUN source=CIFAR100 target=Dogs seed=9 labels=600 accuracy=2.4242% seconds=2.4
COMPLETE source=CIFAR100 target=Dogs n=10 mean=2.2366 std=0.37224947052003887
RUN source=CIFAR100 target=Flowers seed=0 labels=10 accuracy=2.3744% seconds=2.9
RUN source=CIFAR100 target=Flowers seed=1 labels=10 accuracy=2.7809% seconds=1.7
RUN source=CIFAR100 target=Flowers seed=2 labels=10 accuracy=3.9356% seconds=1.6
RUN source=CIFAR100 target=Flowers seed=3 labels=10 accuracy=1.5450% seconds=1.6
RUN source=CIFAR100 target=Flowers seed=4 labels=10 accuracy=2.4719% seconds=1.6
RUN source=CIFAR100 target=Flowers seed=5 labels=10 accuracy=3.3339% seconds=1.6
RUN source=CIFAR100 target=Flowers seed=6 labels=10 accuracy=3.6429% seconds=1.6
RUN source=CIFAR100 target=Flowers seed=7 labels=10 accuracy=3.3989% seconds=1.6
RUN source=CIFAR100 target=Flowers seed=8 labels=10 accuracy=3.6754% seconds=1.6
RUN source=CIFAR100 target=Flowers seed=9 labels=10 accuracy=1.7239% seconds=1.6
COMPLETE source=CIFAR100 target=Flowers n=10 mean=2.8883 std=0.840269538908941
RUN source=CIFAR100 target=Flowers seed=0 labels=51 accuracy=3.5128% seconds=2.5
RUN source=CIFAR100 target=Flowers seed=1 labels=51 accuracy=4.1308% seconds=1.4
RUN source=CIFAR100 target=Flowers seed=2 labels=51 accuracy=5.4643% seconds=1.4
RUN source=CIFAR100 target=Flowers seed=3 labels=51 accuracy=3.2851% seconds=1.3
RUN source=CIFAR100 target=Flowers seed=4 labels=51 accuracy=4.5211% seconds=1.3
RUN source=CIFAR100 target=Flowers seed=5 labels=51 accuracy=3.7079% seconds=1.3
RUN source=CIFAR100 target=Flowers seed=6 labels=51 accuracy=4.0007% seconds=1.4
RUN source=CIFAR100 target=Flowers seed=7 labels=51 accuracy=3.9193% seconds=1.3
RUN source=CIFAR100 target=Flowers seed=8 labels=51 accuracy=5.9847% seconds=1.3
RUN source=CIFAR100 target=Flowers seed=9 labels=51 accuracy=2.6996% seconds=1.4
COMPLETE source=CIFAR100 target=Flowers n=10 mean=4.1226 std=0.9861708872204683
