RUN source=CIFAR100 target=TinyImageNet seed=0 labels=1000 accuracy=1.6000% seconds=1.7
RUN source=CIFAR100 target=TinyImageNet seed=1 labels=1000 accuracy=2.3500% seconds=1.2
RUN source=CIFAR100 target=TinyImageNet seed=2 labels=1000 accuracy=2.3100% seconds=1.2
RUN source=CIFAR100 target=TinyImageNet seed=3 labels=1000 accuracy=1.7200% seconds=1.2
RUN source=CIFAR100 target=TinyImageNet seed=4 labels=1000 accuracy=2.0800% seconds=1.2
RUN source=CIFAR100 target=TinyImageNet seed=5 labels=1000 accuracy=2.1900% seconds=1.2
RUN source=CIFAR100 target=TinyImageNet seed=6 labels=1000 accuracy=2.0600% seconds=1.2
RUN source=CIFAR100 target=TinyImageNet seed=7 labels=1000 accuracy=1.4900% seconds=1.2
RUN source=CIFAR100 target=TinyImageNet seed=8 labels=1000 accuracy=1.9600% seconds=1.2
RUN source=CIFAR100 target=TinyImageNet seed=9 labels=1000 accuracy=2.1400% seconds=1.2
COMPLETE source=CIFAR100 target=TinyImageNet n=10 mean=1.9900 std=0.2950329706556533
RUN source=CIFAR100 target=TinyImageNet seed=0 labels=5000 accuracy=3.0100% seconds=3.1
RUN source=CIFAR100 target=TinyImageNet seed=1 labels=5000 accuracy=3.7300% seconds=2.8
RUN source=CIFAR100 target=TinyImageNet seed=2 labels=5000 accuracy=3.1700% seconds=2.8
RUN source=CIFAR100 target=TinyImageNet seed=3 labels=5000 accuracy=3.1900% seconds=2.8
RUN source=CIFAR100 target=TinyImageNet seed=4 labels=5000 accuracy=3.3600% seconds=2.7
RUN source=CIFAR100 target=TinyImageNet seed=5 labels=5000 accuracy=3.5500% seconds=2.8
RUN source=CIFAR100 target=TinyImageNet seed=6 labels=5000 accuracy=2.9500% seconds=2.8
RUN source=CIFAR100 target=TinyImageNet seed=7 labels=5000 accuracy=3.2000% seconds=2.8
RUN source=CIFAR100 target=TinyImageNet seed=8 labels=5000 accuracy=3.3100% seconds=2.8
RUN source=CIFAR100 target=TinyImageNet seed=9 labels=5000 accuracy=3.2400% seconds=2.8
COMPLETE source=CIFAR100 target=TinyImageNet n=10 mean=3.2710 std=0.23378282950344384
RUN source=CIFAR100 target=CIFAR10 seed=0 labels=500 accuracy=32.1100% seconds=1.2
RUN source=CIFAR100 target=CIFAR10 seed=1 labels=500 accuracy=32.3600% seconds=0.8
RUN source=CIFAR100 target=CIFAR10 seed=2 labels=500 accuracy=30.6100% seconds=0.8
RUN source=CIFAR100 target=CIFAR10 seed=3 labels=500 accuracy=31.2400% seconds=0.8
RUN source=CIFAR100 target=CIFAR10 seed=4 labels=500 accuracy=31.1400% seconds=0.8
RUN source=CIFAR100 target=CIFAR10 seed=5 labels=500 accuracy=31.7800% seconds=0.8
RUN source=CIFAR100 target=CIFAR10 seed=6 labels=500 accuracy=30.4700% seconds=0.8
RUN source=CIFAR100 target=CIFAR10 seed=7 labels=500 accuracy=31.7500% seconds=0.8
RUN source=CIFAR100 target=CIFAR10 seed=8 labels=500 accuracy=30.7800% seconds=0.8
RUN source=CIFAR100 target=CIFAR10 seed=9 labels=500 accuracy=31.7200% seconds=0.8
COMPLETE source=CIFAR100 target=CIFAR10 n=10 mean=31.3960 std=0.6464814115870254
RUN source=CIFAR100 target=CIFAR10 seed=0 labels=2500 accuracy=37.3900% seconds=2.0
RUN source=CIFAR100 target=CIFAR10 seed=1 labels=2500 accuracy=38.2800% seconds=1.6
RUN source=CIFAR100 target=CIFAR10 seed=2 labels=2500 accuracy=37.1300% seconds=1.6
RUN source=CIFAR100 target=CIFAR10 seed=3 labels=2500 accuracy=37.5900% seconds=1.6
RUN source=CIFAR100 target=CIFAR10 seed=4 labels=2500 accuracy=37.8100% seconds=1.6
RUN source=CIFAR100 target=CIFAR10 seed=5 labels=2500 accuracy=37.3100% seconds=1.6
RUN source=CIFAR100 target=CIFAR10 seed=6 labels=2500 accuracy=36.8400% seconds=1.6
RUN source=CIFAR100 target=CIFAR10 seed=7 labels=2500 accuracy=36.9800% seconds=1.6
RUN source=CIFAR100 target=CIFAR10 seed=8 labels=2500 accuracy=37.0400% seconds=1.6
RUN source=CIFAR100 target=CIFAR10 seed=9 labels=2500 accuracy=37.2400% seconds=1.6
COMPLETE source=CIFAR100 target=CIFAR10 n=10 mean=37.3610 std=0.4332935412571604
RUN source=CIFAR100 target=Aircraft seed=0 labels=66 accuracy=1.9802% seconds=0.8
RUN source=CIFAR100 target=Aircraft seed=1 labels=66 accuracy=2.3402% seconds=0.4
RUN source=CIFAR100 target=Aircraft seed=2 labels=66 accuracy=2.0702% seconds=0.4
RUN source=CIFAR100 target=Aircraft seed=3 labels=66 accuracy=2.0402% seconds=0.4
RUN source=CIFAR100 target=Aircraft seed=4 labels=66 accuracy=2.2202% seconds=0.4
RUN source=CIFAR100 target=Aircraft seed=5 labels=66 accuracy=1.5302% seconds=0.4
RUN source=CIFAR100 target=Aircraft seed=6 labels=66 accuracy=2.0402% seconds=0.4
RUN source=CIFAR100 target=Aircraft seed=7 labels=66 accuracy=1.8002% seconds=0.4
RUN source=CIFAR100 target=Aircraft seed=8 labels=66 accuracy=2.1902% seconds=0.4
RUN source=CIFAR100 target=Aircraft seed=9 labels=66 accuracy=2.2502% seconds=0.4
COMPLETE source=CIFAR100 target=Aircraft n=10 mean=2.0462 std=0.23826739528729224
RUN source=CIFAR100 target=Aircraft seed=0 labels=333 accuracy=2.6403% seconds=0.8
RUN source=CIFAR100 target=Aircraft seed=1 labels=333 accuracy=2.5203% seconds=0.5
RUN source=CIFAR100 target=Aircraft seed=2 labels=333 accuracy=2.6703% seconds=0.4
RUN source=CIFAR100 target=Aircraft seed=3 labels=333 accuracy=3.1203% seconds=0.4
RUN source=CIFAR100 target=Aircraft seed=4 labels=333 accuracy=2.2202% seconds=0.4
RUN source=CIFAR100 target=Aircraft seed=5 labels=333 accuracy=2.8503% seconds=0.4
RUN source=CIFAR100 target=Aircraft seed=6 labels=333 accuracy=2.5803% seconds=0.4
RUN source=CIFAR100 target=Aircraft seed=7 labels=333 accuracy=2.5503% seconds=0.4
RUN source=CIFAR100 target=Aircraft seed=8 labels=333 accuracy=2.6703% seconds=0.4
RUN source=CIFAR100 target=Aircraft seed=9 labels=333 accuracy=2.2202% seconds=0.4
COMPLETE source=CIFAR100 target=Aircraft n=10 mean=2.6043 std=0.26715961628974627
RUN source=CIFAR100 target=CUB2011 seed=0 labels=59 accuracy=0.8975% seconds=0.9
RUN source=CIFAR100 target=CUB2011 seed=1 labels=59 accuracy=0.9665% seconds=0.5
RUN source=CIFAR100 target=CUB2011 seed=2 labels=59 accuracy=0.6904% seconds=0.5
RUN source=CIFAR100 target=CUB2011 seed=3 labels=59 accuracy=0.8457% seconds=0.5
RUN source=CIFAR100 target=CUB2011 seed=4 labels=59 accuracy=0.6386% seconds=0.5
RUN source=CIFAR100 target=CUB2011 seed=5 labels=59 accuracy=0.9320% seconds=0.5
RUN source=CIFAR100 target=CUB2011 seed=6 labels=59 accuracy=0.8630% seconds=0.5
RUN source=CIFAR100 target=CUB2011 seed=7 labels=59 accuracy=0.6731% seconds=0.5
RUN source=CIFAR100 target=CUB2011 seed=8 labels=59 accuracy=0.9838% seconds=0.5
RUN source=CIFAR100 target=CUB2011 seed=9 labels=59 accuracy=0.8284% seconds=0.5
COMPLETE source=CIFAR100 target=CUB2011 n=10 mean=0.8319 std=0.12440490430202929
RUN source=CIFAR100 target=CUB2011 seed=0 labels=299 accuracy=1.2081% seconds=0.9
RUN source=CIFAR100 target=CUB2011 seed=1 labels=299 accuracy=1.3462% seconds=0.5
RUN source=CIFAR100 target=CUB2011 seed=2 labels=299 accuracy=0.7594% seconds=0.5
RUN source=CIFAR100 target=CUB2011 seed=3 labels=299 accuracy=0.9665% seconds=0.5
RUN source=CIFAR100 target=CUB2011 seed=4 labels=299 accuracy=0.8457% seconds=0.5
RUN source=CIFAR100 target=CUB2011 seed=5 labels=299 accuracy=1.2944% seconds=0.5
RUN source=CIFAR100 target=CUB2011 seed=6 labels=299 accuracy=1.1909% seconds=0.5
RUN source=CIFAR100 target=CUB2011 seed=7 labels=299 accuracy=1.1909% seconds=0.5
RUN source=CIFAR100 target=CUB2011 seed=8 labels=299 accuracy=0.9838% seconds=0.5
RUN source=CIFAR100 target=CUB2011 seed=9 labels=299 accuracy=1.1736% seconds=0.5
COMPLETE source=CIFAR100 target=CUB2011 n=10 mean=1.0960 std=0.19547770301329598
RUN source=CIFAR100 target=Dogs seed=0 labels=120 accuracy=1.6550% seconds=0.9
RUN source=CIFAR100 target=Dogs seed=1 labels=120 accuracy=1.6667% seconds=0.6
RUN source=CIFAR100 target=Dogs seed=2 labels=120 accuracy=1.4103% seconds=0.5
RUN source=CIFAR100 target=Dogs seed=3 labels=120 accuracy=1.4219% seconds=0.5
RUN source=CIFAR100 target=Dogs seed=4 labels=120 accuracy=1.7366% seconds=0.5
RUN source=CIFAR100 target=Dogs seed=5 labels=120 accuracy=1.2354% seconds=0.5
RUN source=CIFAR100 target=Dogs seed=6 labels=120 accuracy=1.5618% seconds=0.5
RUN source=CIFAR100 target=Dogs seed=7 labels=120 accuracy=1.5501% seconds=0.5
RUN source=CIFAR100 target=Dogs seed=8 labels=120 accuracy=1.2937% seconds=0.5
RUN source=CIFAR100 target=Dogs seed=9 labels=120 accuracy=1.3753% seconds=0.5
COMPLETE source=CIFAR100 target=Dogs n=10 mean=1.4907 std=0.16849007229644733
RUN source=CIFAR100 target=Dogs seed=0 labels=600 accuracy=1.6783% seconds=1.1
RUN source=CIFAR100 target=Dogs seed=1 labels=600 accuracy=2.2378% seconds=0.7
RUN source=CIFAR100 target=Dogs seed=2 labels=600 accuracy=2.0396% seconds=0.7
RUN source=CIFAR100 target=Dogs seed=3 labels=600 accuracy=1.8065% seconds=0.7
RUN source=CIFAR100 target=Dogs seed=4 labels=600 accuracy=2.6224% seconds=0.7
RUN source=CIFAR100 target=Dogs seed=5 labels=600 accuracy=1.7249% seconds=0.7
RUN source=CIFAR100 target=Dogs seed=6 labels=600 accuracy=2.3543% seconds=0.7
RUN source=CIFAR100 target=Dogs seed=7 labels=600 accuracy=2.1562% seconds=0.7
RUN source=CIFAR100 target=Dogs seed=8 labels=600 accuracy=2.1096% seconds=0.7
RUN source=CIFAR100 target=Dogs seed=9 labels=600 accuracy=2.1212% seconds=0.7
COMPLETE source=CIFAR100 target=Dogs n=10 mean=2.0851 std=0.2917868205473403
RUN source=CIFAR100 target=Flowers seed=0 labels=10 accuracy=1.7564% seconds=0.9
RUN source=CIFAR100 target=Flowers seed=1 labels=10 accuracy=2.6020% seconds=0.5
RUN source=CIFAR100 target=Flowers seed=2 labels=10 accuracy=1.2360% seconds=0.5
RUN source=CIFAR100 target=Flowers seed=3 labels=10 accuracy=1.5612% seconds=0.5
RUN source=CIFAR100 target=Flowers seed=4 labels=10 accuracy=1.5287% seconds=0.5
RUN source=CIFAR100 target=Flowers seed=5 labels=10 accuracy=3.0574% seconds=0.5
RUN source=CIFAR100 target=Flowers seed=6 labels=10 accuracy=2.3581% seconds=0.5
RUN source=CIFAR100 target=Flowers seed=7 labels=10 accuracy=1.5775% seconds=0.5
RUN source=CIFAR100 target=Flowers seed=8 labels=10 accuracy=2.7809% seconds=0.5
RUN source=CIFAR100 target=Flowers seed=9 labels=10 accuracy=1.5450% seconds=0.5
COMPLETE source=CIFAR100 target=Flowers n=10 mean=2.0003 std=0.6378762449849771
RUN source=CIFAR100 target=Flowers seed=0 labels=51 accuracy=2.7484% seconds=0.8
RUN source=CIFAR100 target=Flowers seed=1 labels=51 accuracy=2.3093% seconds=0.4
RUN source=CIFAR100 target=Flowers seed=2 labels=51 accuracy=3.7567% seconds=0.4
RUN source=CIFAR100 target=Flowers seed=3 labels=51 accuracy=3.7892% seconds=0.4
RUN source=CIFAR100 target=Flowers seed=4 labels=51 accuracy=2.4394% seconds=0.4
RUN source=CIFAR100 target=Flowers seed=5 labels=51 accuracy=3.0574% seconds=0.4
RUN source=CIFAR100 target=Flowers seed=6 labels=51 accuracy=3.2851% seconds=0.4
RUN source=CIFAR100 target=Flowers seed=7 labels=51 accuracy=2.6508% seconds=0.4
RUN source=CIFAR100 target=Flowers seed=8 labels=51 accuracy=2.7647% seconds=0.4
RUN source=CIFAR100 target=Flowers seed=9 labels=51 accuracy=1.9353% seconds=0.4
COMPLETE source=CIFAR100 target=Flowers n=10 mean=2.8736 std=0.6042361693019115
