RUN source=CIFAR100 target=TinyImageNet seed=0 labels=1000 accuracy=1.5500% seconds=1.6
RUN source=CIFAR100 target=TinyImageNet seed=1 labels=1000 accuracy=1.7700% seconds=1.3
RUN source=CIFAR100 target=TinyImageNet seed=2 labels=1000 accuracy=1.4100% seconds=1.3
RUN source=CIFAR100 target=TinyImageNet seed=3 labels=1000 accuracy=1.4000% seconds=1.6
RUN source=CIFAR100 target=TinyImageNet seed=4 labels=1000 accuracy=1.3300% seconds=1.3
RUN source=CIFAR100 target=TinyImageNet seed=5 labels=1000 accuracy=1.8800% seconds=1.3
RUN source=CIFAR100 target=TinyImageNet seed=6 labels=1000 accuracy=1.7700% seconds=1.3
RUN source=CIFAR100 target=TinyImageNet seed=7 labels=1000 accuracy=1.0900% seconds=1.3
RUN source=CIFAR100 target=TinyImageNet seed=8 labels=1000 accuracy=2.0200% seconds=1.2
RUN source=CIFAR100 target=TinyImageNet seed=9 labels=1000 accuracy=1.7200% seconds=1.2
COMPLETE source=CIFAR100 target=TinyImageNet n=10 mean=1.5940 std=0.28640296289822065
RUN source=CIFAR100 target=TinyImageNet seed=0 labels=5000 accuracy=2.4900% seconds=3.2
RUN source=CIFAR100 target=TinyImageNet seed=1 labels=5000 accuracy=2.0700% seconds=2.9
RUN source=CIFAR100 target=TinyImageNet seed=2 labels=5000 accuracy=2.3800% seconds=2.9
RUN source=CIFAR100 target=TinyImageNet seed=3 labels=5000 accuracy=2.5300% seconds=2.9
RUN source=CIFAR100 target=TinyImageNet seed=4 labels=5000 accuracy=1.9700% seconds=2.9
RUN source=CIFAR100 target=TinyImageNet seed=5 labels=5000 accuracy=2.6600% seconds=2.9
RUN source=CIFAR100 target=TinyImageNet seed=6 labels=5000 accuracy=2.0400% seconds=2.9
RUN source=CIFAR100 target=TinyImageNet seed=7 labels=5000 accuracy=2.1300% seconds=2.9
RUN source=CIFAR100 target=TinyImageNet seed=8 labels=5000 accuracy=2.8300% seconds=2.9
RUN source=CIFAR100 target=TinyImageNet seed=9 labels=5000 accuracy=2.2900% seconds=2.9
COMPLETE source=CIFAR100 target=TinyImageNet n=10 mean=2.3390 std=0.2884999223241841
RUN source=CIFAR100 target=CIFAR10 seed=0 labels=500 accuracy=31.7900% seconds=1.2
RUN source=CIFAR100 target=CIFAR10 seed=1 labels=500 accuracy=27.7700% seconds=0.8
RUN source=CIFAR100 target=CIFAR10 seed=2 labels=500 accuracy=29.8900% seconds=0.8
RUN source=CIFAR100 target=CIFAR10 seed=3 labels=500 accuracy=29.3100% seconds=0.8
RUN source=CIFAR100 target=CIFAR10 seed=4 labels=500 accuracy=27.6300% seconds=0.8
RUN source=CIFAR100 target=CIFAR10 seed=5 labels=500 accuracy=29.7800% seconds=0.8
RUN source=CIFAR100 target=CIFAR10 seed=6 labels=500 accuracy=26.6400% seconds=0.8
RUN source=CIFAR100 target=CIFAR10 seed=7 labels=500 accuracy=29.7700% seconds=0.8
RUN source=CIFAR100 target=CIFAR10 seed=8 labels=500 accuracy=28.5900% seconds=0.8
RUN source=CIFAR100 target=CIFAR10 seed=9 labels=500 accuracy=29.8900% seconds=0.8
COMPLETE source=CIFAR100 target=CIFAR10 n=10 mean=29.1060 std=1.4787700127034413
RUN source=CIFAR100 target=CIFAR10 seed=0 labels=2500 accuracy=34.9100% seconds=2.0
RUN source=CIFAR100 target=CIFAR10 seed=1 labels=2500 accuracy=33.5700% seconds=1.7
RUN source=CIFAR100 target=CIFAR10 seed=2 labels=2500 accuracy=34.1400% seconds=1.6
RUN source=CIFAR100 target=CIFAR10 seed=3 labels=2500 accuracy=33.3000% seconds=1.6
RUN source=CIFAR100 target=CIFAR10 seed=4 labels=2500 accuracy=31.9900% seconds=1.6
RUN source=CIFAR100 target=CIFAR10 seed=5 labels=2500 accuracy=34.4500% seconds=1.6
RUN source=CIFAR100 target=CIFAR10 seed=6 labels=2500 accuracy=32.4800% seconds=1.6
RUN source=CIFAR100 target=CIFAR10 seed=7 labels=2500 accuracy=33.5200% seconds=1.6
RUN source=CIFAR100 target=CIFAR10 seed=8 labels=2500 accuracy=34.5200% seconds=1.6
RUN source=CIFAR100 target=CIFAR10 seed=9 labels=2500 accuracy=33.9800% seconds=1.6
COMPLETE source=CIFAR100 target=CIFAR10 n=10 mean=33.6860 std=0.918382708408168
RUN source=CIFAR100 target=Aircraft seed=0 labels=66 accuracy=1.8302% seconds=0.8
RUN source=CIFAR100 target=Aircraft seed=1 labels=66 accuracy=2.1302% seconds=0.4
RUN source=CIFAR100 target=Aircraft seed=2 labels=66 accuracy=1.7702% seconds=0.4
RUN source=CIFAR100 target=Aircraft seed=3 labels=66 accuracy=2.0102% seconds=0.4
RUN source=CIFAR100 target=Aircraft seed=4 labels=66 accuracy=1.3801% seconds=0.4
RUN source=CIFAR100 target=Aircraft seed=5 labels=66 accuracy=1.4101% seconds=0.4
RUN source=CIFAR100 target=Aircraft seed=6 labels=66 accuracy=2.3702% seconds=0.4
RUN source=CIFAR100 target=Aircraft seed=7 labels=66 accuracy=1.7102% seconds=0.4
RUN source=CIFAR100 target=Aircraft seed=8 labels=66 accuracy=1.9202% seconds=0.4
RUN source=CIFAR100 target=Aircraft seed=9 labels=66 accuracy=1.9802% seconds=0.4
COMPLETE source=CIFAR100 target=Aircraft n=10 mean=1.8512 std=0.3050059344101489
RUN source=CIFAR100 target=Aircraft seed=0 labels=333 accuracy=2.2202% seconds=0.9
RUN source=CIFAR100 target=Aircraft seed=1 labels=333 accuracy=1.6202% seconds=0.5
RUN source=CIFAR100 target=Aircraft seed=2 labels=333 accuracy=1.5602% seconds=0.5
RUN source=CIFAR100 target=Aircraft seed=3 labels=333 accuracy=2.4902% seconds=0.5
RUN source=CIFAR100 target=Aircraft seed=4 labels=333 accuracy=1.7402% seconds=0.5
RUN source=CIFAR100 target=Aircraft seed=5 labels=333 accuracy=2.4602% seconds=0.5
RUN source=CIFAR100 target=Aircraft seed=6 labels=333 accuracy=2.5803% seconds=0.5
RUN source=CIFAR100 target=Aircraft seed=7 labels=333 accuracy=1.7702% seconds=0.5
RUN source=CIFAR100 target=Aircraft seed=8 labels=333 accuracy=2.1902% seconds=0.5
RUN source=CIFAR100 target=Aircraft seed=9 labels=333 accuracy=1.6802% seconds=0.5
COMPLETE source=CIFAR100 target=Aircraft n=10 mean=2.0312 std=0.39779596875407697
RUN source=CIFAR100 target=CUB2011 seed=0 labels=59 accuracy=0.9665% seconds=0.9
RUN source=CIFAR100 target=CUB2011 seed=1 labels=59 accuracy=0.7939% seconds=0.5
RUN source=CIFAR100 target=CUB2011 seed=2 labels=59 accuracy=0.9320% seconds=0.5
RUN source=CIFAR100 target=CUB2011 seed=3 labels=59 accuracy=0.7767% seconds=0.5
RUN source=CIFAR100 target=CUB2011 seed=4 labels=59 accuracy=0.6731% seconds=0.5
RUN source=CIFAR100 target=CUB2011 seed=5 labels=59 accuracy=0.6731% seconds=0.5
RUN source=CIFAR100 target=CUB2011 seed=6 labels=59 accuracy=0.8112% seconds=0.5
RUN source=CIFAR100 target=CUB2011 seed=7 labels=59 accuracy=0.6559% seconds=0.5
RUN source=CIFAR100 target=CUB2011 seed=8 labels=59 accuracy=0.9320% seconds=0.5
RUN source=CIFAR100 target=CUB2011 seed=9 labels=59 accuracy=0.8112% seconds=0.5
COMPLETE source=CIFAR100 target=CUB2011 n=10 mean=0.8026 std=0.11368698794250785
RUN source=CIFAR100 target=CUB2011 seed=0 labels=299 accuracy=0.9838% seconds=0.9
RUN source=CIFAR100 target=CUB2011 seed=1 labels=299 accuracy=0.8284% seconds=0.6
RUN source=CIFAR100 target=CUB2011 seed=2 labels=299 accuracy=0.8975% seconds=0.5
RUN source=CIFAR100 target=CUB2011 seed=3 labels=299 accuracy=0.7939% seconds=0.5
RUN source=CIFAR100 target=CUB2011 seed=4 labels=299 accuracy=0.9320% seconds=0.5
RUN source=CIFAR100 target=CUB2011 seed=5 labels=299 accuracy=1.0010% seconds=0.5
RUN source=CIFAR100 target=CUB2011 seed=6 labels=299 accuracy=0.9147% seconds=0.5
RUN source=CIFAR100 target=CUB2011 seed=7 labels=299 accuracy=0.9493% seconds=0.5
RUN source=CIFAR100 target=CUB2011 seed=8 labels=299 accuracy=0.8630% seconds=0.5
RUN source=CIFAR100 target=CUB2011 seed=9 labels=299 accuracy=0.9665% seconds=0.5
COMPLETE source=CIFAR100 target=CUB2011 n=10 mean=0.9130 std=0.06780339147425846
RUN source=CIFAR100 target=Dogs seed=0 labels=120 accuracy=1.4685% seconds=1.0
RUN source=CIFAR100 target=Dogs seed=1 labels=120 accuracy=1.3869% seconds=0.6
RUN source=CIFAR100 target=Dogs seed=2 labels=120 accuracy=1.4219% seconds=0.6
RUN source=CIFAR100 target=Dogs seed=3 labels=120 accuracy=1.3403% seconds=0.6
RUN source=CIFAR100 target=Dogs seed=4 labels=120 accuracy=1.4103% seconds=0.6
RUN source=CIFAR100 target=Dogs seed=5 labels=120 accuracy=1.3403% seconds=0.6
RUN source=CIFAR100 target=Dogs seed=6 labels=120 accuracy=1.2821% seconds=0.6
RUN source=CIFAR100 target=Dogs seed=7 labels=120 accuracy=1.3287% seconds=0.6
RUN source=CIFAR100 target=Dogs seed=8 labels=120 accuracy=1.1655% seconds=0.6
RUN source=CIFAR100 target=Dogs seed=9 labels=120 accuracy=1.6317% seconds=0.6
COMPLETE source=CIFAR100 target=Dogs n=10 mean=1.3776 std=0.12258402702614839
RUN source=CIFAR100 target=Dogs seed=0 labels=600 accuracy=1.3520% seconds=1.1
RUN source=CIFAR100 target=Dogs seed=1 labels=600 accuracy=1.9114% seconds=0.8
RUN source=CIFAR100 target=Dogs seed=2 labels=600 accuracy=1.6550% seconds=0.7
RUN source=CIFAR100 target=Dogs seed=3 labels=600 accuracy=1.4918% seconds=0.7
RUN source=CIFAR100 target=Dogs seed=4 labels=600 accuracy=1.7016% seconds=0.7
RUN source=CIFAR100 target=Dogs seed=5 labels=600 accuracy=1.5618% seconds=0.7
RUN source=CIFAR100 target=Dogs seed=6 labels=600 accuracy=1.9697% seconds=0.7
RUN source=CIFAR100 target=Dogs seed=7 labels=600 accuracy=1.4452% seconds=0.7
RUN source=CIFAR100 target=Dogs seed=8 labels=600 accuracy=1.8881% seconds=0.7
RUN source=CIFAR100 target=Dogs seed=9 labels=600 accuracy=1.3170% seconds=0.7
COMPLETE source=CIFAR100 target=Dogs n=10 mean=1.6294 std=0.23572722003815014
RUN source=CIFAR100 target=Flowers seed=0 labels=10 accuracy=1.8377% seconds=0.9
RUN source=CIFAR100 target=Flowers seed=1 labels=10 accuracy=2.0329% seconds=0.5
RUN source=CIFAR100 target=Flowers seed=2 labels=10 accuracy=1.4637% seconds=0.5
RUN source=CIFAR100 target=Flowers seed=3 labels=10 accuracy=1.4962% seconds=0.5
RUN source=CIFAR100 target=Flowers seed=4 labels=10 accuracy=1.2685% seconds=0.5
RUN source=CIFAR100 target=Flowers seed=5 labels=10 accuracy=2.6020% seconds=0.5
RUN source=CIFAR100 target=Flowers seed=6 labels=10 accuracy=2.3906% seconds=0.5
RUN source=CIFAR100 target=Flowers seed=7 labels=10 accuracy=1.7239% seconds=0.5
RUN source=CIFAR100 target=Flowers seed=8 labels=10 accuracy=2.5533% seconds=0.5
RUN source=CIFAR100 target=Flowers seed=9 labels=10 accuracy=1.6751% seconds=0.5
COMPLETE source=CIFAR100 target=Flowers n=10 mean=1.9044 std=0.4732355576674357
RUN source=CIFAR100 target=Flowers seed=0 labels=51 accuracy=2.0816% seconds=0.8
RUN source=CIFAR100 target=Flowers seed=1 labels=51 accuracy=1.9190% seconds=0.4
RUN source=CIFAR100 target=Flowers seed=2 labels=51 accuracy=2.9598% seconds=0.4
RUN source=CIFAR100 target=Flowers seed=3 labels=51 accuracy=2.8460% seconds=0.4
RUN source=CIFAR100 target=Flowers seed=4 labels=51 accuracy=1.9353% seconds=0.4
RUN source=CIFAR100 target=Flowers seed=5 labels=51 accuracy=2.7809% seconds=0.4
RUN source=CIFAR100 target=Flowers seed=6 labels=51 accuracy=3.0899% seconds=0.4
RUN source=CIFAR100 target=Flowers seed=7 labels=51 accuracy=2.9924% seconds=0.4
RUN source=CIFAR100 target=Flowers seed=8 labels=51 accuracy=4.2771% seconds=0.4
RUN source=CIFAR100 target=Flowers seed=9 labels=51 accuracy=1.7401% seconds=0.4
COMPLETE source=CIFAR100 target=Flowers n=10 mean=2.6622 std=0.7677105478670367
