RUN source=CIFAR10 target=CIFAR100 model=ResNet18 ssl=simclr size=2 seed=0 labels=500 accuracy=5.8200% seconds=3.9
RUN source=CIFAR10 target=CIFAR100 model=ResNet18 ssl=simclr size=2 seed=1 labels=500 accuracy=5.8800% seconds=2.8
RUN source=CIFAR10 target=CIFAR100 model=ResNet18 ssl=simclr size=2 seed=2 labels=500 accuracy=5.7200% seconds=2.8
RUN source=CIFAR10 target=CIFAR100 model=ResNet18 ssl=simclr size=2 seed=3 labels=500 accuracy=4.9000% seconds=2.8
RUN source=CIFAR10 target=CIFAR100 model=ResNet18 ssl=simclr size=2 seed=4 labels=500 accuracy=5.0300% seconds=2.8
RUN source=CIFAR10 target=CIFAR100 model=ResNet18 ssl=simclr size=2 seed=5 labels=500 accuracy=5.3100% seconds=2.8
RUN source=CIFAR10 target=CIFAR100 model=ResNet18 ssl=simclr size=2 seed=6 labels=500 accuracy=5.2200% seconds=2.8
RUN source=CIFAR10 target=CIFAR100 model=ResNet18 ssl=simclr size=2 seed=7 labels=500 accuracy=4.2700% seconds=3.0
RUN source=CIFAR10 target=CIFAR100 model=ResNet18 ssl=simclr size=2 seed=8 labels=500 accuracy=5.7600% seconds=2.8
RUN source=CIFAR10 target=CIFAR100 model=ResNet18 ssl=simclr size=2 seed=9 labels=500 accuracy=5.3200% seconds=2.8
COMPLETE source=CIFAR10 target=CIFAR100 model=ResNet18 n=10 mean=5.3230 std=0.5044479493295616
RUN source=CIFAR10 target=CIFAR100 model=ResNet18 ssl=simclr size=2 seed=0 labels=2500 accuracy=8.6600% seconds=6.7
RUN source=CIFAR10 target=CIFAR100 model=ResNet18 ssl=simclr size=2 seed=1 labels=2500 accuracy=9.5400% seconds=5.7
RUN source=CIFAR10 target=CIFAR100 model=ResNet18 ssl=simclr size=2 seed=2 labels=2500 accuracy=9.5900% seconds=5.6
RUN source=CIFAR10 target=CIFAR100 model=ResNet18 ssl=simclr size=2 seed=3 labels=2500 accuracy=9.0000% seconds=5.6
RUN source=CIFAR10 target=CIFAR100 model=ResNet18 ssl=simclr size=2 seed=4 labels=2500 accuracy=8.7600% seconds=5.6
RUN source=CIFAR10 target=CIFAR100 model=ResNet18 ssl=simclr size=2 seed=5 labels=2500 accuracy=8.9100% seconds=5.7
RUN source=CIFAR10 target=CIFAR100 model=ResNet18 ssl=simclr size=2 seed=6 labels=2500 accuracy=8.8800% seconds=5.6
RUN source=CIFAR10 target=CIFAR100 model=ResNet18 ssl=simclr size=2 seed=7 labels=2500 accuracy=8.4900% seconds=5.6
RUN source=CIFAR10 target=CIFAR100 model=ResNet18 ssl=simclr size=2 seed=8 labels=2500 accuracy=9.4900% seconds=5.7
RUN source=CIFAR10 target=CIFAR100 model=ResNet18 ssl=simclr size=2 seed=9 labels=2500 accuracy=8.5700% seconds=5.7
COMPLETE source=CIFAR10 target=CIFAR100 model=ResNet18 n=10 mean=8.9890 std=0.4108649238375889
RUN source=CIFAR10 target=Aircraft model=ResNet18 ssl=simclr size=2 seed=0 labels=66 accuracy=1.9802% seconds=2.6
RUN source=CIFAR10 target=Aircraft model=ResNet18 ssl=simclr size=2 seed=1 labels=66 accuracy=2.1902% seconds=1.4
RUN source=CIFAR10 target=Aircraft model=ResNet18 ssl=simclr size=2 seed=2 labels=66 accuracy=2.1302% seconds=1.4
RUN source=CIFAR10 target=Aircraft model=ResNet18 ssl=simclr size=2 seed=3 labels=66 accuracy=2.1602% seconds=1.4
RUN source=CIFAR10 target=Aircraft model=ResNet18 ssl=simclr size=2 seed=4 labels=66 accuracy=2.0702% seconds=1.4
RUN source=CIFAR10 target=Aircraft model=ResNet18 ssl=simclr size=2 seed=5 labels=66 accuracy=1.2601% seconds=1.4
RUN source=CIFAR10 target=Aircraft model=ResNet18 ssl=simclr size=2 seed=6 labels=66 accuracy=2.7603% seconds=1.4
RUN source=CIFAR10 target=Aircraft model=ResNet18 ssl=simclr size=2 seed=7 labels=66 accuracy=1.8302% seconds=1.4
RUN source=CIFAR10 target=Aircraft model=ResNet18 ssl=simclr size=2 seed=8 labels=66 accuracy=2.2502% seconds=1.4
RUN source=CIFAR10 target=Aircraft model=ResNet18 ssl=simclr size=2 seed=9 labels=66 accuracy=2.1602% seconds=1.4
COMPLETE source=CIFAR10 target=Aircraft model=ResNet18 n=10 mean=2.0792 std=0.3747506483165693
RUN source=CIFAR10 target=Aircraft model=ResNet18 ssl=simclr size=2 seed=0 labels=333 accuracy=2.7603% seconds=2.7
RUN source=CIFAR10 target=Aircraft model=ResNet18 ssl=simclr size=2 seed=1 labels=333 accuracy=3.2403% seconds=1.6
RUN source=CIFAR10 target=Aircraft model=ResNet18 ssl=simclr size=2 seed=2 labels=333 accuracy=2.4902% seconds=1.5
RUN source=CIFAR10 target=Aircraft model=ResNet18 ssl=simclr size=2 seed=3 labels=333 accuracy=2.9103% seconds=1.5
RUN source=CIFAR10 target=Aircraft model=ResNet18 ssl=simclr size=2 seed=4 labels=333 accuracy=2.4302% seconds=1.5
RUN source=CIFAR10 target=Aircraft model=ResNet18 ssl=simclr size=2 seed=5 labels=333 accuracy=2.7003% seconds=1.5
RUN source=CIFAR10 target=Aircraft model=ResNet18 ssl=simclr size=2 seed=6 labels=333 accuracy=2.5803% seconds=1.5
RUN source=CIFAR10 target=Aircraft model=ResNet18 ssl=simclr size=2 seed=7 labels=333 accuracy=2.7603% seconds=1.5
RUN source=CIFAR10 target=Aircraft model=ResNet18 ssl=simclr size=2 seed=8 labels=333 accuracy=2.6703% seconds=1.5
RUN source=CIFAR10 target=Aircraft model=ResNet18 ssl=simclr size=2 seed=9 labels=333 accuracy=2.3702% seconds=1.5
COMPLETE source=CIFAR10 target=Aircraft model=ResNet18 n=10 mean=2.6913 std=0.2546035013515604
RUN source=CIFAR10 target=CUB2011 model=ResNet18 ssl=simclr size=2 seed=0 labels=59 accuracy=0.8630% seconds=2.8
RUN source=CIFAR10 target=CUB2011 model=ResNet18 ssl=simclr size=2 seed=1 labels=59 accuracy=1.0873% seconds=1.7
RUN source=CIFAR10 target=CUB2011 model=ResNet18 ssl=simclr size=2 seed=2 labels=59 accuracy=0.8975% seconds=1.6
RUN source=CIFAR10 target=CUB2011 model=ResNet18 ssl=simclr size=2 seed=3 labels=59 accuracy=0.8802% seconds=1.6
RUN source=CIFAR10 target=CUB2011 model=ResNet18 ssl=simclr size=2 seed=4 labels=59 accuracy=0.6213% seconds=1.6
RUN source=CIFAR10 target=CUB2011 model=ResNet18 ssl=simclr size=2 seed=5 labels=59 accuracy=0.8975% seconds=1.6
RUN source=CIFAR10 target=CUB2011 model=ResNet18 ssl=simclr size=2 seed=6 labels=59 accuracy=0.9320% seconds=1.6
RUN source=CIFAR10 target=CUB2011 model=ResNet18 ssl=simclr size=2 seed=7 labels=59 accuracy=0.9147% seconds=1.6
RUN source=CIFAR10 target=CUB2011 model=ResNet18 ssl=simclr size=2 seed=8 labels=59 accuracy=1.2772% seconds=1.5
RUN source=CIFAR10 target=CUB2011 model=ResNet18 ssl=simclr size=2 seed=9 labels=59 accuracy=1.1046% seconds=1.6
COMPLETE source=CIFAR10 target=CUB2011 model=ResNet18 n=10 mean=0.9475 std=0.17553016229007912
RUN source=CIFAR10 target=CUB2011 model=ResNet18 ssl=simclr size=2 seed=0 labels=299 accuracy=1.3807% seconds=2.9
RUN source=CIFAR10 target=CUB2011 model=ResNet18 ssl=simclr size=2 seed=1 labels=299 accuracy=1.3290% seconds=1.8
RUN source=CIFAR10 target=CUB2011 model=ResNet18 ssl=simclr size=2 seed=2 labels=299 accuracy=0.9838% seconds=1.8
RUN source=CIFAR10 target=CUB2011 model=ResNet18 ssl=simclr size=2 seed=3 labels=299 accuracy=1.0010% seconds=1.8
RUN source=CIFAR10 target=CUB2011 model=ResNet18 ssl=simclr size=2 seed=4 labels=299 accuracy=1.5706% seconds=1.8
RUN source=CIFAR10 target=CUB2011 model=ResNet18 ssl=simclr size=2 seed=5 labels=299 accuracy=1.4498% seconds=1.8
RUN source=CIFAR10 target=CUB2011 model=ResNet18 ssl=simclr size=2 seed=6 labels=299 accuracy=1.5188% seconds=1.8
RUN source=CIFAR10 target=CUB2011 model=ResNet18 ssl=simclr size=2 seed=7 labels=299 accuracy=1.3635% seconds=1.8
RUN source=CIFAR10 target=CUB2011 model=ResNet18 ssl=simclr size=2 seed=8 labels=299 accuracy=1.2081% seconds=1.8
RUN source=CIFAR10 target=CUB2011 model=ResNet18 ssl=simclr size=2 seed=9 labels=299 accuracy=1.3117% seconds=1.7
COMPLETE source=CIFAR10 target=CUB2011 model=ResNet18 n=10 mean=1.3117 std=0.19762471064050174
RUN source=CIFAR10 target=Dogs model=ResNet18 ssl=simclr size=2 seed=0 labels=120 accuracy=1.9114% seconds=3.0
RUN source=CIFAR10 target=Dogs model=ResNet18 ssl=simclr size=2 seed=1 labels=120 accuracy=1.3054% seconds=1.9
RUN source=CIFAR10 target=Dogs model=ResNet18 ssl=simclr size=2 seed=2 labels=120 accuracy=1.4569% seconds=1.9
RUN source=CIFAR10 target=Dogs model=ResNet18 ssl=simclr size=2 seed=3 labels=120 accuracy=1.2471% seconds=1.9
RUN source=CIFAR10 target=Dogs model=ResNet18 ssl=simclr size=2 seed=4 labels=120 accuracy=1.4802% seconds=1.9
RUN source=CIFAR10 target=Dogs model=ResNet18 ssl=simclr size=2 seed=5 labels=120 accuracy=1.2121% seconds=1.9
RUN source=CIFAR10 target=Dogs model=ResNet18 ssl=simclr size=2 seed=6 labels=120 accuracy=1.2238% seconds=1.9
RUN source=CIFAR10 target=Dogs model=ResNet18 ssl=simclr size=2 seed=7 labels=120 accuracy=1.3054% seconds=1.9
RUN source=CIFAR10 target=Dogs model=ResNet18 ssl=simclr size=2 seed=8 labels=120 accuracy=1.0606% seconds=1.9
RUN source=CIFAR10 target=Dogs model=ResNet18 ssl=simclr size=2 seed=9 labels=120 accuracy=1.5152% seconds=1.9
COMPLETE source=CIFAR10 target=Dogs model=ResNet18 n=10 mean=1.3718 std=0.23555107434593478
RUN source=CIFAR10 target=Dogs model=ResNet18 ssl=simclr size=2 seed=0 labels=600 accuracy=1.5035% seconds=3.6
RUN source=CIFAR10 target=Dogs model=ResNet18 ssl=simclr size=2 seed=1 labels=600 accuracy=1.9231% seconds=2.4
RUN source=CIFAR10 target=Dogs model=ResNet18 ssl=simclr size=2 seed=2 labels=600 accuracy=1.6667% seconds=2.4
RUN source=CIFAR10 target=Dogs model=ResNet18 ssl=simclr size=2 seed=3 labels=600 accuracy=1.6667% seconds=2.4
RUN source=CIFAR10 target=Dogs model=ResNet18 ssl=simclr size=2 seed=4 labels=600 accuracy=1.9697% seconds=2.4
RUN source=CIFAR10 target=Dogs model=ResNet18 ssl=simclr size=2 seed=5 labels=600 accuracy=1.3869% seconds=2.4
RUN source=CIFAR10 target=Dogs model=ResNet18 ssl=simclr size=2 seed=6 labels=600 accuracy=1.9580% seconds=2.4
RUN source=CIFAR10 target=Dogs model=ResNet18 ssl=simclr size=2 seed=7 labels=600 accuracy=1.8531% seconds=2.4
RUN source=CIFAR10 target=Dogs model=ResNet18 ssl=simclr size=2 seed=8 labels=600 accuracy=1.8065% seconds=2.4
RUN source=CIFAR10 target=Dogs model=ResNet18 ssl=simclr size=2 seed=9 labels=600 accuracy=1.9580% seconds=2.4
COMPLETE source=CIFAR10 target=Dogs model=ResNet18 n=10 mean=1.7692 std=0.20585389561793396
RUN source=CIFAR10 target=Flowers model=ResNet18 ssl=simclr size=2 seed=0 labels=10 accuracy=1.8702% seconds=2.9
RUN source=CIFAR10 target=Flowers model=ResNet18 ssl=simclr size=2 seed=1 labels=10 accuracy=2.4069% seconds=1.7
RUN source=CIFAR10 target=Flowers model=ResNet18 ssl=simclr size=2 seed=2 labels=10 accuracy=2.7484% seconds=1.6
RUN source=CIFAR10 target=Flowers model=ResNet18 ssl=simclr size=2 seed=3 labels=10 accuracy=1.6588% seconds=1.6
RUN source=CIFAR10 target=Flowers model=ResNet18 ssl=simclr size=2 seed=4 labels=10 accuracy=1.8540% seconds=1.6
RUN source=CIFAR10 target=Flowers model=ResNet18 ssl=simclr size=2 seed=5 labels=10 accuracy=2.6671% seconds=1.6
RUN source=CIFAR10 target=Flowers model=ResNet18 ssl=simclr size=2 seed=6 labels=10 accuracy=1.4799% seconds=1.6
RUN source=CIFAR10 target=Flowers model=ResNet18 ssl=simclr size=2 seed=7 labels=10 accuracy=2.5533% seconds=1.6
RUN source=CIFAR10 target=Flowers model=ResNet18 ssl=simclr size=2 seed=8 labels=10 accuracy=1.9353% seconds=1.6
RUN source=CIFAR10 target=Flowers model=ResNet18 ssl=simclr size=2 seed=9 labels=10 accuracy=0.8457% seconds=1.6
COMPLETE source=CIFAR10 target=Flowers model=ResNet18 n=10 mean=2.0020 std=0.599862747293904
RUN source=CIFAR10 target=Flowers model=ResNet18 ssl=simclr size=2 seed=0 labels=51 accuracy=3.0086% seconds=2.6
RUN source=CIFAR10 target=Flowers model=ResNet18 ssl=simclr size=2 seed=1 labels=51 accuracy=2.9110% seconds=1.4
RUN source=CIFAR10 target=Flowers model=ResNet18 ssl=simclr size=2 seed=2 labels=51 accuracy=4.6349% seconds=1.3
RUN source=CIFAR10 target=Flowers model=ResNet18 ssl=simclr size=2 seed=3 labels=51 accuracy=2.8460% seconds=1.4
RUN source=CIFAR10 target=Flowers model=ResNet18 ssl=simclr size=2 seed=4 labels=51 accuracy=2.5695% seconds=1.4
RUN source=CIFAR10 target=Flowers model=ResNet18 ssl=simclr size=2 seed=5 labels=51 accuracy=2.3093% seconds=1.3
RUN source=CIFAR10 target=Flowers model=ResNet18 ssl=simclr size=2 seed=6 labels=51 accuracy=3.1225% seconds=1.3
RUN source=CIFAR10 target=Flowers model=ResNet18 ssl=simclr size=2 seed=7 labels=51 accuracy=3.6103% seconds=1.3
RUN source=CIFAR10 target=Flowers model=ResNet18 ssl=simclr size=2 seed=8 labels=51 accuracy=4.5048% seconds=1.3
RUN source=CIFAR10 target=Flowers model=ResNet18 ssl=simclr size=2 seed=9 labels=51 accuracy=2.3093% seconds=1.4
COMPLETE source=CIFAR10 target=Flowers model=ResNet18 n=10 mean=3.1826 std=0.8274717031611167
RUN source=CIFAR10 target=TinyImageNet model=ResNet18 ssl=simclr size=2 seed=0 labels=1000 accuracy=1.8600% seconds=5.3
RUN source=CIFAR10 target=TinyImageNet model=ResNet18 ssl=simclr size=2 seed=1 labels=1000 accuracy=2.5100% seconds=4.2
RUN source=CIFAR10 target=TinyImageNet model=ResNet18 ssl=simclr size=2 seed=2 labels=1000 accuracy=2.2100% seconds=4.2
RUN source=CIFAR10 target=TinyImageNet model=ResNet18 ssl=simclr size=2 seed=3 labels=1000 accuracy=1.3800% seconds=4.1
RUN source=CIFAR10 target=TinyImageNet model=ResNet18 ssl=simclr size=2 seed=4 labels=1000 accuracy=1.9400% seconds=4.1
RUN source=CIFAR10 target=TinyImageNet model=ResNet18 ssl=simclr size=2 seed=5 labels=1000 accuracy=2.1500% seconds=4.1
RUN source=CIFAR10 target=TinyImageNet model=ResNet18 ssl=simclr size=2 seed=6 labels=1000 accuracy=2.0500% seconds=4.1
RUN source=CIFAR10 target=TinyImageNet model=ResNet18 ssl=simclr size=2 seed=7 labels=1000 accuracy=1.6000% seconds=4.2
RUN source=CIFAR10 target=TinyImageNet model=ResNet18 ssl=simclr size=2 seed=8 labels=1000 accuracy=2.2400% seconds=4.2
RUN source=CIFAR10 target=TinyImageNet model=ResNet18 ssl=simclr size=2 seed=9 labels=1000 accuracy=2.0600% seconds=4.2
COMPLETE source=CIFAR10 target=TinyImageNet model=ResNet18 n=10 mean=2.0000 std=0.3262582565258014
RUN source=CIFAR10 target=TinyImageNet model=ResNet18 ssl=simclr size=2 seed=0 labels=5000 accuracy=3.2800% seconds=11.0
RUN source=CIFAR10 target=TinyImageNet model=ResNet18 ssl=simclr size=2 seed=1 labels=5000 accuracy=3.5800% seconds=9.8
RUN source=CIFAR10 target=TinyImageNet model=ResNet18 ssl=simclr size=2 seed=2 labels=5000 accuracy=3.2200% seconds=9.8
RUN source=CIFAR10 target=TinyImageNet model=ResNet18 ssl=simclr size=2 seed=3 labels=5000 accuracy=2.9900% seconds=9.8
RUN source=CIFAR10 target=TinyImageNet model=ResNet18 ssl=simclr size=2 seed=4 labels=5000 accuracy=3.1100% seconds=9.9
RUN source=CIFAR10 target=TinyImageNet model=ResNet18 ssl=simclr size=2 seed=5 labels=5000 accuracy=3.1900% seconds=9.8
RUN source=CIFAR10 target=TinyImageNet model=ResNet18 ssl=simclr size=2 seed=6 labels=5000 accuracy=3.1500% seconds=9.9
RUN source=CIFAR10 target=TinyImageNet model=ResNet18 ssl=simclr size=2 seed=7 labels=5000 accuracy=3.1200% seconds=9.8
RUN source=CIFAR10 target=TinyImageNet model=ResNet18 ssl=simclr size=2 seed=8 labels=5000 accuracy=3.5000% seconds=9.9
RUN source=CIFAR10 target=TinyImageNet model=ResNet18 ssl=simclr size=2 seed=9 labels=5000 accuracy=3.1300% seconds=9.8
COMPLETE source=CIFAR10 target=TinyImageNet model=ResNet18 n=10 mean=3.2270 std=0.18257721736697483
