RUN source=CIFAR10 target=CIFAR100 model=ResNet18 ssl=simclr size=1 seed=0 labels=500 accuracy=4.8900% seconds=1.3
RUN source=CIFAR10 target=CIFAR100 model=ResNet18 ssl=simclr size=1 seed=1 labels=500 accuracy=5.5600% seconds=0.9
RUN source=CIFAR10 target=CIFAR100 model=ResNet18 ssl=simclr size=1 seed=2 labels=500 accuracy=5.4400% seconds=0.9
RUN source=CIFAR10 target=CIFAR100 model=ResNet18 ssl=simclr size=1 seed=3 labels=500 accuracy=4.4000% seconds=0.9
RUN source=CIFAR10 target=CIFAR100 model=ResNet18 ssl=simclr size=1 seed=4 labels=500 accuracy=5.0000% seconds=0.9
RUN source=CIFAR10 target=CIFAR100 model=ResNet18 ssl=simclr size=1 seed=5 labels=500 accuracy=5.1300% seconds=0.9
RUN source=CIFAR10 target=CIFAR100 model=ResNet18 ssl=simclr size=1 seed=6 labels=500 accuracy=5.2600% seconds=0.9
RUN source=CIFAR10 target=CIFAR100 model=ResNet18 ssl=simclr size=1 seed=7 labels=500 accuracy=4.3200% seconds=0.9
RUN source=CIFAR10 target=CIFAR100 model=ResNet18 ssl=simclr size=1 seed=8 labels=500 accuracy=5.5100% seconds=0.9
RUN source=CIFAR10 target=CIFAR100 model=ResNet18 ssl=simclr size=1 seed=9 labels=500 accuracy=4.2900% seconds=0.9
COMPLETE source=CIFAR10 target=CIFAR100 model=ResNet18 n=10 mean=4.9800 std=0.49288265269458537
RUN source=CIFAR10 target=CIFAR100 model=ResNet18 ssl=simclr size=1 seed=0 labels=2500 accuracy=7.9100% seconds=2.1
RUN source=CIFAR10 target=CIFAR100 model=ResNet18 ssl=simclr size=1 seed=1 labels=2500 accuracy=8.7500% seconds=1.7
RUN source=CIFAR10 target=CIFAR100 model=ResNet18 ssl=simclr size=1 seed=2 labels=2500 accuracy=9.1800% seconds=1.7
RUN source=CIFAR10 target=CIFAR100 model=ResNet18 ssl=simclr size=1 seed=3 labels=2500 accuracy=8.0300% seconds=1.7
RUN source=CIFAR10 target=CIFAR100 model=ResNet18 ssl=simclr size=1 seed=4 labels=2500 accuracy=8.8300% seconds=1.7
RUN source=CIFAR10 target=CIFAR100 model=ResNet18 ssl=simclr size=1 seed=5 labels=2500 accuracy=8.4000% seconds=1.7
RUN source=CIFAR10 target=CIFAR100 model=ResNet18 ssl=simclr size=1 seed=6 labels=2500 accuracy=9.3300% seconds=1.7
RUN source=CIFAR10 target=CIFAR100 model=ResNet18 ssl=simclr size=1 seed=7 labels=2500 accuracy=8.7500% seconds=1.7
RUN source=CIFAR10 target=CIFAR100 model=ResNet18 ssl=simclr size=1 seed=8 labels=2500 accuracy=9.2400% seconds=1.7
RUN source=CIFAR10 target=CIFAR100 model=ResNet18 ssl=simclr size=1 seed=9 labels=2500 accuracy=8.1300% seconds=1.7
COMPLETE source=CIFAR10 target=CIFAR100 model=ResNet18 n=10 mean=8.6550 std=0.5173061143901246
RUN source=CIFAR10 target=Aircraft model=ResNet18 ssl=simclr size=1 seed=0 labels=66 accuracy=2.1002% seconds=0.9
RUN source=CIFAR10 target=Aircraft model=ResNet18 ssl=simclr size=1 seed=1 labels=66 accuracy=2.0102% seconds=0.4
RUN source=CIFAR10 target=Aircraft model=ResNet18 ssl=simclr size=1 seed=2 labels=66 accuracy=2.1602% seconds=0.4
RUN source=CIFAR10 target=Aircraft model=ResNet18 ssl=simclr size=1 seed=3 labels=66 accuracy=2.1902% seconds=0.4
RUN source=CIFAR10 target=Aircraft model=ResNet18 ssl=simclr size=1 seed=4 labels=66 accuracy=1.6802% seconds=0.4
RUN source=CIFAR10 target=Aircraft model=ResNet18 ssl=simclr size=1 seed=5 labels=66 accuracy=1.7102% seconds=0.4
RUN source=CIFAR10 target=Aircraft model=ResNet18 ssl=simclr size=1 seed=6 labels=66 accuracy=2.4902% seconds=0.4
RUN source=CIFAR10 target=Aircraft model=ResNet18 ssl=simclr size=1 seed=7 labels=66 accuracy=2.3102% seconds=0.4
RUN source=CIFAR10 target=Aircraft model=ResNet18 ssl=simclr size=1 seed=8 labels=66 accuracy=2.1602% seconds=0.4
RUN source=CIFAR10 target=Aircraft model=ResNet18 ssl=simclr size=1 seed=9 labels=66 accuracy=2.3702% seconds=0.4
COMPLETE source=CIFAR10 target=Aircraft model=ResNet18 n=10 mean=2.1182 std=0.26201857491071334
RUN source=CIFAR10 target=Aircraft model=ResNet18 ssl=simclr size=1 seed=0 labels=333 accuracy=3.1503% seconds=0.9
RUN source=CIFAR10 target=Aircraft model=ResNet18 ssl=simclr size=1 seed=1 labels=333 accuracy=2.7603% seconds=0.5
RUN source=CIFAR10 target=Aircraft model=ResNet18 ssl=simclr size=1 seed=2 labels=333 accuracy=2.7603% seconds=0.5
RUN source=CIFAR10 target=Aircraft model=ResNet18 ssl=simclr size=1 seed=3 labels=333 accuracy=3.2703% seconds=0.5
RUN source=CIFAR10 target=Aircraft model=ResNet18 ssl=simclr size=1 seed=4 labels=333 accuracy=2.5803% seconds=0.5
RUN source=CIFAR10 target=Aircraft model=ResNet18 ssl=simclr size=1 seed=5 labels=333 accuracy=2.4002% seconds=0.5
RUN source=CIFAR10 target=Aircraft model=ResNet18 ssl=simclr size=1 seed=6 labels=333 accuracy=3.0003% seconds=0.5
RUN source=CIFAR10 target=Aircraft model=ResNet18 ssl=simclr size=1 seed=7 labels=333 accuracy=3.4203% seconds=0.5
RUN source=CIFAR10 target=Aircraft model=ResNet18 ssl=simclr size=1 seed=8 labels=333 accuracy=2.9403% seconds=0.5
RUN source=CIFAR10 target=Aircraft model=ResNet18 ssl=simclr size=1 seed=9 labels=333 accuracy=2.7303% seconds=0.5
COMPLETE source=CIFAR10 target=Aircraft model=ResNet18 n=10 mean=2.9013 std=0.31659126890354417
RUN source=CIFAR10 target=CUB2011 model=ResNet18 ssl=simclr size=1 seed=0 labels=59 accuracy=0.7076% seconds=0.9
RUN source=CIFAR10 target=CUB2011 model=ResNet18 ssl=simclr size=1 seed=1 labels=59 accuracy=1.1564% seconds=0.5
RUN source=CIFAR10 target=CUB2011 model=ResNet18 ssl=simclr size=1 seed=2 labels=59 accuracy=0.9147% seconds=0.5
RUN source=CIFAR10 target=CUB2011 model=ResNet18 ssl=simclr size=1 seed=3 labels=59 accuracy=0.8802% seconds=0.5
RUN source=CIFAR10 target=CUB2011 model=ResNet18 ssl=simclr size=1 seed=4 labels=59 accuracy=0.7421% seconds=0.5
RUN source=CIFAR10 target=CUB2011 model=ResNet18 ssl=simclr size=1 seed=5 labels=59 accuracy=1.0183% seconds=0.5
RUN source=CIFAR10 target=CUB2011 model=ResNet18 ssl=simclr size=1 seed=6 labels=59 accuracy=1.1046% seconds=0.5
RUN source=CIFAR10 target=CUB2011 model=ResNet18 ssl=simclr size=1 seed=7 labels=59 accuracy=0.8975% seconds=0.5
RUN source=CIFAR10 target=CUB2011 model=ResNet18 ssl=simclr size=1 seed=8 labels=59 accuracy=1.1219% seconds=0.5
RUN source=CIFAR10 target=CUB2011 model=ResNet18 ssl=simclr size=1 seed=9 labels=59 accuracy=0.6559% seconds=0.5
COMPLETE source=CIFAR10 target=CUB2011 model=ResNet18 n=10 mean=0.9199 std=0.1791878386895691
RUN source=CIFAR10 target=CUB2011 model=ResNet18 ssl=simclr size=1 seed=0 labels=299 accuracy=1.0701% seconds=1.0
RUN source=CIFAR10 target=CUB2011 model=ResNet18 ssl=simclr size=1 seed=1 labels=299 accuracy=1.1909% seconds=0.6
RUN source=CIFAR10 target=CUB2011 model=ResNet18 ssl=simclr size=1 seed=2 labels=299 accuracy=1.1046% seconds=0.5
RUN source=CIFAR10 target=CUB2011 model=ResNet18 ssl=simclr size=1 seed=3 labels=299 accuracy=0.6559% seconds=0.5
RUN source=CIFAR10 target=CUB2011 model=ResNet18 ssl=simclr size=1 seed=4 labels=299 accuracy=1.1736% seconds=0.6
RUN source=CIFAR10 target=CUB2011 model=ResNet18 ssl=simclr size=1 seed=5 labels=299 accuracy=1.1564% seconds=0.5
RUN source=CIFAR10 target=CUB2011 model=ResNet18 ssl=simclr size=1 seed=6 labels=299 accuracy=1.0873% seconds=0.5
RUN source=CIFAR10 target=CUB2011 model=ResNet18 ssl=simclr size=1 seed=7 labels=299 accuracy=1.2081% seconds=0.5
RUN source=CIFAR10 target=CUB2011 model=ResNet18 ssl=simclr size=1 seed=8 labels=299 accuracy=1.0701% seconds=0.6
RUN source=CIFAR10 target=CUB2011 model=ResNet18 ssl=simclr size=1 seed=9 labels=299 accuracy=1.0183% seconds=0.6
COMPLETE source=CIFAR10 target=CUB2011 model=ResNet18 n=10 mean=1.0735 std=0.15897660683065967
RUN source=CIFAR10 target=Dogs model=ResNet18 ssl=simclr size=1 seed=0 labels=120 accuracy=1.5851% seconds=1.0
RUN source=CIFAR10 target=Dogs model=ResNet18 ssl=simclr size=1 seed=1 labels=120 accuracy=1.0839% seconds=0.6
RUN source=CIFAR10 target=Dogs model=ResNet18 ssl=simclr size=1 seed=2 labels=120 accuracy=1.2121% seconds=0.6
RUN source=CIFAR10 target=Dogs model=ResNet18 ssl=simclr size=1 seed=3 labels=120 accuracy=1.1305% seconds=0.6
RUN source=CIFAR10 target=Dogs model=ResNet18 ssl=simclr size=1 seed=4 labels=120 accuracy=1.3986% seconds=0.6
RUN source=CIFAR10 target=Dogs model=ResNet18 ssl=simclr size=1 seed=5 labels=120 accuracy=1.0606% seconds=0.6
RUN source=CIFAR10 target=Dogs model=ResNet18 ssl=simclr size=1 seed=6 labels=120 accuracy=1.4802% seconds=0.6
RUN source=CIFAR10 target=Dogs model=ResNet18 ssl=simclr size=1 seed=7 labels=120 accuracy=1.4569% seconds=0.6
RUN source=CIFAR10 target=Dogs model=ResNet18 ssl=simclr size=1 seed=8 labels=120 accuracy=1.2238% seconds=0.6
RUN source=CIFAR10 target=Dogs model=ResNet18 ssl=simclr size=1 seed=9 labels=120 accuracy=1.3054% seconds=0.6
COMPLETE source=CIFAR10 target=Dogs model=ResNet18 n=10 mean=1.2937 std=0.18072577614427188
RUN source=CIFAR10 target=Dogs model=ResNet18 ssl=simclr size=1 seed=0 labels=600 accuracy=1.5152% seconds=1.2
RUN source=CIFAR10 target=Dogs model=ResNet18 ssl=simclr size=1 seed=1 labels=600 accuracy=1.8881% seconds=0.8
RUN source=CIFAR10 target=Dogs model=ResNet18 ssl=simclr size=1 seed=2 labels=600 accuracy=1.6200% seconds=0.8
RUN source=CIFAR10 target=Dogs model=ResNet18 ssl=simclr size=1 seed=3 labels=600 accuracy=1.5734% seconds=0.8
RUN source=CIFAR10 target=Dogs model=ResNet18 ssl=simclr size=1 seed=4 labels=600 accuracy=2.1445% seconds=0.8
RUN source=CIFAR10 target=Dogs model=ResNet18 ssl=simclr size=1 seed=5 labels=600 accuracy=1.6667% seconds=0.8
RUN source=CIFAR10 target=Dogs model=ResNet18 ssl=simclr size=1 seed=6 labels=600 accuracy=2.1445% seconds=0.8
RUN source=CIFAR10 target=Dogs model=ResNet18 ssl=simclr size=1 seed=7 labels=600 accuracy=1.8998% seconds=0.8
RUN source=CIFAR10 target=Dogs model=ResNet18 ssl=simclr size=1 seed=8 labels=600 accuracy=1.6550% seconds=0.8
RUN source=CIFAR10 target=Dogs model=ResNet18 ssl=simclr size=1 seed=9 labels=600 accuracy=1.7366% seconds=0.8
COMPLETE source=CIFAR10 target=Dogs model=ResNet18 n=10 mean=1.7844 std=0.22616264234233033
RUN source=CIFAR10 target=Flowers model=ResNet18 ssl=simclr size=1 seed=0 labels=10 accuracy=2.0329% seconds=1.0
RUN source=CIFAR10 target=Flowers model=ResNet18 ssl=simclr size=1 seed=1 labels=10 accuracy=2.2443% seconds=0.5
RUN source=CIFAR10 target=Flowers model=ResNet18 ssl=simclr size=1 seed=2 labels=10 accuracy=2.9273% seconds=0.5
RUN source=CIFAR10 target=Flowers model=ResNet18 ssl=simclr size=1 seed=3 labels=10 accuracy=1.7076% seconds=0.5
RUN source=CIFAR10 target=Flowers model=ResNet18 ssl=simclr size=1 seed=4 labels=10 accuracy=1.8377% seconds=0.5
RUN source=CIFAR10 target=Flowers model=ResNet18 ssl=simclr size=1 seed=5 labels=10 accuracy=3.0574% seconds=0.5
RUN source=CIFAR10 target=Flowers model=ResNet18 ssl=simclr size=1 seed=6 labels=10 accuracy=1.5938% seconds=0.5
RUN source=CIFAR10 target=Flowers model=ResNet18 ssl=simclr size=1 seed=7 labels=10 accuracy=2.6996% seconds=0.5
RUN source=CIFAR10 target=Flowers model=ResNet18 ssl=simclr size=1 seed=8 labels=10 accuracy=2.3906% seconds=0.5
RUN source=CIFAR10 target=Flowers model=ResNet18 ssl=simclr size=1 seed=9 labels=10 accuracy=0.9432% seconds=0.5
COMPLETE source=CIFAR10 target=Flowers model=ResNet18 n=10 mean=2.1434 std=0.6556329804699074
RUN source=CIFAR10 target=Flowers model=ResNet18 ssl=simclr size=1 seed=0 labels=51 accuracy=2.7322% seconds=0.9
RUN source=CIFAR10 target=Flowers model=ResNet18 ssl=simclr size=1 seed=1 labels=51 accuracy=2.7809% seconds=0.4
RUN source=CIFAR10 target=Flowers model=ResNet18 ssl=simclr size=1 seed=2 labels=51 accuracy=4.1633% seconds=0.4
RUN source=CIFAR10 target=Flowers model=ResNet18 ssl=simclr size=1 seed=3 labels=51 accuracy=2.8460% seconds=0.4
RUN source=CIFAR10 target=Flowers model=ResNet18 ssl=simclr size=1 seed=4 labels=51 accuracy=2.8623% seconds=0.4
RUN source=CIFAR10 target=Flowers model=ResNet18 ssl=simclr size=1 seed=5 labels=51 accuracy=3.4152% seconds=0.4
RUN source=CIFAR10 target=Flowers model=ResNet18 ssl=simclr size=1 seed=6 labels=51 accuracy=3.1225% seconds=0.4
RUN source=CIFAR10 target=Flowers model=ResNet18 ssl=simclr size=1 seed=7 labels=51 accuracy=3.7730% seconds=0.4
RUN source=CIFAR10 target=Flowers model=ResNet18 ssl=simclr size=1 seed=8 labels=51 accuracy=5.0252% seconds=0.4
RUN source=CIFAR10 target=Flowers model=ResNet18 ssl=simclr size=1 seed=9 labels=51 accuracy=1.9190% seconds=0.4
COMPLETE source=CIFAR10 target=Flowers model=ResNet18 n=10 mean=3.2639 std=0.8739331728029233
RUN source=CIFAR10 target=TinyImageNet model=ResNet18 ssl=simclr size=1 seed=0 labels=1000 accuracy=1.4700% seconds=1.6
RUN source=CIFAR10 target=TinyImageNet model=ResNet18 ssl=simclr size=1 seed=1 labels=1000 accuracy=2.3700% seconds=1.2
RUN source=CIFAR10 target=TinyImageNet model=ResNet18 ssl=simclr size=1 seed=2 labels=1000 accuracy=1.7200% seconds=1.2
RUN source=CIFAR10 target=TinyImageNet model=ResNet18 ssl=simclr size=1 seed=3 labels=1000 accuracy=1.1700% seconds=1.2
RUN source=CIFAR10 target=TinyImageNet model=ResNet18 ssl=simclr size=1 seed=4 labels=1000 accuracy=1.8600% seconds=1.2
RUN source=CIFAR10 target=TinyImageNet model=ResNet18 ssl=simclr size=1 seed=5 labels=1000 accuracy=2.2600% seconds=1.2
RUN source=CIFAR10 target=TinyImageNet model=ResNet18 ssl=simclr size=1 seed=6 labels=1000 accuracy=2.0800% seconds=1.3
RUN source=CIFAR10 target=TinyImageNet model=ResNet18 ssl=simclr size=1 seed=7 labels=1000 accuracy=1.5200% seconds=1.2
RUN source=CIFAR10 target=TinyImageNet model=ResNet18 ssl=simclr size=1 seed=8 labels=1000 accuracy=2.3700% seconds=1.2
RUN source=CIFAR10 target=TinyImageNet model=ResNet18 ssl=simclr size=1 seed=9 labels=1000 accuracy=1.7400% seconds=1.2
COMPLETE source=CIFAR10 target=TinyImageNet model=ResNet18 n=10 mean=1.8560 std=0.4090965454873908
RUN source=CIFAR10 target=TinyImageNet model=ResNet18 ssl=simclr size=1 seed=0 labels=5000 accuracy=2.8500% seconds=3.2
RUN source=CIFAR10 target=TinyImageNet model=ResNet18 ssl=simclr size=1 seed=1 labels=5000 accuracy=3.4000% seconds=2.9
RUN source=CIFAR10 target=TinyImageNet model=ResNet18 ssl=simclr size=1 seed=2 labels=5000 accuracy=2.8800% seconds=2.9
RUN source=CIFAR10 target=TinyImageNet model=ResNet18 ssl=simclr size=1 seed=3 labels=5000 accuracy=2.4300% seconds=2.9
RUN source=CIFAR10 target=TinyImageNet model=ResNet18 ssl=simclr size=1 seed=4 labels=5000 accuracy=3.1400% seconds=2.9
RUN source=CIFAR10 target=TinyImageNet model=ResNet18 ssl=simclr size=1 seed=5 labels=5000 accuracy=3.1900% seconds=2.9
RUN source=CIFAR10 target=TinyImageNet model=ResNet18 ssl=simclr size=1 seed=6 labels=5000 accuracy=3.0000% seconds=2.9
RUN source=CIFAR10 target=TinyImageNet model=ResNet18 ssl=simclr size=1 seed=7 labels=5000 accuracy=3.2100% seconds=2.9
RUN source=CIFAR10 target=TinyImageNet model=ResNet18 ssl=simclr size=1 seed=8 labels=5000 accuracy=3.6500% seconds=2.9
RUN source=CIFAR10 target=TinyImageNet model=ResNet18 ssl=simclr size=1 seed=9 labels=5000 accuracy=2.4000% seconds=2.9
COMPLETE source=CIFAR10 target=TinyImageNet model=ResNet18 n=10 mean=3.0150 std=0.39466578773004635
