RUN source=CIFAR100 target=TinyImageNet model=ResNet18 ssl=barlowtwins size=1 seed=0 labels=1000 accuracy=1.1100% seconds=1.7
RUN source=CIFAR100 target=TinyImageNet model=ResNet18 ssl=barlowtwins size=1 seed=1 labels=1000 accuracy=1.0500% seconds=1.2
RUN source=CIFAR100 target=TinyImageNet model=ResNet18 ssl=barlowtwins size=1 seed=2 labels=1000 accuracy=0.9000% seconds=1.2
RUN source=CIFAR100 target=TinyImageNet model=ResNet18 ssl=barlowtwins size=1 seed=3 labels=1000 accuracy=0.7200% seconds=1.2
RUN source=CIFAR100 target=TinyImageNet model=ResNet18 ssl=barlowtwins size=1 seed=4 labels=1000 accuracy=0.9900% seconds=1.2
RUN source=CIFAR100 target=TinyImageNet model=ResNet18 ssl=barlowtwins size=1 seed=5 labels=1000 accuracy=1.6000% seconds=1.2
RUN source=CIFAR100 target=TinyImageNet model=ResNet18 ssl=barlowtwins size=1 seed=6 labels=1000 accuracy=1.0900% seconds=1.2
RUN source=CIFAR100 target=TinyImageNet model=ResNet18 ssl=barlowtwins size=1 seed=7 labels=1000 accuracy=1.2300% seconds=1.2
RUN source=CIFAR100 target=TinyImageNet model=ResNet18 ssl=barlowtwins size=1 seed=8 labels=1000 accuracy=1.2200% seconds=1.2
RUN source=CIFAR100 target=TinyImageNet model=ResNet18 ssl=barlowtwins size=1 seed=9 labels=1000 accuracy=1.2400% seconds=1.2
COMPLETE source=CIFAR100 target=TinyImageNet model=ResNet18 n=10 mean=1.1150 std=0.23519492948124857
RUN source=CIFAR100 target=TinyImageNet model=ResNet18 ssl=barlowtwins size=1 seed=0 labels=5000 accuracy=2.1200% seconds=3.2
RUN source=CIFAR100 target=TinyImageNet model=ResNet18 ssl=barlowtwins size=1 seed=1 labels=5000 accuracy=1.4900% seconds=2.8
RUN source=CIFAR100 target=TinyImageNet model=ResNet18 ssl=barlowtwins size=1 seed=2 labels=5000 accuracy=1.5800% seconds=2.9
RUN source=CIFAR100 target=TinyImageNet model=ResNet18 ssl=barlowtwins size=1 seed=3 labels=5000 accuracy=1.6100% seconds=2.8
RUN source=CIFAR100 target=TinyImageNet model=ResNet18 ssl=barlowtwins size=1 seed=4 labels=5000 accuracy=1.4400% seconds=2.8
RUN source=CIFAR100 target=TinyImageNet model=ResNet18 ssl=barlowtwins size=1 seed=5 labels=5000 accuracy=2.4900% seconds=2.8
RUN source=CIFAR100 target=TinyImageNet model=ResNet18 ssl=barlowtwins size=1 seed=6 labels=5000 accuracy=1.4800% seconds=2.8
RUN source=CIFAR100 target=TinyImageNet model=ResNet18 ssl=barlowtwins size=1 seed=7 labels=5000 accuracy=1.5500% seconds=2.8
RUN source=CIFAR100 target=TinyImageNet model=ResNet18 ssl=barlowtwins size=1 seed=8 labels=5000 accuracy=1.8500% seconds=2.8
RUN source=CIFAR100 target=TinyImageNet model=ResNet18 ssl=barlowtwins size=1 seed=9 labels=5000 accuracy=1.8400% seconds=2.8
COMPLETE source=CIFAR100 target=TinyImageNet model=ResNet18 n=10 mean=1.7450 std=0.3378773383667412
RUN source=CIFAR100 target=CIFAR10 model=ResNet18 ssl=barlowtwins size=1 seed=0 labels=500 accuracy=26.3700% seconds=1.2
RUN source=CIFAR100 target=CIFAR10 model=ResNet18 ssl=barlowtwins size=1 seed=1 labels=500 accuracy=21.5500% seconds=0.8
RUN source=CIFAR100 target=CIFAR10 model=ResNet18 ssl=barlowtwins size=1 seed=2 labels=500 accuracy=24.4200% seconds=0.8
RUN source=CIFAR100 target=CIFAR10 model=ResNet18 ssl=barlowtwins size=1 seed=3 labels=500 accuracy=22.4600% seconds=0.8
RUN source=CIFAR100 target=CIFAR10 model=ResNet18 ssl=barlowtwins size=1 seed=4 labels=500 accuracy=22.5500% seconds=0.8
RUN source=CIFAR100 target=CIFAR10 model=ResNet18 ssl=barlowtwins size=1 seed=5 labels=500 accuracy=26.5300% seconds=0.8
RUN source=CIFAR100 target=CIFAR10 model=ResNet18 ssl=barlowtwins size=1 seed=6 labels=500 accuracy=20.0700% seconds=0.8
RUN source=CIFAR100 target=CIFAR10 model=ResNet18 ssl=barlowtwins size=1 seed=7 labels=500 accuracy=20.9600% seconds=0.8
RUN source=CIFAR100 target=CIFAR10 model=ResNet18 ssl=barlowtwins size=1 seed=8 labels=500 accuracy=24.4500% seconds=0.8
RUN source=CIFAR100 target=CIFAR10 model=ResNet18 ssl=barlowtwins size=1 seed=9 labels=500 accuracy=22.6800% seconds=0.8
COMPLETE source=CIFAR100 target=CIFAR10 model=ResNet18 n=10 mean=23.2040 std=2.1849493133938873
RUN source=CIFAR100 target=CIFAR10 model=ResNet18 ssl=barlowtwins size=1 seed=0 labels=2500 accuracy=29.0200% seconds=2.0
RUN source=CIFAR100 target=CIFAR10 model=ResNet18 ssl=barlowtwins size=1 seed=1 labels=2500 accuracy=26.3900% seconds=1.6
RUN source=CIFAR100 target=CIFAR10 model=ResNet18 ssl=barlowtwins size=1 seed=2 labels=2500 accuracy=29.2900% seconds=1.6
RUN source=CIFAR100 target=CIFAR10 model=ResNet18 ssl=barlowtwins size=1 seed=3 labels=2500 accuracy=26.1400% seconds=1.6
RUN source=CIFAR100 target=CIFAR10 model=ResNet18 ssl=barlowtwins size=1 seed=4 labels=2500 accuracy=26.3100% seconds=1.6
RUN source=CIFAR100 target=CIFAR10 model=ResNet18 ssl=barlowtwins size=1 seed=5 labels=2500 accuracy=30.1300% seconds=1.6
RUN source=CIFAR100 target=CIFAR10 model=ResNet18 ssl=barlowtwins size=1 seed=6 labels=2500 accuracy=26.5000% seconds=1.6
RUN source=CIFAR100 target=CIFAR10 model=ResNet18 ssl=barlowtwins size=1 seed=7 labels=2500 accuracy=25.0600% seconds=1.6
RUN source=CIFAR100 target=CIFAR10 model=ResNet18 ssl=barlowtwins size=1 seed=8 labels=2500 accuracy=29.5200% seconds=1.6
RUN source=CIFAR100 target=CIFAR10 model=ResNet18 ssl=barlowtwins size=1 seed=9 labels=2500 accuracy=27.7800% seconds=1.6
COMPLETE source=CIFAR100 target=CIFAR10 model=ResNet18 n=10 mean=27.6140 std=1.7610492657024328
RUN source=CIFAR100 target=Aircraft model=ResNet18 ssl=barlowtwins size=1 seed=0 labels=66 accuracy=1.8302% seconds=0.9
RUN source=CIFAR100 target=Aircraft model=ResNet18 ssl=barlowtwins size=1 seed=1 labels=66 accuracy=1.4401% seconds=0.4
RUN source=CIFAR100 target=Aircraft model=ResNet18 ssl=barlowtwins size=1 seed=2 labels=66 accuracy=1.4401% seconds=0.4
RUN source=CIFAR100 target=Aircraft model=ResNet18 ssl=barlowtwins size=1 seed=3 labels=66 accuracy=2.1302% seconds=0.4
RUN source=CIFAR100 target=Aircraft model=ResNet18 ssl=barlowtwins size=1 seed=4 labels=66 accuracy=1.3801% seconds=0.4
RUN source=CIFAR100 target=Aircraft model=ResNet18 ssl=barlowtwins size=1 seed=5 labels=66 accuracy=1.3801% seconds=0.4
RUN source=CIFAR100 target=Aircraft model=ResNet18 ssl=barlowtwins size=1 seed=6 labels=66 accuracy=1.7102% seconds=0.4
RUN source=CIFAR100 target=Aircraft model=ResNet18 ssl=barlowtwins size=1 seed=7 labels=66 accuracy=1.4701% seconds=0.4
RUN source=CIFAR100 target=Aircraft model=ResNet18 ssl=barlowtwins size=1 seed=8 labels=66 accuracy=1.8002% seconds=0.4
RUN source=CIFAR100 target=Aircraft model=ResNet18 ssl=barlowtwins size=1 seed=9 labels=66 accuracy=1.3201% seconds=0.4
COMPLETE source=CIFAR100 target=Aircraft model=ResNet18 n=10 mean=1.5902 std=0.26422332172047736
RUN source=CIFAR100 target=Aircraft model=ResNet18 ssl=barlowtwins size=1 seed=0 labels=333 accuracy=2.3702% seconds=0.9
RUN source=CIFAR100 target=Aircraft model=ResNet18 ssl=barlowtwins size=1 seed=1 labels=333 accuracy=1.8002% seconds=0.5
RUN source=CIFAR100 target=Aircraft model=ResNet18 ssl=barlowtwins size=1 seed=2 labels=333 accuracy=2.1002% seconds=0.5
RUN source=CIFAR100 target=Aircraft model=ResNet18 ssl=barlowtwins size=1 seed=3 labels=333 accuracy=2.2802% seconds=0.4
RUN source=CIFAR100 target=Aircraft model=ResNet18 ssl=barlowtwins size=1 seed=4 labels=333 accuracy=2.0402% seconds=0.4
RUN source=CIFAR100 target=Aircraft model=ResNet18 ssl=barlowtwins size=1 seed=5 labels=333 accuracy=2.0702% seconds=0.4
RUN source=CIFAR100 target=Aircraft model=ResNet18 ssl=barlowtwins size=1 seed=6 labels=333 accuracy=2.1002% seconds=0.4
RUN source=CIFAR100 target=Aircraft model=ResNet18 ssl=barlowtwins size=1 seed=7 labels=333 accuracy=2.1302% seconds=0.4
RUN source=CIFAR100 target=Aircraft model=ResNet18 ssl=barlowtwins size=1 seed=8 labels=333 accuracy=2.3702% seconds=0.4
RUN source=CIFAR100 target=Aircraft model=ResNet18 ssl=barlowtwins size=1 seed=9 labels=333 accuracy=1.6502% seconds=0.4
COMPLETE source=CIFAR100 target=Aircraft model=ResNet18 n=10 mean=2.0912 std=0.22982724514305658
RUN source=CIFAR100 target=CUB2011 model=ResNet18 ssl=barlowtwins size=1 seed=0 labels=59 accuracy=0.8112% seconds=0.9
RUN source=CIFAR100 target=CUB2011 model=ResNet18 ssl=barlowtwins size=1 seed=1 labels=59 accuracy=0.8802% seconds=0.5
RUN source=CIFAR100 target=CUB2011 model=ResNet18 ssl=barlowtwins size=1 seed=2 labels=59 accuracy=0.7594% seconds=0.5
RUN source=CIFAR100 target=CUB2011 model=ResNet18 ssl=barlowtwins size=1 seed=3 labels=59 accuracy=0.7594% seconds=0.5
RUN source=CIFAR100 target=CUB2011 model=ResNet18 ssl=barlowtwins size=1 seed=4 labels=59 accuracy=0.6213% seconds=0.5
RUN source=CIFAR100 target=CUB2011 model=ResNet18 ssl=barlowtwins size=1 seed=5 labels=59 accuracy=0.9838% seconds=0.5
RUN source=CIFAR100 target=CUB2011 model=ResNet18 ssl=barlowtwins size=1 seed=6 labels=59 accuracy=0.5523% seconds=0.5
RUN source=CIFAR100 target=CUB2011 model=ResNet18 ssl=barlowtwins size=1 seed=7 labels=59 accuracy=0.6731% seconds=0.5
RUN source=CIFAR100 target=CUB2011 model=ResNet18 ssl=barlowtwins size=1 seed=8 labels=59 accuracy=0.7594% seconds=0.5
RUN source=CIFAR100 target=CUB2011 model=ResNet18 ssl=barlowtwins size=1 seed=9 labels=59 accuracy=0.8284% seconds=0.5
COMPLETE source=CIFAR100 target=CUB2011 model=ResNet18 n=10 mean=0.7629 std=0.12546459232139895
RUN source=CIFAR100 target=CUB2011 model=ResNet18 ssl=barlowtwins size=1 seed=0 labels=299 accuracy=0.8975% seconds=0.9
RUN source=CIFAR100 target=CUB2011 model=ResNet18 ssl=barlowtwins size=1 seed=1 labels=299 accuracy=0.8112% seconds=0.5
RUN source=CIFAR100 target=CUB2011 model=ResNet18 ssl=barlowtwins size=1 seed=2 labels=299 accuracy=0.7939% seconds=0.5
RUN source=CIFAR100 target=CUB2011 model=ResNet18 ssl=barlowtwins size=1 seed=3 labels=299 accuracy=0.6041% seconds=0.5
RUN source=CIFAR100 target=CUB2011 model=ResNet18 ssl=barlowtwins size=1 seed=4 labels=299 accuracy=0.5868% seconds=0.5
RUN source=CIFAR100 target=CUB2011 model=ResNet18 ssl=barlowtwins size=1 seed=5 labels=299 accuracy=0.7249% seconds=0.5
RUN source=CIFAR100 target=CUB2011 model=ResNet18 ssl=barlowtwins size=1 seed=6 labels=299 accuracy=0.8284% seconds=0.5
RUN source=CIFAR100 target=CUB2011 model=ResNet18 ssl=barlowtwins size=1 seed=7 labels=299 accuracy=0.9493% seconds=0.5
RUN source=CIFAR100 target=CUB2011 model=ResNet18 ssl=barlowtwins size=1 seed=8 labels=299 accuracy=0.6731% seconds=0.5
RUN source=CIFAR100 target=CUB2011 model=ResNet18 ssl=barlowtwins size=1 seed=9 labels=299 accuracy=1.0183% seconds=0.5
COMPLETE source=CIFAR100 target=CUB2011 model=ResNet18 n=10 mean=0.7887 std=0.14326204348123314
RUN source=CIFAR100 target=Dogs model=ResNet18 ssl=barlowtwins size=1 seed=0 labels=120 accuracy=1.2821% seconds=1.0
RUN source=CIFAR100 target=Dogs model=ResNet18 ssl=barlowtwins size=1 seed=1 labels=120 accuracy=1.1655% seconds=0.6
RUN source=CIFAR100 target=Dogs model=ResNet18 ssl=barlowtwins size=1 seed=2 labels=120 accuracy=1.3287% seconds=0.5
RUN source=CIFAR100 target=Dogs model=ResNet18 ssl=barlowtwins size=1 seed=3 labels=120 accuracy=1.1655% seconds=0.5
RUN source=CIFAR100 target=Dogs model=ResNet18 ssl=barlowtwins size=1 seed=4 labels=120 accuracy=1.3869% seconds=0.5
RUN source=CIFAR100 target=Dogs model=ResNet18 ssl=barlowtwins size=1 seed=5 labels=120 accuracy=0.8159% seconds=0.5
RUN source=CIFAR100 target=Dogs model=ResNet18 ssl=barlowtwins size=1 seed=6 labels=120 accuracy=1.1305% seconds=0.5
RUN source=CIFAR100 target=Dogs model=ResNet18 ssl=barlowtwins size=1 seed=7 labels=120 accuracy=0.9674% seconds=0.6
RUN source=CIFAR100 target=Dogs model=ResNet18 ssl=barlowtwins size=1 seed=8 labels=120 accuracy=0.7809% seconds=0.6
RUN source=CIFAR100 target=Dogs model=ResNet18 ssl=barlowtwins size=1 seed=9 labels=120 accuracy=0.9907% seconds=0.5
COMPLETE source=CIFAR100 target=Dogs model=ResNet18 n=10 mean=1.1014 std=0.20800196840493776
RUN source=CIFAR100 target=Dogs model=ResNet18 ssl=barlowtwins size=1 seed=0 labels=600 accuracy=1.0723% seconds=1.1
RUN source=CIFAR100 target=Dogs model=ResNet18 ssl=barlowtwins size=1 seed=1 labels=600 accuracy=1.2704% seconds=0.7
RUN source=CIFAR100 target=Dogs model=ResNet18 ssl=barlowtwins size=1 seed=2 labels=600 accuracy=1.0373% seconds=0.7
RUN source=CIFAR100 target=Dogs model=ResNet18 ssl=barlowtwins size=1 seed=3 labels=600 accuracy=1.3636% seconds=0.7
RUN source=CIFAR100 target=Dogs model=ResNet18 ssl=barlowtwins size=1 seed=4 labels=600 accuracy=1.3287% seconds=0.7
RUN source=CIFAR100 target=Dogs model=ResNet18 ssl=barlowtwins size=1 seed=5 labels=600 accuracy=1.4685% seconds=0.7
RUN source=CIFAR100 target=Dogs model=ResNet18 ssl=barlowtwins size=1 seed=6 labels=600 accuracy=1.6900% seconds=0.7
RUN source=CIFAR100 target=Dogs model=ResNet18 ssl=barlowtwins size=1 seed=7 labels=600 accuracy=1.4918% seconds=0.7
RUN source=CIFAR100 target=Dogs model=ResNet18 ssl=barlowtwins size=1 seed=8 labels=600 accuracy=1.2937% seconds=0.7
RUN source=CIFAR100 target=Dogs model=ResNet18 ssl=barlowtwins size=1 seed=9 labels=600 accuracy=1.3403% seconds=0.7
COMPLETE source=CIFAR100 target=Dogs model=ResNet18 n=10 mean=1.3357 std=0.19231357069331292
RUN source=CIFAR100 target=Flowers model=ResNet18 ssl=barlowtwins size=1 seed=0 labels=10 accuracy=1.8052% seconds=0.9
RUN source=CIFAR100 target=Flowers model=ResNet18 ssl=barlowtwins size=1 seed=1 labels=10 accuracy=1.9027% seconds=0.5
RUN source=CIFAR100 target=Flowers model=ResNet18 ssl=barlowtwins size=1 seed=2 labels=10 accuracy=2.1955% seconds=0.5
RUN source=CIFAR100 target=Flowers model=ResNet18 ssl=barlowtwins size=1 seed=3 labels=10 accuracy=1.5287% seconds=0.5
RUN source=CIFAR100 target=Flowers model=ResNet18 ssl=barlowtwins size=1 seed=4 labels=10 accuracy=1.1547% seconds=0.5
RUN source=CIFAR100 target=Flowers model=ResNet18 ssl=barlowtwins size=1 seed=5 labels=10 accuracy=2.0329% seconds=0.5
RUN source=CIFAR100 target=Flowers model=ResNet18 ssl=barlowtwins size=1 seed=6 labels=10 accuracy=1.3336% seconds=0.5
RUN source=CIFAR100 target=Flowers model=ResNet18 ssl=barlowtwins size=1 seed=7 labels=10 accuracy=1.6751% seconds=0.5
RUN source=CIFAR100 target=Flowers model=ResNet18 ssl=barlowtwins size=1 seed=8 labels=10 accuracy=2.2605% seconds=0.5
RUN source=CIFAR100 target=Flowers model=ResNet18 ssl=barlowtwins size=1 seed=9 labels=10 accuracy=0.7806% seconds=0.5
COMPLETE source=CIFAR100 target=Flowers model=ResNet18 n=10 mean=1.6669 std=0.4735956016563041
RUN source=CIFAR100 target=Flowers model=ResNet18 ssl=barlowtwins size=1 seed=0 labels=51 accuracy=1.3823% seconds=0.8
RUN source=CIFAR100 target=Flowers model=ResNet18 ssl=barlowtwins size=1 seed=1 labels=51 accuracy=1.0733% seconds=0.4
RUN source=CIFAR100 target=Flowers model=ResNet18 ssl=barlowtwins size=1 seed=2 labels=51 accuracy=2.1792% seconds=0.4
RUN source=CIFAR100 target=Flowers model=ResNet18 ssl=barlowtwins size=1 seed=3 labels=51 accuracy=2.1304% seconds=0.4
RUN source=CIFAR100 target=Flowers model=ResNet18 ssl=barlowtwins size=1 seed=4 labels=51 accuracy=1.4311% seconds=0.4
RUN source=CIFAR100 target=Flowers model=ResNet18 ssl=barlowtwins size=1 seed=5 labels=51 accuracy=2.0166% seconds=0.4
RUN source=CIFAR100 target=Flowers model=ResNet18 ssl=barlowtwins size=1 seed=6 labels=51 accuracy=2.8297% seconds=0.4
RUN source=CIFAR100 target=Flowers model=ResNet18 ssl=barlowtwins size=1 seed=7 labels=51 accuracy=2.4394% seconds=0.4
RUN source=CIFAR100 target=Flowers model=ResNet18 ssl=barlowtwins size=1 seed=8 labels=51 accuracy=1.7564% seconds=0.4
RUN source=CIFAR100 target=Flowers model=ResNet18 ssl=barlowtwins size=1 seed=9 labels=51 accuracy=1.2034% seconds=0.4
COMPLETE source=CIFAR100 target=Flowers model=ResNet18 n=10 mean=1.8442 std=0.5721180655324115
