RUN source=CIFAR10 target=CIFAR100 model=ResNet18 ssl=barlowtwins size=1 seed=0 labels=500 accuracy=3.2700% seconds=1.6
RUN source=CIFAR10 target=CIFAR100 model=ResNet18 ssl=barlowtwins size=1 seed=1 labels=500 accuracy=3.2900% seconds=0.9
RUN source=CIFAR10 target=CIFAR100 model=ResNet18 ssl=barlowtwins size=1 seed=2 labels=500 accuracy=3.0900% seconds=0.9
RUN source=CIFAR10 target=CIFAR100 model=ResNet18 ssl=barlowtwins size=1 seed=3 labels=500 accuracy=3.0400% seconds=0.9
RUN source=CIFAR10 target=CIFAR100 model=ResNet18 ssl=barlowtwins size=1 seed=4 labels=500 accuracy=3.0700% seconds=0.9
RUN source=CIFAR10 target=CIFAR100 model=ResNet18 ssl=barlowtwins size=1 seed=5 labels=500 accuracy=3.0500% seconds=0.9
RUN source=CIFAR10 target=CIFAR100 model=ResNet18 ssl=barlowtwins size=1 seed=6 labels=500 accuracy=2.8500% seconds=0.9
RUN source=CIFAR10 target=CIFAR100 model=ResNet18 ssl=barlowtwins size=1 seed=7 labels=500 accuracy=2.5900% seconds=0.9
RUN source=CIFAR10 target=CIFAR100 model=ResNet18 ssl=barlowtwins size=1 seed=8 labels=500 accuracy=3.4200% seconds=0.9
RUN source=CIFAR10 target=CIFAR100 model=ResNet18 ssl=barlowtwins size=1 seed=9 labels=500 accuracy=3.0400% seconds=0.9
COMPLETE source=CIFAR10 target=CIFAR100 model=ResNet18 n=10 mean=3.0710 std=0.23387789661240507
RUN source=CIFAR10 target=CIFAR100 model=ResNet18 ssl=barlowtwins size=1 seed=0 labels=2500 accuracy=3.5000% seconds=2.0
RUN source=CIFAR10 target=CIFAR100 model=ResNet18 ssl=barlowtwins size=1 seed=1 labels=2500 accuracy=4.7300% seconds=1.6
RUN source=CIFAR10 target=CIFAR100 model=ResNet18 ssl=barlowtwins size=1 seed=2 labels=2500 accuracy=4.9700% seconds=1.6
RUN source=CIFAR10 target=CIFAR100 model=ResNet18 ssl=barlowtwins size=1 seed=3 labels=2500 accuracy=5.1300% seconds=1.6
RUN source=CIFAR10 target=CIFAR100 model=ResNet18 ssl=barlowtwins size=1 seed=4 labels=2500 accuracy=4.9700% seconds=1.6
RUN source=CIFAR10 target=CIFAR100 model=ResNet18 ssl=barlowtwins size=1 seed=5 labels=2500 accuracy=4.3200% seconds=1.6
RUN source=CIFAR10 target=CIFAR100 model=ResNet18 ssl=barlowtwins size=1 seed=6 labels=2500 accuracy=5.2700% seconds=1.6
RUN source=CIFAR10 target=CIFAR100 model=ResNet18 ssl=barlowtwins size=1 seed=7 labels=2500 accuracy=4.5100% seconds=1.6
RUN source=CIFAR10 target=CIFAR100 model=ResNet18 ssl=barlowtwins size=1 seed=8 labels=2500 accuracy=4.7000% seconds=1.6
RUN source=CIFAR10 target=CIFAR100 model=ResNet18 ssl=barlowtwins size=1 seed=9 labels=2500 accuracy=5.0600% seconds=1.6
COMPLETE source=CIFAR10 target=CIFAR100 model=ResNet18 n=10 mean=4.7160 std=0.5168322226935274
RUN source=CIFAR10 target=Aircraft model=ResNet18 ssl=barlowtwins size=1 seed=0 labels=66 accuracy=1.2001% seconds=0.8
RUN source=CIFAR10 target=Aircraft model=ResNet18 ssl=barlowtwins size=1 seed=1 labels=66 accuracy=1.9502% seconds=0.4
RUN source=CIFAR10 target=Aircraft model=ResNet18 ssl=barlowtwins size=1 seed=2 labels=66 accuracy=1.9802% seconds=0.4
RUN source=CIFAR10 target=Aircraft model=ResNet18 ssl=barlowtwins size=1 seed=3 labels=66 accuracy=1.8902% seconds=0.4
RUN source=CIFAR10 target=Aircraft model=ResNet18 ssl=barlowtwins size=1 seed=4 labels=66 accuracy=1.5002% seconds=0.4
RUN source=CIFAR10 target=Aircraft model=ResNet18 ssl=barlowtwins size=1 seed=5 labels=66 accuracy=0.9901% seconds=0.4
RUN source=CIFAR10 target=Aircraft model=ResNet18 ssl=barlowtwins size=1 seed=6 labels=66 accuracy=2.0102% seconds=0.4
RUN source=CIFAR10 target=Aircraft model=ResNet18 ssl=barlowtwins size=1 seed=7 labels=66 accuracy=1.6802% seconds=0.4
RUN source=CIFAR10 target=Aircraft model=ResNet18 ssl=barlowtwins size=1 seed=8 labels=66 accuracy=1.8002% seconds=0.4
RUN source=CIFAR10 target=Aircraft model=ResNet18 ssl=barlowtwins size=1 seed=9 labels=66 accuracy=1.3501% seconds=0.4
COMPLETE source=CIFAR10 target=Aircraft model=ResNet18 n=10 mean=1.6352 std=0.3587139735326568
RUN source=CIFAR10 target=Aircraft model=ResNet18 ssl=barlowtwins size=1 seed=0 labels=333 accuracy=1.7702% seconds=0.9
RUN source=CIFAR10 target=Aircraft model=ResNet18 ssl=barlowtwins size=1 seed=1 labels=333 accuracy=1.8002% seconds=0.5
RUN source=CIFAR10 target=Aircraft model=ResNet18 ssl=barlowtwins size=1 seed=2 labels=333 accuracy=2.3402% seconds=0.4
RUN source=CIFAR10 target=Aircraft model=ResNet18 ssl=barlowtwins size=1 seed=3 labels=333 accuracy=2.3402% seconds=0.4
RUN source=CIFAR10 target=Aircraft model=ResNet18 ssl=barlowtwins size=1 seed=4 labels=333 accuracy=1.8902% seconds=0.4
RUN source=CIFAR10 target=Aircraft model=ResNet18 ssl=barlowtwins size=1 seed=5 labels=333 accuracy=1.9802% seconds=0.4
RUN source=CIFAR10 target=Aircraft model=ResNet18 ssl=barlowtwins size=1 seed=6 labels=333 accuracy=2.6703% seconds=0.4
RUN source=CIFAR10 target=Aircraft model=ResNet18 ssl=barlowtwins size=1 seed=7 labels=333 accuracy=2.0702% seconds=0.4
RUN source=CIFAR10 target=Aircraft model=ResNet18 ssl=barlowtwins size=1 seed=8 labels=333 accuracy=2.1302% seconds=0.4
RUN source=CIFAR10 target=Aircraft model=ResNet18 ssl=barlowtwins size=1 seed=9 labels=333 accuracy=1.5902% seconds=0.4
COMPLETE source=CIFAR10 target=Aircraft model=ResNet18 n=10 mean=2.0582 std=0.32351338417310965
RUN source=CIFAR10 target=CUB2011 model=ResNet18 ssl=barlowtwins size=1 seed=0 labels=59 accuracy=0.5868% seconds=0.9
RUN source=CIFAR10 target=CUB2011 model=ResNet18 ssl=barlowtwins size=1 seed=1 labels=59 accuracy=0.5868% seconds=0.5
RUN source=CIFAR10 target=CUB2011 model=ResNet18 ssl=barlowtwins size=1 seed=2 labels=59 accuracy=0.6559% seconds=0.5
RUN source=CIFAR10 target=CUB2011 model=ResNet18 ssl=barlowtwins size=1 seed=3 labels=59 accuracy=0.6041% seconds=0.5
RUN source=CIFAR10 target=CUB2011 model=ResNet18 ssl=barlowtwins size=1 seed=4 labels=59 accuracy=0.6386% seconds=0.5
RUN source=CIFAR10 target=CUB2011 model=ResNet18 ssl=barlowtwins size=1 seed=5 labels=59 accuracy=0.9147% seconds=0.5
RUN source=CIFAR10 target=CUB2011 model=ResNet18 ssl=barlowtwins size=1 seed=6 labels=59 accuracy=0.7939% seconds=0.5
RUN source=CIFAR10 target=CUB2011 model=ResNet18 ssl=barlowtwins size=1 seed=7 labels=59 accuracy=0.8802% seconds=0.5
RUN source=CIFAR10 target=CUB2011 model=ResNet18 ssl=barlowtwins size=1 seed=8 labels=59 accuracy=0.7421% seconds=0.5
RUN source=CIFAR10 target=CUB2011 model=ResNet18 ssl=barlowtwins size=1 seed=9 labels=59 accuracy=0.7594% seconds=0.5
COMPLETE source=CIFAR10 target=CUB2011 model=ResNet18 n=10 mean=0.7163 std=0.12047170139988189
RUN source=CIFAR10 target=CUB2011 model=ResNet18 ssl=barlowtwins size=1 seed=0 labels=299 accuracy=0.7421% seconds=0.9
RUN source=CIFAR10 target=CUB2011 model=ResNet18 ssl=barlowtwins size=1 seed=1 labels=299 accuracy=0.7594% seconds=0.5
RUN source=CIFAR10 target=CUB2011 model=ResNet18 ssl=barlowtwins size=1 seed=2 labels=299 accuracy=0.5868% seconds=0.5
RUN source=CIFAR10 target=CUB2011 model=ResNet18 ssl=barlowtwins size=1 seed=3 labels=299 accuracy=0.6041% seconds=0.5
RUN source=CIFAR10 target=CUB2011 model=ResNet18 ssl=barlowtwins size=1 seed=4 labels=299 accuracy=0.6559% seconds=0.5
RUN source=CIFAR10 target=CUB2011 model=ResNet18 ssl=barlowtwins size=1 seed=5 labels=299 accuracy=1.0528% seconds=0.5
RUN source=CIFAR10 target=CUB2011 model=ResNet18 ssl=barlowtwins size=1 seed=6 labels=299 accuracy=0.8630% seconds=0.5
RUN source=CIFAR10 target=CUB2011 model=ResNet18 ssl=barlowtwins size=1 seed=7 labels=299 accuracy=0.9665% seconds=0.5
RUN source=CIFAR10 target=CUB2011 model=ResNet18 ssl=barlowtwins size=1 seed=8 labels=299 accuracy=0.7939% seconds=0.5
RUN source=CIFAR10 target=CUB2011 model=ResNet18 ssl=barlowtwins size=1 seed=9 labels=299 accuracy=1.2081% seconds=0.5
COMPLETE source=CIFAR10 target=CUB2011 model=ResNet18 n=10 mean=0.8233 std=0.20177644770740194
RUN source=CIFAR10 target=Dogs model=ResNet18 ssl=barlowtwins size=1 seed=0 labels=120 accuracy=1.2354% seconds=0.9
RUN source=CIFAR10 target=Dogs model=ResNet18 ssl=barlowtwins size=1 seed=1 labels=120 accuracy=1.0606% seconds=0.6
RUN source=CIFAR10 target=Dogs model=ResNet18 ssl=barlowtwins size=1 seed=2 labels=120 accuracy=1.0723% seconds=0.6
RUN source=CIFAR10 target=Dogs model=ResNet18 ssl=barlowtwins size=1 seed=3 labels=120 accuracy=1.0140% seconds=0.6
RUN source=CIFAR10 target=Dogs model=ResNet18 ssl=barlowtwins size=1 seed=4 labels=120 accuracy=1.0256% seconds=0.6
RUN source=CIFAR10 target=Dogs model=ResNet18 ssl=barlowtwins size=1 seed=5 labels=120 accuracy=1.0490% seconds=0.6
RUN source=CIFAR10 target=Dogs model=ResNet18 ssl=barlowtwins size=1 seed=6 labels=120 accuracy=1.3869% seconds=0.6
RUN source=CIFAR10 target=Dogs model=ResNet18 ssl=barlowtwins size=1 seed=7 labels=120 accuracy=1.3520% seconds=0.6
RUN source=CIFAR10 target=Dogs model=ResNet18 ssl=barlowtwins size=1 seed=8 labels=120 accuracy=0.8159% seconds=0.6
RUN source=CIFAR10 target=Dogs model=ResNet18 ssl=barlowtwins size=1 seed=9 labels=120 accuracy=1.1888% seconds=0.6
COMPLETE source=CIFAR10 target=Dogs model=ResNet18 n=10 mean=1.1200 std=0.1721236444072789
RUN source=CIFAR10 target=Dogs model=ResNet18 ssl=barlowtwins size=1 seed=0 labels=600 accuracy=1.2704% seconds=1.1
RUN source=CIFAR10 target=Dogs model=ResNet18 ssl=barlowtwins size=1 seed=1 labels=600 accuracy=1.4336% seconds=0.7
RUN source=CIFAR10 target=Dogs model=ResNet18 ssl=barlowtwins size=1 seed=2 labels=600 accuracy=1.2471% seconds=0.7
RUN source=CIFAR10 target=Dogs model=ResNet18 ssl=barlowtwins size=1 seed=3 labels=600 accuracy=1.0839% seconds=0.7
RUN source=CIFAR10 target=Dogs model=ResNet18 ssl=barlowtwins size=1 seed=4 labels=600 accuracy=1.5268% seconds=0.7
RUN source=CIFAR10 target=Dogs model=ResNet18 ssl=barlowtwins size=1 seed=5 labels=600 accuracy=1.0256% seconds=0.7
RUN source=CIFAR10 target=Dogs model=ResNet18 ssl=barlowtwins size=1 seed=6 labels=600 accuracy=1.8298% seconds=0.7
RUN source=CIFAR10 target=Dogs model=ResNet18 ssl=barlowtwins size=1 seed=7 labels=600 accuracy=1.2821% seconds=0.7
RUN source=CIFAR10 target=Dogs model=ResNet18 ssl=barlowtwins size=1 seed=8 labels=600 accuracy=1.3753% seconds=0.7
RUN source=CIFAR10 target=Dogs model=ResNet18 ssl=barlowtwins size=1 seed=9 labels=600 accuracy=1.2587% seconds=0.7
COMPLETE source=CIFAR10 target=Dogs model=ResNet18 n=10 mean=1.3333 std=0.2290637395209429
RUN source=CIFAR10 target=Flowers model=ResNet18 ssl=barlowtwins size=1 seed=0 labels=10 accuracy=1.8540% seconds=0.9
RUN source=CIFAR10 target=Flowers model=ResNet18 ssl=barlowtwins size=1 seed=1 labels=10 accuracy=2.6671% seconds=0.5
RUN source=CIFAR10 target=Flowers model=ResNet18 ssl=barlowtwins size=1 seed=2 labels=10 accuracy=2.5858% seconds=0.5
RUN source=CIFAR10 target=Flowers model=ResNet18 ssl=barlowtwins size=1 seed=3 labels=10 accuracy=1.5287% seconds=0.5
RUN source=CIFAR10 target=Flowers model=ResNet18 ssl=barlowtwins size=1 seed=4 labels=10 accuracy=1.1547% seconds=0.5
RUN source=CIFAR10 target=Flowers model=ResNet18 ssl=barlowtwins size=1 seed=5 labels=10 accuracy=2.1467% seconds=0.5
RUN source=CIFAR10 target=Flowers model=ResNet18 ssl=barlowtwins size=1 seed=6 labels=10 accuracy=1.1709% seconds=0.5
RUN source=CIFAR10 target=Flowers model=ResNet18 ssl=barlowtwins size=1 seed=7 labels=10 accuracy=1.2685% seconds=0.5
RUN source=CIFAR10 target=Flowers model=ResNet18 ssl=barlowtwins size=1 seed=8 labels=10 accuracy=1.3661% seconds=0.5
RUN source=CIFAR10 target=Flowers model=ResNet18 ssl=barlowtwins size=1 seed=9 labels=10 accuracy=0.6993% seconds=0.5
COMPLETE source=CIFAR10 target=Flowers model=ResNet18 n=10 mean=1.6442 std=0.6513001129021628
RUN source=CIFAR10 target=Flowers model=ResNet18 ssl=barlowtwins size=1 seed=0 labels=51 accuracy=1.6751% seconds=0.8
RUN source=CIFAR10 target=Flowers model=ResNet18 ssl=barlowtwins size=1 seed=1 labels=51 accuracy=2.3906% seconds=0.4
RUN source=CIFAR10 target=Flowers model=ResNet18 ssl=barlowtwins size=1 seed=2 labels=51 accuracy=2.9598% seconds=0.4
RUN source=CIFAR10 target=Flowers model=ResNet18 ssl=barlowtwins size=1 seed=3 labels=51 accuracy=2.2443% seconds=0.4
RUN source=CIFAR10 target=Flowers model=ResNet18 ssl=barlowtwins size=1 seed=4 labels=51 accuracy=1.1547% seconds=0.4
RUN source=CIFAR10 target=Flowers model=ResNet18 ssl=barlowtwins size=1 seed=5 labels=51 accuracy=1.7076% seconds=0.4
RUN source=CIFAR10 target=Flowers model=ResNet18 ssl=barlowtwins size=1 seed=6 labels=51 accuracy=2.3906% seconds=0.4
RUN source=CIFAR10 target=Flowers model=ResNet18 ssl=barlowtwins size=1 seed=7 labels=51 accuracy=2.3093% seconds=0.4
RUN source=CIFAR10 target=Flowers model=ResNet18 ssl=barlowtwins size=1 seed=8 labels=51 accuracy=2.2768% seconds=0.4
RUN source=CIFAR10 target=Flowers model=ResNet18 ssl=barlowtwins size=1 seed=9 labels=51 accuracy=1.4474% seconds=0.4
COMPLETE source=CIFAR10 target=Flowers model=ResNet18 n=10 mean=2.0556 std=0.5414535010242774
RUN source=CIFAR10 target=TinyImageNet model=ResNet18 ssl=barlowtwins size=1 seed=0 labels=1000 accuracy=1.0200% seconds=1.6
RUN source=CIFAR10 target=TinyImageNet model=ResNet18 ssl=barlowtwins size=1 seed=1 labels=1000 accuracy=1.2900% seconds=1.2
RUN source=CIFAR10 target=TinyImageNet model=ResNet18 ssl=barlowtwins size=1 seed=2 labels=1000 accuracy=0.9900% seconds=1.2
RUN source=CIFAR10 target=TinyImageNet model=ResNet18 ssl=barlowtwins size=1 seed=3 labels=1000 accuracy=1.0400% seconds=1.2
RUN source=CIFAR10 target=TinyImageNet model=ResNet18 ssl=barlowtwins size=1 seed=4 labels=1000 accuracy=0.8600% seconds=1.2
RUN source=CIFAR10 target=TinyImageNet model=ResNet18 ssl=barlowtwins size=1 seed=5 labels=1000 accuracy=1.1300% seconds=1.2
RUN source=CIFAR10 target=TinyImageNet model=ResNet18 ssl=barlowtwins size=1 seed=6 labels=1000 accuracy=0.9700% seconds=1.2
RUN source=CIFAR10 target=TinyImageNet model=ResNet18 ssl=barlowtwins size=1 seed=7 labels=1000 accuracy=0.9900% seconds=1.2
RUN source=CIFAR10 target=TinyImageNet model=ResNet18 ssl=barlowtwins size=1 seed=8 labels=1000 accuracy=1.3500% seconds=1.2
RUN source=CIFAR10 target=TinyImageNet model=ResNet18 ssl=barlowtwins size=1 seed=9 labels=1000 accuracy=1.2200% seconds=1.2
COMPLETE source=CIFAR10 target=TinyImageNet model=ResNet18 n=10 mean=1.0860 std=0.1565744377359979
RUN source=CIFAR10 target=TinyImageNet model=ResNet18 ssl=barlowtwins size=1 seed=0 labels=5000 accuracy=1.5100% seconds=3.2
RUN source=CIFAR10 target=TinyImageNet model=ResNet18 ssl=barlowtwins size=1 seed=1 labels=5000 accuracy=1.4600% seconds=2.8
RUN source=CIFAR10 target=TinyImageNet model=ResNet18 ssl=barlowtwins size=1 seed=2 labels=5000 accuracy=1.3600% seconds=2.8
RUN source=CIFAR10 target=TinyImageNet model=ResNet18 ssl=barlowtwins size=1 seed=3 labels=5000 accuracy=1.5800% seconds=2.8
RUN source=CIFAR10 target=TinyImageNet model=ResNet18 ssl=barlowtwins size=1 seed=4 labels=5000 accuracy=1.4100% seconds=2.8
RUN source=CIFAR10 target=TinyImageNet model=ResNet18 ssl=barlowtwins size=1 seed=5 labels=5000 accuracy=1.6500% seconds=2.8
RUN source=CIFAR10 target=TinyImageNet model=ResNet18 ssl=barlowtwins size=1 seed=6 labels=5000 accuracy=1.6100% seconds=2.8
RUN source=CIFAR10 target=TinyImageNet model=ResNet18 ssl=barlowtwins size=1 seed=7 labels=5000 accuracy=1.6600% seconds=2.8
RUN source=CIFAR10 target=TinyImageNet model=ResNet18 ssl=barlowtwins size=1 seed=8 labels=5000 accuracy=2.0400% seconds=2.8
RUN source=CIFAR10 target=TinyImageNet model=ResNet18 ssl=barlowtwins size=1 seed=9 labels=5000 accuracy=1.8300% seconds=2.8
COMPLETE source=CIFAR10 target=TinyImageNet model=ResNet18 n=10 mean=1.6110 std=0.2036581944124783
