RUN source=CIFAR100 target=TinyImageNet model=ResNet18 ssl=simclr size=1 seed=0 labels=1000 accuracy=1.9000% seconds=1.7
RUN source=CIFAR100 target=TinyImageNet model=ResNet18 ssl=simclr size=1 seed=1 labels=1000 accuracy=2.0500% seconds=1.2
RUN source=CIFAR100 target=TinyImageNet model=ResNet18 ssl=simclr size=1 seed=2 labels=1000 accuracy=1.9200% seconds=1.2
RUN source=CIFAR100 target=TinyImageNet model=ResNet18 ssl=simclr size=1 seed=3 labels=1000 accuracy=1.7700% seconds=1.2
RUN source=CIFAR100 target=TinyImageNet model=ResNet18 ssl=simclr size=1 seed=4 labels=1000 accuracy=1.8500% seconds=1.2
RUN source=CIFAR100 target=TinyImageNet model=ResNet18 ssl=simclr size=1 seed=5 labels=1000 accuracy=2.0400% seconds=1.2
RUN source=CIFAR100 target=TinyImageNet model=ResNet18 ssl=simclr size=1 seed=6 labels=1000 accuracy=2.1500% seconds=1.9
RUN source=CIFAR100 target=TinyImageNet model=ResNet18 ssl=simclr size=1 seed=7 labels=1000 accuracy=1.6100% seconds=1.2
RUN source=CIFAR100 target=TinyImageNet model=ResNet18 ssl=simclr size=1 seed=8 labels=1000 accuracy=2.0100% seconds=1.2
RUN source=CIFAR100 target=TinyImageNet model=ResNet18 ssl=simclr size=1 seed=9 labels=1000 accuracy=2.1200% seconds=1.2
COMPLETE source=CIFAR100 target=TinyImageNet model=ResNet18 n=10 mean=1.9420 std=0.16711937542851538
RUN source=CIFAR100 target=TinyImageNet model=ResNet18 ssl=simclr size=1 seed=0 labels=5000 accuracy=3.0000% seconds=3.1
RUN source=CIFAR100 target=TinyImageNet model=ResNet18 ssl=simclr size=1 seed=1 labels=5000 accuracy=3.3400% seconds=2.8
RUN source=CIFAR100 target=TinyImageNet model=ResNet18 ssl=simclr size=1 seed=2 labels=5000 accuracy=2.9700% seconds=2.8
RUN source=CIFAR100 target=TinyImageNet model=ResNet18 ssl=simclr size=1 seed=3 labels=5000 accuracy=2.9300% seconds=2.8
RUN source=CIFAR100 target=TinyImageNet model=ResNet18 ssl=simclr size=1 seed=4 labels=5000 accuracy=2.9500% seconds=2.8
RUN source=CIFAR100 target=TinyImageNet model=ResNet18 ssl=simclr size=1 seed=5 labels=5000 accuracy=3.3900% seconds=2.8
RUN source=CIFAR100 target=TinyImageNet model=ResNet18 ssl=simclr size=1 seed=6 labels=5000 accuracy=3.3700% seconds=2.8
RUN source=CIFAR100 target=TinyImageNet model=ResNet18 ssl=simclr size=1 seed=7 labels=5000 accuracy=2.8300% seconds=2.8
RUN source=CIFAR100 target=TinyImageNet model=ResNet18 ssl=simclr size=1 seed=8 labels=5000 accuracy=3.0500% seconds=2.8
RUN source=CIFAR100 target=TinyImageNet model=ResNet18 ssl=simclr size=1 seed=9 labels=5000 accuracy=3.2500% seconds=2.8
COMPLETE source=CIFAR100 target=TinyImageNet model=ResNet18 n=10 mean=3.1080 std=0.20820932938408412
RUN source=CIFAR100 target=CIFAR10 model=ResNet18 ssl=simclr size=1 seed=0 labels=500 accuracy=29.6700% seconds=1.2
RUN source=CIFAR100 target=CIFAR10 model=ResNet18 ssl=simclr size=1 seed=1 labels=500 accuracy=28.6900% seconds=0.8
RUN source=CIFAR100 target=CIFAR10 model=ResNet18 ssl=simclr size=1 seed=2 labels=500 accuracy=26.4200% seconds=0.8
RUN source=CIFAR100 target=CIFAR10 model=ResNet18 ssl=simclr size=1 seed=3 labels=500 accuracy=27.1500% seconds=0.8
RUN source=CIFAR100 target=CIFAR10 model=ResNet18 ssl=simclr size=1 seed=4 labels=500 accuracy=28.9600% seconds=0.8
RUN source=CIFAR100 target=CIFAR10 model=ResNet18 ssl=simclr size=1 seed=5 labels=500 accuracy=29.6300% seconds=0.8
RUN source=CIFAR100 target=CIFAR10 model=ResNet18 ssl=simclr size=1 seed=6 labels=500 accuracy=29.5100% seconds=0.8
RUN source=CIFAR100 target=CIFAR10 model=ResNet18 ssl=simclr size=1 seed=7 labels=500 accuracy=27.3700% seconds=0.8
RUN source=CIFAR100 target=CIFAR10 model=ResNet18 ssl=simclr size=1 seed=8 labels=500 accuracy=29.0700% seconds=0.8
RUN source=CIFAR100 target=CIFAR10 model=ResNet18 ssl=simclr size=1 seed=9 labels=500 accuracy=28.2200% seconds=0.8
COMPLETE source=CIFAR100 target=CIFAR10 model=ResNet18 n=10 mean=28.4690 std=1.1417865491916894
RUN source=CIFAR100 target=CIFAR10 model=ResNet18 ssl=simclr size=1 seed=0 labels=2500 accuracy=34.0900% seconds=1.9
RUN source=CIFAR100 target=CIFAR10 model=ResNet18 ssl=simclr size=1 seed=1 labels=2500 accuracy=33.5000% seconds=1.6
RUN source=CIFAR100 target=CIFAR10 model=ResNet18 ssl=simclr size=1 seed=2 labels=2500 accuracy=32.1600% seconds=1.6
RUN source=CIFAR100 target=CIFAR10 model=ResNet18 ssl=simclr size=1 seed=3 labels=2500 accuracy=32.3100% seconds=1.6
RUN source=CIFAR100 target=CIFAR10 model=ResNet18 ssl=simclr size=1 seed=4 labels=2500 accuracy=33.2900% seconds=1.6
RUN source=CIFAR100 target=CIFAR10 model=ResNet18 ssl=simclr size=1 seed=5 labels=2500 accuracy=34.6000% seconds=1.6
RUN source=CIFAR100 target=CIFAR10 model=ResNet18 ssl=simclr size=1 seed=6 labels=2500 accuracy=34.1400% seconds=1.6
RUN source=CIFAR100 target=CIFAR10 model=ResNet18 ssl=simclr size=1 seed=7 labels=2500 accuracy=33.7400% seconds=1.6
RUN source=CIFAR100 target=CIFAR10 model=ResNet18 ssl=simclr size=1 seed=8 labels=2500 accuracy=35.1900% seconds=1.6
RUN source=CIFAR100 target=CIFAR10 model=ResNet18 ssl=simclr size=1 seed=9 labels=2500 accuracy=32.7000% seconds=1.6
COMPLETE source=CIFAR100 target=CIFAR10 model=ResNet18 n=10 mean=33.5720 std=0.9846237796772042
RUN source=CIFAR100 target=Aircraft model=ResNet18 ssl=simclr size=1 seed=0 labels=66 accuracy=1.8902% seconds=0.8
RUN source=CIFAR100 target=Aircraft model=ResNet18 ssl=simclr size=1 seed=1 labels=66 accuracy=1.4701% seconds=0.4
RUN source=CIFAR100 target=Aircraft model=ResNet18 ssl=simclr size=1 seed=2 labels=66 accuracy=1.9502% seconds=0.4
RUN source=CIFAR100 target=Aircraft model=ResNet18 ssl=simclr size=1 seed=3 labels=66 accuracy=2.0702% seconds=0.4
RUN source=CIFAR100 target=Aircraft model=ResNet18 ssl=simclr size=1 seed=4 labels=66 accuracy=1.8602% seconds=0.4
RUN source=CIFAR100 target=Aircraft model=ResNet18 ssl=simclr size=1 seed=5 labels=66 accuracy=1.7402% seconds=0.4
RUN source=CIFAR100 target=Aircraft model=ResNet18 ssl=simclr size=1 seed=6 labels=66 accuracy=2.4602% seconds=0.4
RUN source=CIFAR100 target=Aircraft model=ResNet18 ssl=simclr size=1 seed=7 labels=66 accuracy=1.6802% seconds=0.4
RUN source=CIFAR100 target=Aircraft model=ResNet18 ssl=simclr size=1 seed=8 labels=66 accuracy=1.8002% seconds=0.4
RUN source=CIFAR100 target=Aircraft model=ResNet18 ssl=simclr size=1 seed=9 labels=66 accuracy=2.0702% seconds=0.4
COMPLETE source=CIFAR100 target=Aircraft model=ResNet18 n=10 mean=1.8992 std=0.26762721039430737
RUN source=CIFAR100 target=Aircraft model=ResNet18 ssl=simclr size=1 seed=0 labels=333 accuracy=2.9703% seconds=0.8
RUN source=CIFAR100 target=Aircraft model=ResNet18 ssl=simclr size=1 seed=1 labels=333 accuracy=2.7303% seconds=0.5
RUN source=CIFAR100 target=Aircraft model=ResNet18 ssl=simclr size=1 seed=2 labels=333 accuracy=2.7903% seconds=0.4
RUN source=CIFAR100 target=Aircraft model=ResNet18 ssl=simclr size=1 seed=3 labels=333 accuracy=3.1203% seconds=0.4
RUN source=CIFAR100 target=Aircraft model=ResNet18 ssl=simclr size=1 seed=4 labels=333 accuracy=2.3702% seconds=0.4
RUN source=CIFAR100 target=Aircraft model=ResNet18 ssl=simclr size=1 seed=5 labels=333 accuracy=2.5203% seconds=0.4
RUN source=CIFAR100 target=Aircraft model=ResNet18 ssl=simclr size=1 seed=6 labels=333 accuracy=3.1803% seconds=0.4
RUN source=CIFAR100 target=Aircraft model=ResNet18 ssl=simclr size=1 seed=7 labels=333 accuracy=3.2103% seconds=0.4
RUN source=CIFAR100 target=Aircraft model=ResNet18 ssl=simclr size=1 seed=8 labels=333 accuracy=2.7603% seconds=0.4
RUN source=CIFAR100 target=Aircraft model=ResNet18 ssl=simclr size=1 seed=9 labels=333 accuracy=2.2802% seconds=0.4
COMPLETE source=CIFAR100 target=Aircraft model=ResNet18 n=10 mean=2.7933 std=0.33062345691872436
RUN source=CIFAR100 target=CUB2011 model=ResNet18 ssl=simclr size=1 seed=0 labels=59 accuracy=0.8802% seconds=0.9
RUN source=CIFAR100 target=CUB2011 model=ResNet18 ssl=simclr size=1 seed=1 labels=59 accuracy=1.0528% seconds=0.5
RUN source=CIFAR100 target=CUB2011 model=ResNet18 ssl=simclr size=1 seed=2 labels=59 accuracy=0.8802% seconds=0.5
RUN source=CIFAR100 target=CUB2011 model=ResNet18 ssl=simclr size=1 seed=3 labels=59 accuracy=0.8630% seconds=0.5
RUN source=CIFAR100 target=CUB2011 model=ResNet18 ssl=simclr size=1 seed=4 labels=59 accuracy=0.6731% seconds=0.5
RUN source=CIFAR100 target=CUB2011 model=ResNet18 ssl=simclr size=1 seed=5 labels=59 accuracy=0.8284% seconds=0.5
RUN source=CIFAR100 target=CUB2011 model=ResNet18 ssl=simclr size=1 seed=6 labels=59 accuracy=0.8284% seconds=0.5
RUN source=CIFAR100 target=CUB2011 model=ResNet18 ssl=simclr size=1 seed=7 labels=59 accuracy=1.0873% seconds=0.5
RUN source=CIFAR100 target=CUB2011 model=ResNet18 ssl=simclr size=1 seed=8 labels=59 accuracy=0.9838% seconds=0.5
RUN source=CIFAR100 target=CUB2011 model=ResNet18 ssl=simclr size=1 seed=9 labels=59 accuracy=1.1046% seconds=0.5
COMPLETE source=CIFAR100 target=CUB2011 model=ResNet18 n=10 mean=0.9182 std=0.13657956684119765
RUN source=CIFAR100 target=CUB2011 model=ResNet18 ssl=simclr size=1 seed=0 labels=299 accuracy=1.1564% seconds=0.9
RUN source=CIFAR100 target=CUB2011 model=ResNet18 ssl=simclr size=1 seed=1 labels=299 accuracy=1.1219% seconds=0.5
RUN source=CIFAR100 target=CUB2011 model=ResNet18 ssl=simclr size=1 seed=2 labels=299 accuracy=1.0183% seconds=0.5
RUN source=CIFAR100 target=CUB2011 model=ResNet18 ssl=simclr size=1 seed=3 labels=299 accuracy=1.1046% seconds=0.5
RUN source=CIFAR100 target=CUB2011 model=ResNet18 ssl=simclr size=1 seed=4 labels=299 accuracy=0.8284% seconds=0.5
RUN source=CIFAR100 target=CUB2011 model=ResNet18 ssl=simclr size=1 seed=5 labels=299 accuracy=1.3980% seconds=0.5
RUN source=CIFAR100 target=CUB2011 model=ResNet18 ssl=simclr size=1 seed=6 labels=299 accuracy=1.3635% seconds=0.5
RUN source=CIFAR100 target=CUB2011 model=ResNet18 ssl=simclr size=1 seed=7 labels=299 accuracy=1.0183% seconds=0.5
RUN source=CIFAR100 target=CUB2011 model=ResNet18 ssl=simclr size=1 seed=8 labels=299 accuracy=1.2944% seconds=0.5
RUN source=CIFAR100 target=CUB2011 model=ResNet18 ssl=simclr size=1 seed=9 labels=299 accuracy=1.2944% seconds=0.5
COMPLETE source=CIFAR100 target=CUB2011 model=ResNet18 n=10 mean=1.1598 std=0.17914164490724896
RUN source=CIFAR100 target=Dogs model=ResNet18 ssl=simclr size=1 seed=0 labels=120 accuracy=1.7716% seconds=0.9
RUN source=CIFAR100 target=Dogs model=ResNet18 ssl=simclr size=1 seed=1 labels=120 accuracy=1.3287% seconds=0.6
RUN source=CIFAR100 target=Dogs model=ResNet18 ssl=simclr size=1 seed=2 labels=120 accuracy=1.1772% seconds=0.5
RUN source=CIFAR100 target=Dogs model=ResNet18 ssl=simclr size=1 seed=3 labels=120 accuracy=1.4103% seconds=0.5
RUN source=CIFAR100 target=Dogs model=ResNet18 ssl=simclr size=1 seed=4 labels=120 accuracy=1.3287% seconds=0.5
RUN source=CIFAR100 target=Dogs model=ResNet18 ssl=simclr size=1 seed=5 labels=120 accuracy=1.2937% seconds=0.5
RUN source=CIFAR100 target=Dogs model=ResNet18 ssl=simclr size=1 seed=6 labels=120 accuracy=1.4918% seconds=0.5
RUN source=CIFAR100 target=Dogs model=ResNet18 ssl=simclr size=1 seed=7 labels=120 accuracy=1.2587% seconds=0.5
RUN source=CIFAR100 target=Dogs model=ResNet18 ssl=simclr size=1 seed=8 labels=120 accuracy=1.2005% seconds=0.6
RUN source=CIFAR100 target=Dogs model=ResNet18 ssl=simclr size=1 seed=9 labels=120 accuracy=1.3753% seconds=0.5
COMPLETE source=CIFAR100 target=Dogs model=ResNet18 n=10 mean=1.3636 std=0.1715571329043674
RUN source=CIFAR100 target=Dogs model=ResNet18 ssl=simclr size=1 seed=0 labels=600 accuracy=1.5967% seconds=1.1
RUN source=CIFAR100 target=Dogs model=ResNet18 ssl=simclr size=1 seed=1 labels=600 accuracy=1.9930% seconds=0.7
RUN source=CIFAR100 target=Dogs model=ResNet18 ssl=simclr size=1 seed=2 labels=600 accuracy=1.5967% seconds=0.7
RUN source=CIFAR100 target=Dogs model=ResNet18 ssl=simclr size=1 seed=3 labels=600 accuracy=1.7133% seconds=0.7
RUN source=CIFAR100 target=Dogs model=ResNet18 ssl=simclr size=1 seed=4 labels=600 accuracy=2.1096% seconds=0.7
RUN source=CIFAR100 target=Dogs model=ResNet18 ssl=simclr size=1 seed=5 labels=600 accuracy=1.6900% seconds=0.7
RUN source=CIFAR100 target=Dogs model=ResNet18 ssl=simclr size=1 seed=6 labels=600 accuracy=2.0163% seconds=0.7
RUN source=CIFAR100 target=Dogs model=ResNet18 ssl=simclr size=1 seed=7 labels=600 accuracy=1.4802% seconds=0.7
RUN source=CIFAR100 target=Dogs model=ResNet18 ssl=simclr size=1 seed=8 labels=600 accuracy=1.9464% seconds=0.7
RUN source=CIFAR100 target=Dogs model=ResNet18 ssl=simclr size=1 seed=9 labels=600 accuracy=1.8881% seconds=0.7
COMPLETE source=CIFAR100 target=Dogs model=ResNet18 n=10 mean=1.8030 std=0.21434873987686986
RUN source=CIFAR100 target=Flowers model=ResNet18 ssl=simclr size=1 seed=0 labels=10 accuracy=2.0003% seconds=0.9
RUN source=CIFAR100 target=Flowers model=ResNet18 ssl=simclr size=1 seed=1 labels=10 accuracy=2.4232% seconds=0.5
RUN source=CIFAR100 target=Flowers model=ResNet18 ssl=simclr size=1 seed=2 labels=10 accuracy=3.6266% seconds=0.5
RUN source=CIFAR100 target=Flowers model=ResNet18 ssl=simclr size=1 seed=3 labels=10 accuracy=1.4799% seconds=0.5
RUN source=CIFAR100 target=Flowers model=ResNet18 ssl=simclr size=1 seed=4 labels=10 accuracy=1.6751% seconds=0.5
RUN source=CIFAR100 target=Flowers model=ResNet18 ssl=simclr size=1 seed=5 labels=10 accuracy=2.6996% seconds=0.5
RUN source=CIFAR100 target=Flowers model=ResNet18 ssl=simclr size=1 seed=6 labels=10 accuracy=2.5207% seconds=0.5
RUN source=CIFAR100 target=Flowers model=ResNet18 ssl=simclr size=1 seed=7 labels=10 accuracy=2.8623% seconds=0.5
RUN source=CIFAR100 target=Flowers model=ResNet18 ssl=simclr size=1 seed=8 labels=10 accuracy=2.2443% seconds=0.5
RUN source=CIFAR100 target=Flowers model=ResNet18 ssl=simclr size=1 seed=9 labels=10 accuracy=1.2197% seconds=0.5
COMPLETE source=CIFAR100 target=Flowers model=ResNet18 n=10 mean=2.2752 std=0.7161977195699458
RUN source=CIFAR100 target=Flowers model=ResNet18 ssl=simclr size=1 seed=0 labels=51 accuracy=3.2363% seconds=0.8
RUN source=CIFAR100 target=Flowers model=ResNet18 ssl=simclr size=1 seed=1 labels=51 accuracy=4.2283% seconds=0.4
RUN source=CIFAR100 target=Flowers model=ResNet18 ssl=simclr size=1 seed=2 labels=51 accuracy=4.3584% seconds=0.4
RUN source=CIFAR100 target=Flowers model=ResNet18 ssl=simclr size=1 seed=3 labels=51 accuracy=3.8218% seconds=0.4
RUN source=CIFAR100 target=Flowers model=ResNet18 ssl=simclr size=1 seed=4 labels=51 accuracy=2.4557% seconds=0.4
RUN source=CIFAR100 target=Flowers model=ResNet18 ssl=simclr size=1 seed=5 labels=51 accuracy=3.3827% seconds=0.4
RUN source=CIFAR100 target=Flowers model=ResNet18 ssl=simclr size=1 seed=6 labels=51 accuracy=3.0086% seconds=0.4
RUN source=CIFAR100 target=Flowers model=ResNet18 ssl=simclr size=1 seed=7 labels=51 accuracy=3.9356% seconds=0.4
RUN source=CIFAR100 target=Flowers model=ResNet18 ssl=simclr size=1 seed=8 labels=51 accuracy=4.9276% seconds=0.4
RUN source=CIFAR100 target=Flowers model=ResNet18 ssl=simclr size=1 seed=9 labels=51 accuracy=2.3906% seconds=0.4
COMPLETE source=CIFAR100 target=Flowers model=ResNet18 n=10 mean=3.5746 std=0.8292721391018398
