RUN source=CIFAR100 target=TinyImageNet model=ResNet18 ssl=simclr size=2 seed=0 labels=1000 accuracy=1.6500% seconds=1.9
RUN source=CIFAR100 target=TinyImageNet model=ResNet18 ssl=simclr size=2 seed=1 labels=1000 accuracy=2.2600% seconds=1.2
RUN source=CIFAR100 target=TinyImageNet model=ResNet18 ssl=simclr size=2 seed=2 labels=1000 accuracy=2.1000% seconds=1.2
RUN source=CIFAR100 target=TinyImageNet model=ResNet18 ssl=simclr size=2 seed=3 labels=1000 accuracy=2.0800% seconds=1.2
RUN source=CIFAR100 target=TinyImageNet model=ResNet18 ssl=simclr size=2 seed=4 labels=1000 accuracy=2.0100% seconds=1.2
RUN source=CIFAR100 target=TinyImageNet model=ResNet18 ssl=simclr size=2 seed=5 labels=1000 accuracy=1.8400% seconds=1.2
RUN source=CIFAR100 target=TinyImageNet model=ResNet18 ssl=simclr size=2 seed=6 labels=1000 accuracy=2.1400% seconds=1.2
RUN source=CIFAR100 target=TinyImageNet model=ResNet18 ssl=simclr size=2 seed=7 labels=1000 accuracy=1.8500% seconds=1.2
RUN source=CIFAR100 target=TinyImageNet model=ResNet18 ssl=simclr size=2 seed=8 labels=1000 accuracy=2.4300% seconds=1.2
RUN source=CIFAR100 target=TinyImageNet model=ResNet18 ssl=simclr size=2 seed=9 labels=1000 accuracy=2.1300% seconds=1.2
COMPLETE source=CIFAR100 target=TinyImageNet model=ResNet18 n=10 mean=2.0490 std=0.22412543152666967
RUN source=CIFAR100 target=TinyImageNet model=ResNet18 ssl=simclr size=2 seed=0 labels=5000 accuracy=3.1200% seconds=3.1
RUN source=CIFAR100 target=TinyImageNet model=ResNet18 ssl=simclr size=2 seed=1 labels=5000 accuracy=3.5000% seconds=2.7
RUN source=CIFAR100 target=TinyImageNet model=ResNet18 ssl=simclr size=2 seed=2 labels=5000 accuracy=3.5200% seconds=2.7
RUN source=CIFAR100 target=TinyImageNet model=ResNet18 ssl=simclr size=2 seed=3 labels=5000 accuracy=3.5800% seconds=2.7
RUN source=CIFAR100 target=TinyImageNet model=ResNet18 ssl=simclr size=2 seed=4 labels=5000 accuracy=3.3000% seconds=2.7
RUN source=CIFAR100 target=TinyImageNet model=ResNet18 ssl=simclr size=2 seed=5 labels=5000 accuracy=3.3700% seconds=2.7
RUN source=CIFAR100 target=TinyImageNet model=ResNet18 ssl=simclr size=2 seed=6 labels=5000 accuracy=3.3000% seconds=2.7
RUN source=CIFAR100 target=TinyImageNet model=ResNet18 ssl=simclr size=2 seed=7 labels=5000 accuracy=3.2900% seconds=2.7
RUN source=CIFAR100 target=TinyImageNet model=ResNet18 ssl=simclr size=2 seed=8 labels=5000 accuracy=3.3100% seconds=2.7
RUN source=CIFAR100 target=TinyImageNet model=ResNet18 ssl=simclr size=2 seed=9 labels=5000 accuracy=3.3600% seconds=2.7
COMPLETE source=CIFAR100 target=TinyImageNet model=ResNet18 n=10 mean=3.3650 std=0.13566709512422062
RUN source=CIFAR100 target=CIFAR10 model=ResNet18 ssl=simclr size=2 seed=0 labels=500 accuracy=31.6500% seconds=1.2
RUN source=CIFAR100 target=CIFAR10 model=ResNet18 ssl=simclr size=2 seed=1 labels=500 accuracy=29.0900% seconds=0.8
RUN source=CIFAR100 target=CIFAR10 model=ResNet18 ssl=simclr size=2 seed=2 labels=500 accuracy=29.0600% seconds=0.8
RUN source=CIFAR100 target=CIFAR10 model=ResNet18 ssl=simclr size=2 seed=3 labels=500 accuracy=29.6600% seconds=0.8
RUN source=CIFAR100 target=CIFAR10 model=ResNet18 ssl=simclr size=2 seed=4 labels=500 accuracy=30.7500% seconds=0.8
RUN source=CIFAR100 target=CIFAR10 model=ResNet18 ssl=simclr size=2 seed=5 labels=500 accuracy=30.8800% seconds=0.8
RUN source=CIFAR100 target=CIFAR10 model=ResNet18 ssl=simclr size=2 seed=6 labels=500 accuracy=30.1500% seconds=0.8
RUN source=CIFAR100 target=CIFAR10 model=ResNet18 ssl=simclr size=2 seed=7 labels=500 accuracy=29.5600% seconds=0.8
RUN source=CIFAR100 target=CIFAR10 model=ResNet18 ssl=simclr size=2 seed=8 labels=500 accuracy=29.8300% seconds=0.8
RUN source=CIFAR100 target=CIFAR10 model=ResNet18 ssl=simclr size=2 seed=9 labels=500 accuracy=31.1700% seconds=0.8
COMPLETE source=CIFAR100 target=CIFAR10 model=ResNet18 n=10 mean=30.1800 std=0.8929720978736411
RUN source=CIFAR100 target=CIFAR10 model=ResNet18 ssl=simclr size=2 seed=0 labels=2500 accuracy=36.2800% seconds=1.9
RUN source=CIFAR100 target=CIFAR10 model=ResNet18 ssl=simclr size=2 seed=1 labels=2500 accuracy=35.5500% seconds=1.6
RUN source=CIFAR100 target=CIFAR10 model=ResNet18 ssl=simclr size=2 seed=2 labels=2500 accuracy=35.1800% seconds=1.6
RUN source=CIFAR100 target=CIFAR10 model=ResNet18 ssl=simclr size=2 seed=3 labels=2500 accuracy=36.4600% seconds=1.6
RUN source=CIFAR100 target=CIFAR10 model=ResNet18 ssl=simclr size=2 seed=4 labels=2500 accuracy=35.8600% seconds=1.6
RUN source=CIFAR100 target=CIFAR10 model=ResNet18 ssl=simclr size=2 seed=5 labels=2500 accuracy=36.6700% seconds=1.6
RUN source=CIFAR100 target=CIFAR10 model=ResNet18 ssl=simclr size=2 seed=6 labels=2500 accuracy=35.1600% seconds=1.6
RUN source=CIFAR100 target=CIFAR10 model=ResNet18 ssl=simclr size=2 seed=7 labels=2500 accuracy=37.2200% seconds=1.6
RUN source=CIFAR100 target=CIFAR10 model=ResNet18 ssl=simclr size=2 seed=8 labels=2500 accuracy=37.0400% seconds=1.6
RUN source=CIFAR100 target=CIFAR10 model=ResNet18 ssl=simclr size=2 seed=9 labels=2500 accuracy=36.7600% seconds=1.6
COMPLETE source=CIFAR100 target=CIFAR10 model=ResNet18 n=10 mean=36.2180 std=0.7462021098305702
RUN source=CIFAR100 target=Aircraft model=ResNet18 ssl=simclr size=2 seed=0 labels=66 accuracy=1.7702% seconds=0.8
RUN source=CIFAR100 target=Aircraft model=ResNet18 ssl=simclr size=2 seed=1 labels=66 accuracy=2.7603% seconds=0.4
RUN source=CIFAR100 target=Aircraft model=ResNet18 ssl=simclr size=2 seed=2 labels=66 accuracy=2.0702% seconds=0.4
RUN source=CIFAR100 target=Aircraft model=ResNet18 ssl=simclr size=2 seed=3 labels=66 accuracy=1.8902% seconds=0.4
RUN source=CIFAR100 target=Aircraft model=ResNet18 ssl=simclr size=2 seed=4 labels=66 accuracy=2.0402% seconds=0.4
RUN source=CIFAR100 target=Aircraft model=ResNet18 ssl=simclr size=2 seed=5 labels=66 accuracy=1.5302% seconds=0.4
RUN source=CIFAR100 target=Aircraft model=ResNet18 ssl=simclr size=2 seed=6 labels=66 accuracy=2.3102% seconds=0.4
RUN source=CIFAR100 target=Aircraft model=ResNet18 ssl=simclr size=2 seed=7 labels=66 accuracy=1.9802% seconds=0.4
RUN source=CIFAR100 target=Aircraft model=ResNet18 ssl=simclr size=2 seed=8 labels=66 accuracy=2.2202% seconds=0.4
RUN source=CIFAR100 target=Aircraft model=ResNet18 ssl=simclr size=2 seed=9 labels=66 accuracy=1.9802% seconds=0.4
COMPLETE source=CIFAR100 target=Aircraft model=ResNet18 n=10 mean=2.0552 std=0.33086533959988007
RUN source=CIFAR100 target=Aircraft model=ResNet18 ssl=simclr size=2 seed=0 labels=333 accuracy=2.7003% seconds=0.8
RUN source=CIFAR100 target=Aircraft model=ResNet18 ssl=simclr size=2 seed=1 labels=333 accuracy=2.7603% seconds=0.5
RUN source=CIFAR100 target=Aircraft model=ResNet18 ssl=simclr size=2 seed=2 labels=333 accuracy=3.0303% seconds=0.4
RUN source=CIFAR100 target=Aircraft model=ResNet18 ssl=simclr size=2 seed=3 labels=333 accuracy=2.6103% seconds=0.4
RUN source=CIFAR100 target=Aircraft model=ResNet18 ssl=simclr size=2 seed=4 labels=333 accuracy=3.0603% seconds=0.4
RUN source=CIFAR100 target=Aircraft model=ResNet18 ssl=simclr size=2 seed=5 labels=333 accuracy=2.5503% seconds=0.4
RUN source=CIFAR100 target=Aircraft model=ResNet18 ssl=simclr size=2 seed=6 labels=333 accuracy=2.7303% seconds=0.4
RUN source=CIFAR100 target=Aircraft model=ResNet18 ssl=simclr size=2 seed=7 labels=333 accuracy=2.6403% seconds=0.4
RUN source=CIFAR100 target=Aircraft model=ResNet18 ssl=simclr size=2 seed=8 labels=333 accuracy=2.5803% seconds=0.4
RUN source=CIFAR100 target=Aircraft model=ResNet18 ssl=simclr size=2 seed=9 labels=333 accuracy=2.3102% seconds=0.4
COMPLETE source=CIFAR100 target=Aircraft model=ResNet18 n=10 mean=2.6973 std=0.22203569356966738
RUN source=CIFAR100 target=CUB2011 model=ResNet18 ssl=simclr size=2 seed=0 labels=59 accuracy=0.6041% seconds=0.8
RUN source=CIFAR100 target=CUB2011 model=ResNet18 ssl=simclr size=2 seed=1 labels=59 accuracy=1.1564% seconds=0.5
RUN source=CIFAR100 target=CUB2011 model=ResNet18 ssl=simclr size=2 seed=2 labels=59 accuracy=0.8975% seconds=0.5
RUN source=CIFAR100 target=CUB2011 model=ResNet18 ssl=simclr size=2 seed=3 labels=59 accuracy=0.9493% seconds=0.5
RUN source=CIFAR100 target=CUB2011 model=ResNet18 ssl=simclr size=2 seed=4 labels=59 accuracy=0.6041% seconds=0.5
RUN source=CIFAR100 target=CUB2011 model=ResNet18 ssl=simclr size=2 seed=5 labels=59 accuracy=1.1564% seconds=0.5
RUN source=CIFAR100 target=CUB2011 model=ResNet18 ssl=simclr size=2 seed=6 labels=59 accuracy=1.0873% seconds=0.5
RUN source=CIFAR100 target=CUB2011 model=ResNet18 ssl=simclr size=2 seed=7 labels=59 accuracy=0.9493% seconds=0.5
RUN source=CIFAR100 target=CUB2011 model=ResNet18 ssl=simclr size=2 seed=8 labels=59 accuracy=1.3807% seconds=0.5
RUN source=CIFAR100 target=CUB2011 model=ResNet18 ssl=simclr size=2 seed=9 labels=59 accuracy=1.0528% seconds=0.5
COMPLETE source=CIFAR100 target=CUB2011 model=ResNet18 n=10 mean=0.9838 std=0.2428589398515546
RUN source=CIFAR100 target=CUB2011 model=ResNet18 ssl=simclr size=2 seed=0 labels=299 accuracy=1.2944% seconds=0.9
RUN source=CIFAR100 target=CUB2011 model=ResNet18 ssl=simclr size=2 seed=1 labels=299 accuracy=1.0701% seconds=0.5
RUN source=CIFAR100 target=CUB2011 model=ResNet18 ssl=simclr size=2 seed=2 labels=299 accuracy=1.1564% seconds=0.5
RUN source=CIFAR100 target=CUB2011 model=ResNet18 ssl=simclr size=2 seed=3 labels=299 accuracy=1.1046% seconds=0.5
RUN source=CIFAR100 target=CUB2011 model=ResNet18 ssl=simclr size=2 seed=4 labels=299 accuracy=1.2944% seconds=0.5
RUN source=CIFAR100 target=CUB2011 model=ResNet18 ssl=simclr size=2 seed=5 labels=299 accuracy=1.7777% seconds=0.5
RUN source=CIFAR100 target=CUB2011 model=ResNet18 ssl=simclr size=2 seed=6 labels=299 accuracy=1.2081% seconds=0.5
RUN source=CIFAR100 target=CUB2011 model=ResNet18 ssl=simclr size=2 seed=7 labels=299 accuracy=1.2427% seconds=0.5
RUN source=CIFAR100 target=CUB2011 model=ResNet18 ssl=simclr size=2 seed=8 labels=299 accuracy=1.2599% seconds=0.5
RUN source=CIFAR100 target=CUB2011 model=ResNet18 ssl=simclr size=2 seed=9 labels=299 accuracy=1.2427% seconds=0.5
COMPLETE source=CIFAR100 target=CUB2011 model=ResNet18 n=10 mean=1.2651 std=0.19561311021795816
RUN source=CIFAR100 target=Dogs model=ResNet18 ssl=simclr size=2 seed=0 labels=120 accuracy=1.5152% seconds=0.9
RUN source=CIFAR100 target=Dogs model=ResNet18 ssl=simclr size=2 seed=1 labels=120 accuracy=1.3753% seconds=0.6
RUN source=CIFAR100 target=Dogs model=ResNet18 ssl=simclr size=2 seed=2 labels=120 accuracy=1.2937% seconds=0.5
RUN source=CIFAR100 target=Dogs model=ResNet18 ssl=simclr size=2 seed=3 labels=120 accuracy=1.4569% seconds=0.5
RUN source=CIFAR100 target=Dogs model=ResNet18 ssl=simclr size=2 seed=4 labels=120 accuracy=1.7016% seconds=0.5
RUN source=CIFAR100 target=Dogs model=ResNet18 ssl=simclr size=2 seed=5 labels=120 accuracy=1.2354% seconds=0.5
RUN source=CIFAR100 target=Dogs model=ResNet18 ssl=simclr size=2 seed=6 labels=120 accuracy=1.3986% seconds=0.5
RUN source=CIFAR100 target=Dogs model=ResNet18 ssl=simclr size=2 seed=7 labels=120 accuracy=1.4452% seconds=0.5
RUN source=CIFAR100 target=Dogs model=ResNet18 ssl=simclr size=2 seed=8 labels=120 accuracy=1.2704% seconds=0.5
RUN source=CIFAR100 target=Dogs model=ResNet18 ssl=simclr size=2 seed=9 labels=120 accuracy=1.4802% seconds=0.6
COMPLETE source=CIFAR100 target=Dogs model=ResNet18 n=10 mean=1.4172 std=0.13693743693844349
RUN source=CIFAR100 target=Dogs model=ResNet18 ssl=simclr size=2 seed=0 labels=600 accuracy=1.8998% seconds=1.1
RUN source=CIFAR100 target=Dogs model=ResNet18 ssl=simclr size=2 seed=1 labels=600 accuracy=1.9114% seconds=0.7
RUN source=CIFAR100 target=Dogs model=ResNet18 ssl=simclr size=2 seed=2 labels=600 accuracy=2.3660% seconds=0.7
RUN source=CIFAR100 target=Dogs model=ResNet18 ssl=simclr size=2 seed=3 labels=600 accuracy=1.6667% seconds=0.7
RUN source=CIFAR100 target=Dogs model=ResNet18 ssl=simclr size=2 seed=4 labels=600 accuracy=2.0163% seconds=0.7
RUN source=CIFAR100 target=Dogs model=ResNet18 ssl=simclr size=2 seed=5 labels=600 accuracy=1.8765% seconds=0.7
RUN source=CIFAR100 target=Dogs model=ResNet18 ssl=simclr size=2 seed=6 labels=600 accuracy=1.8881% seconds=0.7
RUN source=CIFAR100 target=Dogs model=ResNet18 ssl=simclr size=2 seed=7 labels=600 accuracy=1.5734% seconds=0.7
RUN source=CIFAR100 target=Dogs model=ResNet18 ssl=simclr size=2 seed=8 labels=600 accuracy=1.8881% seconds=0.7
RUN source=CIFAR100 target=Dogs model=ResNet18 ssl=simclr size=2 seed=9 labels=600 accuracy=1.7716% seconds=0.7
COMPLETE source=CIFAR100 target=Dogs model=ResNet18 n=10 mean=1.8858 std=0.21270529406941718
RUN source=CIFAR100 target=Flowers model=ResNet18 ssl=simclr size=2 seed=0 labels=10 accuracy=1.5450% seconds=0.9
RUN source=CIFAR100 target=Flowers model=ResNet18 ssl=simclr size=2 seed=1 labels=10 accuracy=1.9190% seconds=0.5
RUN source=CIFAR100 target=Flowers model=ResNet18 ssl=simclr size=2 seed=2 labels=10 accuracy=3.9519% seconds=0.5
RUN source=CIFAR100 target=Flowers model=ResNet18 ssl=simclr size=2 seed=3 labels=10 accuracy=1.6263% seconds=0.5
RUN source=CIFAR100 target=Flowers model=ResNet18 ssl=simclr size=2 seed=4 labels=10 accuracy=2.1467% seconds=0.5
RUN source=CIFAR100 target=Flowers model=ResNet18 ssl=simclr size=2 seed=5 labels=10 accuracy=2.6671% seconds=0.5
RUN source=CIFAR100 target=Flowers model=ResNet18 ssl=simclr size=2 seed=6 labels=10 accuracy=1.8052% seconds=0.5
RUN source=CIFAR100 target=Flowers model=ResNet18 ssl=simclr size=2 seed=7 labels=10 accuracy=3.0086% seconds=0.5
RUN source=CIFAR100 target=Flowers model=ResNet18 ssl=simclr size=2 seed=8 labels=10 accuracy=2.3906% seconds=0.5
RUN source=CIFAR100 target=Flowers model=ResNet18 ssl=simclr size=2 seed=9 labels=10 accuracy=1.3336% seconds=0.5
COMPLETE source=CIFAR100 target=Flowers model=ResNet18 n=10 mean=2.2394 std=0.7964182927313086
RUN source=CIFAR100 target=Flowers model=ResNet18 ssl=simclr size=2 seed=0 labels=51 accuracy=3.0574% seconds=0.8
RUN source=CIFAR100 target=Flowers model=ResNet18 ssl=simclr size=2 seed=1 labels=51 accuracy=2.8460% seconds=0.4
RUN source=CIFAR100 target=Flowers model=ResNet18 ssl=simclr size=2 seed=2 labels=51 accuracy=4.9927% seconds=0.4
RUN source=CIFAR100 target=Flowers model=ResNet18 ssl=simclr size=2 seed=3 labels=51 accuracy=3.9356% seconds=0.4
RUN source=CIFAR100 target=Flowers model=ResNet18 ssl=simclr size=2 seed=4 labels=51 accuracy=2.9273% seconds=0.4
RUN source=CIFAR100 target=Flowers model=ResNet18 ssl=simclr size=2 seed=5 labels=51 accuracy=2.7484% seconds=0.4
RUN source=CIFAR100 target=Flowers model=ResNet18 ssl=simclr size=2 seed=6 labels=51 accuracy=3.6429% seconds=0.4
RUN source=CIFAR100 target=Flowers model=ResNet18 ssl=simclr size=2 seed=7 labels=51 accuracy=3.5128% seconds=0.4
RUN source=CIFAR100 target=Flowers model=ResNet18 ssl=simclr size=2 seed=8 labels=51 accuracy=4.5698% seconds=0.4
RUN source=CIFAR100 target=Flowers model=ResNet18 ssl=simclr size=2 seed=9 labels=51 accuracy=2.3744% seconds=0.4
COMPLETE source=CIFAR100 target=Flowers model=ResNet18 n=10 mean=3.4607 std=0.8400456705707682
