PyTorch: 2.9.1 CUDA: True GPU: NVIDIA L40S
Starting 01_lr_0p01 at Wed Oct  7 17:46:28 MDT 2026; output: /scratch/mmoslem3/MKDT/results_mina_sweep/01_lr_0p01/job_1364746
Command: python3 OT-SSL-DD/mina_IF.py --data_path /scratch/mmoslem3/data --save_path /scratch/mmoslem3/MKDT/results_mina_sweep/01_lr_0p01/job_1364746 --device cuda --lr_img 0.01 --batch_real 1024 --num_random_networks 20 --temperature 0.2 --distill_aug_strategy color_crop_cutout_flip_scale_rotate --ssl_aug_strategy color_crop_cutout_flip_scale_rotate 
Cleared all previous files from /scratch/mmoslem3/MKDT/results_mina_sweep/01_lr_0p01/job_1364746
Initializing 500 synthetic prototypes via DeepCluster K-Means on ConvNet...
Hyper-parameters: 
 {'dataset': 'CIFAR10', 'percentage': 1.0, 'data_path': '/scratch/mmoslem3/data', 'device': 'cuda', 'seed': 0, 'Iteration': 2000, 'lr_img': 0.01, 'batch_real': 1024, 'num_random_networks': 20, 'temperature': 0.2, 'random_models': 'ConvNet', 'tv_weight': 0.01, 'distill_aug_strategy': 'color_crop_cutout_flip_scale_rotate', 'distill_aug_mode': 'S', 'model': 'ConvNet', 'lr_net': 0.01, 'batch_train': 256, 'ssl_method': 'simclr', 'ssl_aug_strategy': 'color_crop_cutout_flip_scale_rotate', 'projection_dim': 128, 'barlow_lambda': 0.005, 'eval_mode': 'S', 'num_eval': 3, 'epoch_eval_train': 1200, 'label_percentage': 1.0, 'epoch_linear_train': 200, 'lr_linear': 0.1, 'batch_linear': 256, 'save_path': '/scratch/mmoslem3/MKDT/results_mina_sweep/01_lr_0p01/job_1364746', 'method': 'InformationTheoretic_IIC', 'dsa_param': <utils.ParamDiffAug object at 0x730f4d603710>, 'dsa': False}
P_net support: ConvNet
Objective: Maximize IIC Mutual Information with TV Regularization and Asymmetric Augmentation.
-------------------------
Evaluation
model_train = ConvNet, model_eval = ConvNet, iteration = 0
[2026-10-07 17:48:51] Evaluate_SSL_00: method = simclr ssl epoch = 1200 linear epoch = 0200 labeled = 1.00% train time = 53 s ssl loss = 1.657395 train loss = 0.012907 train acc = 1.0000, test acc = 0.3880
[2026-10-07 17:49:45] Evaluate_SSL_01: method = simclr ssl epoch = 1200 linear epoch = 0200 labeled = 1.00% train time = 52 s ssl loss = 1.676046 train loss = 0.011806 train acc = 1.0000, test acc = 0.3953
[2026-10-07 17:50:39] Evaluate_SSL_02: method = simclr ssl epoch = 1200 linear epoch = 0200 labeled = 1.00% train time = 53 s ssl loss = 1.648159 train loss = 0.010374 train acc = 1.0000, test acc = 0.3722
Evaluate 3 random ConvNet, mean = 0.3852 std = 0.0096
-------------------------
[2026-10-07 17:50:39] distillation begins
[2026-10-07 17:51:31] iter = 00050, neg_MI = -0.006735, pixel drift RMS = 10.39069/255, PNG values changed = 95.49037%, lr = 0.0100
[2026-10-07 17:52:24] iter = 00100, neg_MI = -0.012135, pixel drift RMS = 21.74887/255, PNG values changed = 97.31328%, lr = 0.0100
[2026-10-07 17:53:17] iter = 00150, neg_MI = -0.016336, pixel drift RMS = 31.11835/255, PNG values changed = 97.88092%, lr = 0.0099
[2026-10-07 17:54:10] iter = 00200, neg_MI = -0.017336, pixel drift RMS = 38.34243/255, PNG values changed = 98.17962%, lr = 0.0099
[2026-10-07 17:55:03] iter = 00250, neg_MI = -0.020876, pixel drift RMS = 43.84908/255, PNG values changed = 98.39180%, lr = 0.0098
-------------------------
Evaluation
model_train = ConvNet, model_eval = ConvNet, iteration = 250
[2026-10-07 17:55:56] Evaluate_SSL_00: method = simclr ssl epoch = 1200 linear epoch = 0200 labeled = 1.00% train time = 52 s ssl loss = 1.910978 train loss = 0.014394 train acc = 1.0000, test acc = 0.4157
[2026-10-07 17:56:50] Evaluate_SSL_01: method = simclr ssl epoch = 1200 linear epoch = 0200 labeled = 1.00% train time = 52 s ssl loss = 1.986223 train loss = 0.012535 train acc = 1.0000, test acc = 0.4282
[2026-10-07 17:57:44] Evaluate_SSL_02: method = simclr ssl epoch = 1200 linear epoch = 0200 labeled = 1.00% train time = 52 s ssl loss = 2.010633 train loss = 0.015454 train acc = 1.0000, test acc = 0.3912
Evaluate 3 random ConvNet, mean = 0.4117 std = 0.0154
-------------------------
[2026-10-07 17:58:37] iter = 00300, neg_MI = -0.023538, pixel drift RMS = 47.90652/255, PNG values changed = 98.53327%, lr = 0.0097
[2026-10-07 17:59:30] iter = 00350, neg_MI = -0.021685, pixel drift RMS = 50.88226/255, PNG values changed = 98.61953%, lr = 0.0096
[2026-10-07 18:00:22] iter = 00400, neg_MI = -0.026455, pixel drift RMS = 53.07099/255, PNG values changed = 98.69180%, lr = 0.0095
[2026-10-07 18:01:15] iter = 00450, neg_MI = -0.023546, pixel drift RMS = 54.75714/255, PNG values changed = 98.75208%, lr = 0.0094
[2026-10-07 18:02:08] iter = 00500, neg_MI = -0.023818, pixel drift RMS = 56.07635/255, PNG values changed = 98.80104%, lr = 0.0093
-------------------------
Evaluation
model_train = ConvNet, model_eval = ConvNet, iteration = 500
[2026-10-07 18:03:02] Evaluate_SSL_00: method = simclr ssl epoch = 1200 linear epoch = 0200 labeled = 1.00% train time = 52 s ssl loss = 2.114848 train loss = 0.015895 train acc = 1.0000, test acc = 0.4064
[2026-10-07 18:03:55] Evaluate_SSL_01: method = simclr ssl epoch = 1200 linear epoch = 0200 labeled = 1.00% train time = 52 s ssl loss = 2.007678 train loss = 0.011207 train acc = 1.0000, test acc = 0.4240
[2026-10-07 18:04:49] Evaluate_SSL_02: method = simclr ssl epoch = 1200 linear epoch = 0200 labeled = 1.00% train time = 52 s ssl loss = 2.006492 train loss = 0.015428 train acc = 1.0000, test acc = 0.3906
Evaluate 3 random ConvNet, mean = 0.4070 std = 0.0136
-------------------------
[2026-10-07 18:05:42] iter = 00550, neg_MI = -0.023726, pixel drift RMS = 57.12521/255, PNG values changed = 98.86491%, lr = 0.0091
[2026-10-07 18:06:34] iter = 00600, neg_MI = -0.022050, pixel drift RMS = 58.00881/255, PNG values changed = 98.88386%, lr = 0.0090
[2026-10-07 18:07:27] iter = 00650, neg_MI = -0.024777, pixel drift RMS = 58.77521/255, PNG values changed = 98.90703%, lr = 0.0088
[2026-10-07 18:08:20] iter = 00700, neg_MI = -0.022457, pixel drift RMS = 59.43439/255, PNG values changed = 98.94492%, lr = 0.0086
[2026-10-07 18:09:13] iter = 00750, neg_MI = -0.026766, pixel drift RMS = 60.00667/255, PNG values changed = 98.94453%, lr = 0.0085
-------------------------
Evaluation
model_train = ConvNet, model_eval = ConvNet, iteration = 750
[2026-10-07 18:10:07] Evaluate_SSL_00: method = simclr ssl epoch = 1200 linear epoch = 0200 labeled = 1.00% train time = 53 s ssl loss = 2.172119 train loss = 0.015237 train acc = 1.0000, test acc = 0.3992
[2026-10-07 18:11:00] Evaluate_SSL_01: method = simclr ssl epoch = 1200 linear epoch = 0200 labeled = 1.00% train time = 52 s ssl loss = 2.104128 train loss = 0.013792 train acc = 1.0000, test acc = 0.4148
[2026-10-07 18:11:54] Evaluate_SSL_02: method = simclr ssl epoch = 1200 linear epoch = 0200 labeled = 1.00% train time = 52 s ssl loss = 2.114654 train loss = 0.016328 train acc = 1.0000, test acc = 0.3990
Evaluate 3 random ConvNet, mean = 0.4043 std = 0.0074
-------------------------
[2026-10-07 18:12:47] iter = 00800, neg_MI = -0.025811, pixel drift RMS = 60.51066/255, PNG values changed = 98.94876%, lr = 0.0083
[2026-10-07 18:13:40] iter = 00850, neg_MI = -0.026027, pixel drift RMS = 60.96580/255, PNG values changed = 98.97357%, lr = 0.0081
[2026-10-07 18:14:33] iter = 00900, neg_MI = -0.025433, pixel drift RMS = 61.36691/255, PNG values changed = 98.97422%, lr = 0.0079
[2026-10-07 18:15:27] iter = 00950, neg_MI = -0.021703, pixel drift RMS = 61.68723/255, PNG values changed = 98.99831%, lr = 0.0077
[2026-10-07 18:16:19] iter = 01000, neg_MI = -0.023892, pixel drift RMS = 61.96842/255, PNG values changed = 98.99257%, lr = 0.0075
-------------------------
Evaluation
model_train = ConvNet, model_eval = ConvNet, iteration = 1000
[2026-10-07 18:17:13] Evaluate_SSL_00: method = simclr ssl epoch = 1200 linear epoch = 0200 labeled = 1.00% train time = 52 s ssl loss = 2.274384 train loss = 0.016663 train acc = 1.0000, test acc = 0.4041
[2026-10-07 18:18:07] Evaluate_SSL_01: method = simclr ssl epoch = 1200 linear epoch = 0200 labeled = 1.00% train time = 52 s ssl loss = 2.102553 train loss = 0.010345 train acc = 1.0000, test acc = 0.4153
[2026-10-07 18:19:00] Evaluate_SSL_02: method = simclr ssl epoch = 1200 linear epoch = 0200 labeled = 1.00% train time = 52 s ssl loss = 2.139068 train loss = 0.012324 train acc = 1.0000, test acc = 0.3910
Evaluate 3 random ConvNet, mean = 0.4035 std = 0.0099
-------------------------
[2026-10-07 18:19:53] iter = 01050, neg_MI = -0.022417, pixel drift RMS = 62.23124/255, PNG values changed = 98.99616%, lr = 0.0073
[2026-10-07 18:20:45] iter = 01100, neg_MI = -0.025460, pixel drift RMS = 62.46532/255, PNG values changed = 99.01907%, lr = 0.0071
[2026-10-07 18:21:39] iter = 01150, neg_MI = -0.024607, pixel drift RMS = 62.68412/255, PNG values changed = 99.00963%, lr = 0.0069
[2026-10-07 18:22:32] iter = 01200, neg_MI = -0.028136, pixel drift RMS = 62.88154/255, PNG values changed = 99.02552%, lr = 0.0067
[2026-10-07 18:23:25] iter = 01250, neg_MI = -0.024901, pixel drift RMS = 63.07924/255, PNG values changed = 99.02852%, lr = 0.0065
-------------------------
Evaluation
model_train = ConvNet, model_eval = ConvNet, iteration = 1250
[2026-10-07 18:24:19] Evaluate_SSL_00: method = simclr ssl epoch = 1200 linear epoch = 0200 labeled = 1.00% train time = 52 s ssl loss = 2.387302 train loss = 0.017154 train acc = 1.0000, test acc = 0.3885
[2026-10-07 18:25:13] Evaluate_SSL_01: method = simclr ssl epoch = 1200 linear epoch = 0200 labeled = 1.00% train time = 52 s ssl loss = 2.358132 train loss = 0.010733 train acc = 1.0000, test acc = 0.4027
[2026-10-07 18:26:06] Evaluate_SSL_02: method = simclr ssl epoch = 1200 linear epoch = 0200 labeled = 1.00% train time = 52 s ssl loss = 2.361748 train loss = 0.013864 train acc = 1.0000, test acc = 0.3824
Evaluate 3 random ConvNet, mean = 0.3912 std = 0.0085
-------------------------
[2026-10-07 18:26:59] iter = 01300, neg_MI = -0.022879, pixel drift RMS = 63.24345/255, PNG values changed = 99.03027%, lr = 0.0064
[2026-10-07 18:27:52] iter = 01350, neg_MI = -0.025000, pixel drift RMS = 63.39998/255, PNG values changed = 99.03099%, lr = 0.0062
[2026-10-07 18:28:44] iter = 01400, neg_MI = -0.023969, pixel drift RMS = 63.53940/255, PNG values changed = 99.02617%, lr = 0.0060
[2026-10-07 18:29:37] iter = 01450, neg_MI = -0.030198, pixel drift RMS = 63.67638/255, PNG values changed = 99.02070%, lr = 0.0059
[2026-10-07 18:30:30] iter = 01500, neg_MI = -0.026684, pixel drift RMS = 63.80194/255, PNG values changed = 99.03398%, lr = 0.0057
-------------------------
Evaluation
model_train = ConvNet, model_eval = ConvNet, iteration = 1500
[2026-10-07 18:31:24] Evaluate_SSL_00: method = simclr ssl epoch = 1200 linear epoch = 0200 labeled = 1.00% train time = 52 s ssl loss = 2.373453 train loss = 0.016331 train acc = 1.0000, test acc = 0.3899
[2026-10-07 18:32:17] Evaluate_SSL_01: method = simclr ssl epoch = 1200 linear epoch = 0200 labeled = 1.00% train time = 52 s ssl loss = 2.570643 train loss = 0.011720 train acc = 1.0000, test acc = 0.3994
[2026-10-07 18:33:11] Evaluate_SSL_02: method = simclr ssl epoch = 1200 linear epoch = 0200 labeled = 1.00% train time = 52 s ssl loss = 2.430661 train loss = 0.013318 train acc = 1.0000, test acc = 0.3738
Evaluate 3 random ConvNet, mean = 0.3877 std = 0.0106
-------------------------
[2026-10-07 18:34:04] iter = 01550, neg_MI = -0.024336, pixel drift RMS = 63.92246/255, PNG values changed = 99.03815%, lr = 0.0056
[2026-10-07 18:34:57] iter = 01600, neg_MI = -0.023606, pixel drift RMS = 64.03075/255, PNG values changed = 99.03659%, lr = 0.0055
[2026-10-07 18:35:50] iter = 01650, neg_MI = -0.027149, pixel drift RMS = 64.14689/255, PNG values changed = 99.06269%, lr = 0.0054
[2026-10-07 18:36:43] iter = 01700, neg_MI = -0.026188, pixel drift RMS = 64.24342/255, PNG values changed = 99.04050%, lr = 0.0053
[2026-10-07 18:37:36] iter = 01750, neg_MI = -0.023181, pixel drift RMS = 64.34461/255, PNG values changed = 99.04609%, lr = 0.0052
-------------------------
Evaluation
model_train = ConvNet, model_eval = ConvNet, iteration = 1750
[2026-10-07 18:38:29] Evaluate_SSL_00: method = simclr ssl epoch = 1200 linear epoch = 0200 labeled = 1.00% train time = 52 s ssl loss = 2.399188 train loss = 0.015474 train acc = 1.0000, test acc = 0.3816
[2026-10-07 18:39:23] Evaluate_SSL_01: method = simclr ssl epoch = 1200 linear epoch = 0200 labeled = 1.00% train time = 52 s ssl loss = 2.308311 train loss = 0.012905 train acc = 1.0000, test acc = 0.4042
[2026-10-07 18:40:16] Evaluate_SSL_02: method = simclr ssl epoch = 1200 linear epoch = 0200 labeled = 1.00% train time = 52 s ssl loss = 2.592865 train loss = 0.014042 train acc = 1.0000, test acc = 0.3607
Evaluate 3 random ConvNet, mean = 0.3822 std = 0.0178
-------------------------
[2026-10-07 18:41:09] iter = 01800, neg_MI = -0.023624, pixel drift RMS = 64.44078/255, PNG values changed = 99.04485%, lr = 0.0051
[2026-10-07 18:42:02] iter = 01850, neg_MI = -0.028042, pixel drift RMS = 64.53815/255, PNG values changed = 99.05195%, lr = 0.0051
[2026-10-07 18:42:54] iter = 01900, neg_MI = -0.026378, pixel drift RMS = 64.62254/255, PNG values changed = 99.06654%, lr = 0.0050
[2026-10-07 18:43:47] iter = 01950, neg_MI = -0.026907, pixel drift RMS = 64.70557/255, PNG values changed = 99.06960%, lr = 0.0050
[2026-10-07 18:44:40] iter = 02000, neg_MI = -0.023912, pixel drift RMS = 64.79506/255, PNG values changed = 99.06185%, lr = 0.0050
-------------------------
Evaluation
model_train = ConvNet, model_eval = ConvNet, iteration = 2000
[2026-10-07 18:45:34] Evaluate_SSL_00: method = simclr ssl epoch = 1200 linear epoch = 0200 labeled = 1.00% train time = 52 s ssl loss = 2.488330 train loss = 0.015653 train acc = 1.0000, test acc = 0.3829
[2026-10-07 18:46:27] Evaluate_SSL_01: method = simclr ssl epoch = 1200 linear epoch = 0200 labeled = 1.00% train time = 52 s ssl loss = 2.649700 train loss = 0.017318 train acc = 1.0000, test acc = 0.3812
[2026-10-07 18:47:20] Evaluate_SSL_02: method = simclr ssl epoch = 1200 linear epoch = 0200 labeled = 1.00% train time = 52 s ssl loss = 2.366591 train loss = 0.015488 train acc = 1.0000, test acc = 0.3709
Evaluate 3 random ConvNet, mean = 0.3783 std = 0.0053
-------------------------
Saved synthetic data to /scratch/mmoslem3/MKDT/results_mina_sweep/01_lr_0p01/job_1364746/res_IIC_CIFAR10_ConvNet_1percent.pt
Finished 01_lr_0p01 at Wed Oct  7 18:47:21 MDT 2026
